Component: ARM Compiler 5.06 update 7 (build 960) Tool: armlink [4d3601]

==============================================================================

Section Cross References

    startup_stm32h750xx.o(RESET) refers to startup_stm32h750xx.o(STACK) for __initial_sp
    startup_stm32h750xx.o(RESET) refers to startup_stm32h750xx.o(.text) for Reset_Handler
    startup_stm32h750xx.o(RESET) refers to stm32h7xx_it.o(i.NMI_Handler) for NMI_Handler
    startup_stm32h750xx.o(RESET) refers to stm32h7xx_it.o(i.HardFault_Handler) for HardFault_Handler
    startup_stm32h750xx.o(RESET) refers to stm32h7xx_it.o(i.MemManage_Handler) for MemManage_Handler
    startup_stm32h750xx.o(RESET) refers to stm32h7xx_it.o(i.BusFault_Handler) for BusFault_Handler
    startup_stm32h750xx.o(RESET) refers to stm32h7xx_it.o(i.UsageFault_Handler) for UsageFault_Handler
    startup_stm32h750xx.o(RESET) refers to stm32h7xx_it.o(i.SVC_Handler) for SVC_Handler
    startup_stm32h750xx.o(RESET) refers to stm32h7xx_it.o(i.DebugMon_Handler) for DebugMon_Handler
    startup_stm32h750xx.o(RESET) refers to stm32h7xx_it.o(i.PendSV_Handler) for PendSV_Handler
    startup_stm32h750xx.o(RESET) refers to systick.o(i.SysTick_Handler) for SysTick_Handler
    startup_stm32h750xx.o(RESET) refers to usart.o(i.USART2_IRQHandler) for USART2_IRQHandler
    startup_stm32h750xx.o(RESET) refers to stm32h7xx_it.o(i.OTG_FS_IRQHandler) for OTG_FS_IRQHandler
    startup_stm32h750xx.o(.text) refers to system_stm32h7xx.o(i.SystemInit) for SystemInit
    startup_stm32h750xx.o(.text) refers to entry.o(.ARM.Collect$$$$00000000) for __main
    main.o(i.SystemClock_Config) refers to memseta.o(.text) for __aeabi_memclr4
    main.o(i.SystemClock_Config) refers to stm32h7xx_hal_pwr_ex.o(i.HAL_PWREx_ConfigSupply) for HAL_PWREx_ConfigSupply
    main.o(i.SystemClock_Config) refers to stm32h7xx_hal_rcc.o(i.HAL_RCC_OscConfig) for HAL_RCC_OscConfig
    main.o(i.SystemClock_Config) refers to main.o(i.Error_Handler) for Error_Handler
    main.o(i.SystemClock_Config) refers to stm32h7xx_hal_rcc.o(i.HAL_RCC_ClockConfig) for HAL_RCC_ClockConfig
    main.o(i.main) refers to stm32h7xx_hal.o(i.HAL_Init) for HAL_Init
    main.o(i.main) refers to main.o(i.SystemClock_Config) for SystemClock_Config
    main.o(i.main) refers to myos.o(i.myOs_DevInit) for myOs_DevInit
    main.o(i.main) refers to usb_host.o(i.MX_USB_HOST_Process) for MX_USB_HOST_Process
    main.o(i.main) refers to printf4.o(i.__0printf$4) for __2printf
    stm32h7xx_it.o(i.OTG_FS_IRQHandler) refers to stm32h7xx_hal_hcd.o(i.HAL_HCD_IRQHandler) for HAL_HCD_IRQHandler
    stm32h7xx_it.o(i.OTG_FS_IRQHandler) refers to usbh_conf.o(.bss) for hhcd_USB_OTG_FS
    stm32h7xx_hal_msp.o(i.HAL_I2C_MspDeInit) refers to stm32h7xx_hal_gpio.o(i.HAL_GPIO_DeInit) for HAL_GPIO_DeInit
    stm32h7xx_hal_msp.o(i.HAL_I2C_MspInit) refers to memseta.o(.text) for __aeabi_memclr4
    stm32h7xx_hal_msp.o(i.HAL_I2C_MspInit) refers to stm32h7xx_hal_rcc_ex.o(i.HAL_RCCEx_PeriphCLKConfig) for HAL_RCCEx_PeriphCLKConfig
    stm32h7xx_hal_msp.o(i.HAL_I2C_MspInit) refers to main.o(i.Error_Handler) for Error_Handler
    stm32h7xx_hal_msp.o(i.HAL_I2C_MspInit) refers to stm32h7xx_hal_gpio.o(i.HAL_GPIO_Init) for HAL_GPIO_Init
    stm32h7xx_hal_msp.o(i.HAL_LTDC_MspDeInit) refers to stm32h7xx_hal_gpio.o(i.HAL_GPIO_DeInit) for HAL_GPIO_DeInit
    stm32h7xx_hal_msp.o(i.HAL_LTDC_MspInit) refers to memseta.o(.text) for __aeabi_memclr4
    stm32h7xx_hal_msp.o(i.HAL_LTDC_MspInit) refers to stm32h7xx_hal_rcc_ex.o(i.HAL_RCCEx_PeriphCLKConfig) for HAL_RCCEx_PeriphCLKConfig
    stm32h7xx_hal_msp.o(i.HAL_LTDC_MspInit) refers to main.o(i.Error_Handler) for Error_Handler
    stm32h7xx_hal_msp.o(i.HAL_LTDC_MspInit) refers to stm32h7xx_hal_gpio.o(i.HAL_GPIO_Init) for HAL_GPIO_Init
    stm32h7xx_hal_msp.o(i.HAL_TIM_MspPostInit) refers to memseta.o(.text) for __aeabi_memclr4
    stm32h7xx_hal_msp.o(i.HAL_TIM_MspPostInit) refers to stm32h7xx_hal_gpio.o(i.HAL_GPIO_Init) for HAL_GPIO_Init
    stm32h7xx_hal_msp.o(i.HAL_UART_MspDeInit) refers to stm32h7xx_hal_gpio.o(i.HAL_GPIO_DeInit) for HAL_GPIO_DeInit
    stm32h7xx_hal_msp.o(i.HAL_UART_MspDeInit) refers to stm32h7xx_hal_cortex.o(i.HAL_NVIC_DisableIRQ) for HAL_NVIC_DisableIRQ
    stm32h7xx_hal_msp.o(i.HAL_UART_MspInit) refers to memseta.o(.text) for __aeabi_memclr4
    stm32h7xx_hal_msp.o(i.HAL_UART_MspInit) refers to stm32h7xx_hal_rcc_ex.o(i.HAL_RCCEx_PeriphCLKConfig) for HAL_RCCEx_PeriphCLKConfig
    stm32h7xx_hal_msp.o(i.HAL_UART_MspInit) refers to main.o(i.Error_Handler) for Error_Handler
    stm32h7xx_hal_msp.o(i.HAL_UART_MspInit) refers to stm32h7xx_hal_gpio.o(i.HAL_GPIO_Init) for HAL_GPIO_Init
    stm32h7xx_hal_msp.o(i.HAL_UART_MspInit) refers to stm32h7xx_hal_cortex.o(i.HAL_NVIC_SetPriority) for HAL_NVIC_SetPriority
    stm32h7xx_hal_msp.o(i.HAL_UART_MspInit) refers to stm32h7xx_hal_cortex.o(i.HAL_NVIC_EnableIRQ) for HAL_NVIC_EnableIRQ
[...]
    MX_USB_HOST_Process                      0x080079bd   Thumb Code    10  usb_host.o(i.MX_USB_HOST_Process)
    MasterSrcRecall                          0x080079cd   Thumb Code    60  btnfunc.o(i.MasterSrcRecall)
    MemManage_Handler                        0x08007a15   Thumb Code     4  stm32h7xx_it.o(i.MemManage_Handler)
    Mount_USB                                0x08007a19   Thumb Code    38  file.o(i.Mount_USB)
    NMI_Handler                              0x08007a8d   Thumb Code     4  stm32h7xx_it.o(i.NMI_Handler)
    OTG_FS_IRQHandler                        0x08007a91   Thumb Code    10  stm32h7xx_it.o(i.OTG_FS_IRQHandler)
    PendSV_Handler                           0x08007aa1   Thumb Code     2  stm32h7xx_it.o(i.PendSV_Handler)
    SPIBusEnter                              0x08007d6d   Thumb Code     8  spi.o(i.SPIBusEnter)
    SPIBusExit                               0x08007d79   Thumb Code     8  spi.o(i.SPIBusExit)
    SPI_BusInit                              0x08007d85   Thumb Code    22  spi.o(i.SPI_BusInit)
    SPI_Init                                 0x08007e91   Thumb Code   136  spi.o(i.SPI_Init)
    SVC_Handler                              0x08007f6d   Thumb Code     2  stm32h7xx_it.o(i.SVC_Handler)
    Scan_USB                                 0x08007f71   Thumb Code   248  file.o(i.Scan_USB)
    Send_Uart                                0x080080bd   Thumb Code    28  file.o(i.Send_Uart)
    SysTick_Handler                          0x080080dd   Thumb Code    22  systick.o(i.SysTick_Handler)
    SysTick_ISR                              0x080080f9   Thumb Code   134  systick.o(i.SysTick_ISR)
    SystemClock_Config                       0x08008199   Thumb Code   216  main.o(i.SystemClock_Config)
    SystemInit                               0x0800827d   Thumb Code   220  system_stm32h7xx.o(i.SystemInit)
    Systick_GetRunTime                       0x0800839d   Thumb Code    22  systick.o(i.Systick_GetRunTime)
    Systick_Init                             0x080083b9   Thumb Code   142  systick.o(i.Systick_Init)
    TIM_Base_SetConfig                       0x0800845d   Thumb Code   170  stm32h7xx_hal_tim.o(i.TIM_Base_SetConfig)
    TIM_CCxChannelCmd                        0x08008529   Thumb Code    34  stm32h7xx_hal_tim.o(i.TIM_CCxChannelCmd)
    TIM_ETR_SetConfig                        0x0800854b   Thumb Code    22  stm32h7xx_hal_tim.o(i.TIM_ETR_SetConfig)
    TIM_LcdBright_Config                     0x08008579   Thumb Code     8  tim.o(i.TIM_LcdBright_Config)
    TIM_LcdBright_Init                       0x08008585   Thumb Code   166  tim.o(i.TIM_LcdBright_Init)
    TIM_OC2_SetConfig                        0x080086e1   Thumb Code   156  stm32h7xx_hal_tim.o(i.TIM_OC2_SetConfig)
    TIM_Wave_InitThenRun                     0x080089dd   Thumb Code   190  tim.o(i.TIM_Wave_InitThenRun)
    UART_AdvFeatureConfig                    0x08008afd   Thumb Code   248  stm32h7xx_hal_uart.o(i.UART_AdvFeatureConfig)
    UART_CheckIdleState                      0x08008bf5   Thumb Code   118  stm32h7xx_hal_uart.o(i.UART_CheckIdleState)
    UART_SetConfig                           0x080090cd   Thumb Code  1404  stm32h7xx_hal_uart.o(i.UART_SetConfig)
    UART_Start_Receive_IT                    0x08009659   Thumb Code   256  stm32h7xx_hal_uart.o(i.UART_Start_Receive_IT)
    UART_WaitOnFlagUntilTimeout              0x08009769   Thumb Code   190  stm32h7xx_hal_uart.o(i.UART_WaitOnFlagUntilTimeout)
    USART2_IRQHandler                        0x08009829   Thumb Code    30  usart.o(i.USART2_IRQHandler)
    USBH_AllocPipe                           0x08009855   Thumb Code    42  usbh_pipes.o(i.USBH_AllocPipe)
    USBH_BulkReceiveData                     0x0800987f   Thumb Code    42  usbh_ioreq.o(i.USBH_BulkReceiveData)
    USBH_BulkSendData                        0x080098a9   Thumb Code    52  usbh_ioreq.o(i.USBH_BulkSendData)
    USBH_ClosePipe                           0x080098dd   Thumb Code    18  usbh_pipes.o(i.USBH_ClosePipe)
    USBH_ClrFeature                          0x080098ef   Thumb Code    40  usbh_ctlreq.o(i.USBH_ClrFeature)
    USBH_CtlReceiveData                      0x08009917   Thumb Code    42  usbh_ioreq.o(i.USBH_CtlReceiveData)
    USBH_CtlReq                              0x08009941   Thumb Code    84  usbh_ctlreq.o(i.USBH_CtlReq)
    USBH_CtlSendData                         0x08009995   Thumb Code    52  usbh_ioreq.o(i.USBH_CtlSendData)
    USBH_CtlSendSetup                        0x080099c9   Thumb Code    38  usbh_ioreq.o(i.USBH_CtlSendSetup)
    USBH_Delay                               0x080099ef   Thumb Code    12  usbh_conf.o(i.USBH_Delay)
    USBH_FindInterface                       0x080099fb   Thumb Code    80  usbh_core.o(i.USBH_FindInterface)
    USBH_FreePipe                            0x08009a4b   Thumb Code    30  usbh_pipes.o(i.USBH_FreePipe)
    USBH_GetDescriptor                       0x08009a69   Thumb Code    74  usbh_ctlreq.o(i.USBH_GetDescriptor)
    USBH_GetNextDesc                         0x08009adb   Thumb Code    18  usbh_ctlreq.o(i.USBH_GetNextDesc)
    USBH_Get_CfgDesc                         0x08009aed   Thumb Code    46  usbh_ctlreq.o(i.USBH_Get_CfgDesc)
    USBH_Get_DevDesc                         0x08009b1b   Thumb Code    46  usbh_ctlreq.o(i.USBH_Get_DevDesc)
    USBH_Get_StringDesc                      0x08009b49   Thumb Code    54  usbh_ctlreq.o(i.USBH_Get_StringDesc)
    USBH_Get_USB_Status                      0x08009b7f   Thumb Code    44  usbh_conf.o(i.USBH_Get_USB_Status)
    USBH_Init                                0x0800a05d   Thumb Code    72  usbh_core.o(i.USBH_Init)
    USBH_LL_ClosePipe                        0x0800a0a5   Thumb Code    38  usbh_conf.o(i.USBH_LL_ClosePipe)
    USBH_LL_Connect                          0x0800a0cb   Thumb Code    22  usbh_core.o(i.USBH_LL_Connect)
    USBH_LL_Disconnect                       0x0800a0e1   Thumb Code    46  usbh_core.o(i.USBH_LL_Disconnect)
    USBH_LL_DriverVBUS                       0x0800a10f   Thumb Code    26  usbh_conf.o(i.USBH_LL_DriverVBUS)
    USBH_LL_GetLastXferSize                  0x0800a129   Thumb Code    18  usbh_conf.o(i.USBH_LL_GetLastXferSize)
    USBH_LL_GetSpeed                         0x0800a13b   Thumb Code    48  usbh_conf.o(i.USBH_LL_GetSpeed)
    USBH_LL_GetToggle                        0x0800a16b   Thumb Code    70  usbh_conf.o(i.USBH_LL_GetToggle)
    USBH_LL_GetURBState                      0x0800a1b1   Thumb Code    18  usbh_conf.o(i.USBH_LL_GetURBState)
    USBH_LL_IncTimer                         0x0800a1c3   Thumb Code    22  usbh_core.o(i.USBH_LL_IncTimer)
    USBH_LL_Init                             0x0800a1d9   Thumb Code    80  usbh_conf.o(i.USBH_LL_Init)
    USBH_LL_OpenPipe                         0x0800a231   Thumb Code    64  usbh_conf.o(i.USBH_LL_OpenPipe)
    USBH_LL_PortDisabled                     0x0800a271   Thumb Code     8  usbh_core.o(i.USBH_LL_PortDisabled)
    USBH_LL_PortEnabled                      0x0800a279   Thumb Code     8  usbh_core.o(i.USBH_LL_PortEnabled)
    USBH_LL_ResetPort                        0x0800a281   Thumb Code    30  usbh_conf.o(i.USBH_LL_ResetPort)
    USBH_LL_SetTimer                         0x0800a29f   Thumb Code     6  usbh_core.o(i.USBH_LL_SetTimer)
    USBH_LL_SetToggle                        0x0800a2a5   Thumb Code    70  usbh_conf.o(i.USBH_LL_SetToggle)
    USBH_LL_Start                            0x0800a2eb   Thumb Code    30  usbh_conf.o(i.USBH_LL_Start)
    USBH_LL_Stop                             0x0800a309   Thumb Code    30  usbh_conf.o(i.USBH_LL_Stop)
    USBH_LL_SubmitURB                        0x0800a327   Thumb Code    64  usbh_conf.o(i.USBH_LL_SubmitURB)
    USBH_MSC_BOT_Init                        0x0800a3a5   Thumb Code    30  usbh_msc_bot.o(i.USBH_MSC_BOT_Init)
    USBH_MSC_BOT_Process                     0x0800a3cd   Thumb Code   622  usbh_msc_bot.o(i.USBH_MSC_BOT_Process)
    USBH_MSC_BOT_REQ_GetMaxLUN               0x0800a63b   Thumb Code    36  usbh_msc_bot.o(i.USBH_MSC_BOT_REQ_GetMaxLUN)
    USBH_MSC_BOT_REQ_Reset                   0x0800a65f   Thumb Code    32  usbh_msc_bot.o(i.USBH_MSC_BOT_REQ_Reset)
    USBH_MSC_GetLUNInfo                      0x0800a775   Thumb Code    56  usbh_msc.o(i.USBH_MSC_GetLUNInfo)
    USBH_MSC_Read                            0x0800afd7   Thumb Code   156  usbh_msc.o(i.USBH_MSC_Read)
    USBH_MSC_SCSI_Inquiry                    0x0800b073   Thumb Code   256  usbh_msc_scsi.o(i.USBH_MSC_SCSI_Inquiry)
    USBH_MSC_SCSI_Read                       0x0800b173   Thumb Code   166  usbh_msc_scsi.o(i.USBH_MSC_SCSI_Read)
    USBH_MSC_SCSI_ReadCapacity               0x0800b219   Thumb Code   168  usbh_msc_scsi.o(i.USBH_MSC_SCSI_ReadCapacity)
    USBH_MSC_SCSI_RequestSense               0x0800b2c1   Thumb Code   178  usbh_msc_scsi.o(i.USBH_MSC_SCSI_RequestSense)
    USBH_MSC_SCSI_TestUnitReady              0x0800b373   Thumb Code    98  usbh_msc_scsi.o(i.USBH_MSC_SCSI_TestUnitReady)
    USBH_MSC_SCSI_Write                      0x0800b3d5   Thumb Code   166  usbh_msc_scsi.o(i.USBH_MSC_SCSI_Write)
    USBH_MSC_UnitIsReady                     0x0800b481   Thumb Code    44  usbh_msc.o(i.USBH_MSC_UnitIsReady)
    USBH_MSC_Write                           0x0800b4ad   Thumb Code   156  usbh_msc.o(i.USBH_MSC_Write)
    USBH_OpenPipe                            0x0800b549   Thumb Code    42  usbh_pipes.o(i.USBH_OpenPipe)
    USBH_Process                             0x0800b721   Thumb Code   712  usbh_core.o(i.USBH_Process)
    USBH_RegisterClass                       0x0800b9e9   Thumb Code    50  usbh_core.o(i.USBH_RegisterClass)
    USBH_SelectInterface                     0x0800ba1b   Thumb Code    40  usbh_core.o(i.USBH_SelectInterface)
    USBH_SetAddress                          0x0800ba43   Thumb Code    40  usbh_ctlreq.o(i.USBH_SetAddress)
    USBH_SetCfg                              0x0800ba6b   Thumb Code    40  usbh_ctlreq.o(i.USBH_SetCfg)
    USBH_SetFeature                          0x0800ba93   Thumb Code    40  usbh_ctlreq.o(i.USBH_SetFeature)
    USBH_Start                               0x0800babb   Thumb Code    22  usbh_core.o(i.USBH_Start)
    USBH_initialize                          0x0800bb29   Thumb Code     6  usbh_diskio.o(i.USBH_initialize)
    USBH_ioctl                               0x0800bb31   Thumb Code   128  usbh_diskio.o(i.USBH_ioctl)
    USBH_read                                0x0800bbb5   Thumb Code    98  usbh_diskio.o(i.USBH_read)
    USBH_status                              0x0800bc1d   Thumb Code    26  usbh_diskio.o(i.USBH_status)
    USBH_write                               0x0800bc3d   Thumb Code   112  usbh_diskio.o(i.USBH_write)
    USB_CoreInit                             0x0800bcb1   Thumb Code   142  stm32h7xx_ll_usb.o(i.USB_CoreInit)
    USB_DisableGlobalInt                     0x0800bd95   Thumb Code    14  stm32h7xx_ll_usb.o(i.USB_DisableGlobalInt)
    USB_DoPing                               0x0800bda5   Thumb Code    64  stm32h7xx_ll_usb.o(i.USB_DoPing)
    USB_DriveVbus                            0x0800bde9   Thumb Code    74  stm32h7xx_ll_usb.o(i.USB_DriveVbus)
    USB_EnableGlobalInt                      0x0800be33   Thumb Code    14  stm32h7xx_ll_usb.o(i.USB_EnableGlobalInt)
    USB_FlushRxFifo                          0x0800be41   Thumb Code    38  stm32h7xx_ll_usb.o(i.USB_FlushRxFifo)
    USB_FlushTxFifo                          0x0800be6d   Thumb Code    44  stm32h7xx_ll_usb.o(i.USB_FlushTxFifo)
    USB_GetCurrentFrame                      0x0800be9d   Thumb Code    14  stm32h7xx_ll_usb.o(i.USB_GetCurrentFrame)
    USB_GetHostSpeed                         0x0800beab   Thumb Code    24  stm32h7xx_ll_usb.o(i.USB_GetHostSpeed)
    USB_GetMode                              0x0800bec3   Thumb Code    10  stm32h7xx_ll_usb.o(i.USB_GetMode)
    USB_HC_Halt                              0x0800becd   Thumb Code   432  stm32h7xx_ll_usb.o(i.USB_HC_Halt)
    USB_HC_Init                              0x0800c07d   Thumb Code   420  stm32h7xx_ll_usb.o(i.USB_HC_Init)
    USB_HC_ReadInterrupt                     0x0800c221   Thumb Code    14  stm32h7xx_ll_usb.o(i.USB_HC_ReadInterrupt)
    USB_HC_StartXfer                         0x0800c231   Thumb Code   458  stm32h7xx_ll_usb.o(i.USB_HC_StartXfer)
    USB_HostInit                             0x0800c401   Thumb Code   226  stm32h7xx_ll_usb.o(i.USB_HostInit)
    USB_InitFSLSPClkSel                      0x0800c4f9   Thumb Code    68  stm32h7xx_ll_usb.o(i.USB_InitFSLSPClkSel)
    USB_ReadInterrupts                       0x0800c53d   Thumb Code    10  stm32h7xx_ll_usb.o(i.USB_ReadInterrupts)
    USB_ReadPacket                           0x0800c547   Thumb Code    96  stm32h7xx_ll_usb.o(i.USB_ReadPacket)
    USB_ResetPort                            0x0800c5a7   Thumb Code    60  stm32h7xx_ll_usb.o(i.USB_ResetPort)
    USB_SetCurrentMode                       0x0800c5e3   Thumb Code    54  stm32h7xx_ll_usb.o(i.USB_SetCurrentMode)
    USB_StopHost                             0x0800c619   Thumb Code   180  stm32h7xx_ll_usb.o(i.USB_StopHost)
    USB_WritePacket                          0x0800c6cd   Thumb Code    68  stm32h7xx_ll_usb.o(i.USB_WritePacket)
    Unmount_USB                              0x0800c711   Thumb Code    38  file.o(i.Unmount_USB)
    UsageFault_Handler                       0x0800c785   Thumb Code     4  stm32h7xx_it.o(i.UsageFault_Handler)
    __0printf$4                              0x0800c789   Thumb Code    22  printf4.o(i.__0printf$4)
    __1printf$4                              0x0800c789   Thumb Code     0  printf4.o(i.__0printf$4)
    __2printf                                0x0800c789   Thumb Code     0  printf4.o(i.__0printf$4)
    __0sprintf$4                             0x0800c7a9   Thumb Code    34  printf4.o(i.__0sprintf$4)
    __1sprintf$4                             0x0800c7a9   Thumb Code     0  printf4.o(i.__0sprintf$4)
    __2sprintf                               0x0800c7a9   Thumb Code     0  printf4.o(i.__0sprintf$4)
    __ARM_fpclassify                         0x0800c7d1   Thumb Code    48  fpclassify.o(i.__ARM_fpclassify)
    __aeabi_errno_addr                       0x0800c839   Thumb Code     4  errno.o(i.__aeabi_errno_addr)
    __rt_errno_addr                          0x0800c839   Thumb Code     0  errno.o(i.__aeabi_errno_addr)
    __hardfp_sin                             0x0800c841   Thumb Code   158  sin.o(i.__hardfp_sin)
    __ieee754_rem_pio2                       0x0800c8f1   Thumb Code   646  rred.o(i.__ieee754_rem_pio2)
    __kernel_cos                             0x0800cc01   Thumb Code   182  cos_i.o(i.__kernel_cos)
    __kernel_poly                            0x0800cce1   Thumb Code   112  poly.o(i.__kernel_poly)
    __kernel_sin                             0x0800cd51   Thumb Code   144  sin_i.o(i.__kernel_sin)
    __mathlib_dbl_invalid                    0x0800cdf9   Thumb Code    10  dunder.o(i.__mathlib_dbl_invalid)
    __mathlib_dbl_underflow                  0x0800ce11   Thumb Code    10  dunder.o(i.__mathlib_dbl_underflow)
    __scatterload_copy                       0x0800ce29   Thumb Code    14  handlers.o(i.__scatterload_copy)
    __scatterload_null                       0x0800ce37   Thumb Code     2  handlers.o(i.__scatterload_null)
    __scatterload_zeroinit                   0x0800ce39   Thumb Code    14  handlers.o(i.__scatterload_zeroinit)
    __set_errno                              0x0800ce4d   Thumb Code     6  errno.o(i.__set_errno)
    analog_init                              0x0800d08f   Thumb Code    24  ctr.o(i.analog_init)
    bsp_Idle                                 0x0800d0a7   Thumb Code     2  systick.o(i.bsp_Idle)
    bsp_spiTransfer                          0x0800d0a9   Thumb Code    44  spi.o(i.bsp_spiTransfer)
    clearLcd                                 0x0800d1f5   Thumb Code   162  lcd.o(i.clearLcd)
    cmdProcess                               0x0800d311   Thumb Code   230  cmd.o(i.cmdProcess)
    delayms                                  0x0800d8a5   Thumb Code    58  systick.o(i.delayms)
    disk_initialize                          0x0800de01   Thumb Code    40  diskio.o(i.disk_initialize)
    disk_ioctl                               0x0800de2d   Thumb Code    36  diskio.o(i.disk_ioctl)
    disk_read                                0x0800de55   Thumb Code    42  diskio.o(i.disk_read)
    disk_status                              0x0800de85   Thumb Code    24  diskio.o(i.disk_status)
    disk_write                               0x0800dea1   Thumb Code    42  diskio.o(i.disk_write)
    dispStrEx                                0x0800ded1   Thumb Code   492  lcd.o(i.dispStrEx)
    drawBottomLine                           0x0800e0bd   Thumb Code   162  gui.o(i.drawBottomLine)
    drawHLine                                0x0800e169   Thumb Code    46  lcd.o(i.drawHLine)
    drawLine                                 0x0800e197   Thumb Code   230  lcd.o(i.drawLine)
    drawPoints                               0x0800e27d   Thumb Code    62  lcd.o(i.drawPoints)
    drawRect                                 0x0800e2bb   Thumb Code    84  lcd.o(i.drawRect)
    drawShutDownMsg                          0x0800e311   Thumb Code    48  gui.o(i.drawShutDownMsg)
    drawVLine                                0x0800e369   Thumb Code    46  lcd.o(i.drawVLine)
    f_close                                  0x0800e3c1   Thumb Code    44  ff.o(i.f_close)
    f_closedir                               0x0800e3ed   Thumb Code    38  ff.o(i.f_closedir)
    f_getfree                                0x0800e413   Thumb Code   252  ff.o(i.f_getfree)
    f_mount                                  0x0800e511   Thumb Code    92  ff.o(i.f_mount)
    f_open                                   0x0800e571   Thumb Code   570  ff.o(i.f_open)
    f_opendir                                0x0800e7ab   Thumb Code   152  ff.o(i.f_opendir)
    f_readdir                                0x0800e843   Thumb Code    92  ff.o(i.f_readdir)
    f_sync                                   0x0800e89f   Thumb Code   160  ff.o(i.f_sync)
    f_write                                  0x0800e93f   Thumb Code   494  ff.o(i.f_write)
    fabs                                     0x0800eb2d   Thumb Code    24  fabs.o(i.fabs)
    ff_convert                               0x0800eb45   Thumb Code   116  cc936.o(i.ff_convert)
    ff_wtoupper                              0x0800ebc1   Thumb Code   156  cc936.o(i.ff_wtoupper)
    fill_By_DMA2D                            0x0800ec65   Thumb Code   414  lcd.o(i.fill_By_DMA2D)
    fputc                                    0x0800f1b1   Thumb Code    26  usart.o(i.fputc)
    free                                     0x0800f1d1   Thumb Code    76  malloc.o(i.free)
    getFontHeight                            0x0800f2ed   Thumb Code    66  lcd.o(i.getFontHeight)
    getFontWidth                             0x0800f32f   Thumb Code    66  lcd.o(i.getFontWidth)
    getStrWidth                              0x0800f371   Thumb Code   178  lcd.o(i.getStrWidth)
    get_fattime                              0x0800f511   Thumb Code     4  fatfs.o(i.get_fattime)
    main                                     0x0800f7b9   Thumb Code    26  main.o(i.main)
    malloc                                   0x0800f7dd   Thumb Code    92  malloc.o(i.malloc)
    menuRecall                               0x0800f899   Thumb Code   570  cmd.o(i.menuRecall)
    myOS_100ms_Func                          0x0800fb45   Thumb Code     8  myos.o(i.myOS_100ms_Func)
    myOS_10ms_Func                           0x0800fb4d   Thumb Code     2  myos.o(i.myOS_10ms_Func)
    myOS_1ms_Func                            0x0800fb4f   Thumb Code     2  myos.o(i.myOS_1ms_Func)
    myOS_InitTasks                           0x0800fb51   Thumb Code    46  myos.o(i.myOS_InitTasks)
    myOS_ProcessTasks                        0x0800fb9d   Thumb Code    78  myos.o(i.myOS_ProcessTasks)
    myOS_RegisterTask                        0x0800fbf5   Thumb Code    34  myos.o(i.myOS_RegisterTask)
    myOS_ShutDown                            0x0800fc1d   Thumb Code    10  power.o(i.myOS_ShutDown)
    myOS_checkShutDown                       0x0800fc29   Thumb Code   156  power.o(i.myOS_checkShutDown)
    myOs_DevInit                             0x0800fcd5   Thumb Code    96  myos.o(i.myOs_DevInit)
    screenRecall                             0x08010195   Thumb Code    38  cmd.o(i.screenRecall)
    setLcdDirection                          0x080101c5   Thumb Code     6  lcd.o(i.setLcdDirection)
    setPixel                                 0x080101d1   Thumb Code   118  lcd.o(i.setPixel)
    shiftContext                             0x0801024d   Thumb Code    52  btnfunc.o(i.shiftContext)
    snapShot                                 0x08010281   Thumb Code   276  bmp.o(i.snapShot)
    test01                                   0x08010501   Thumb Code    36  gui.o(i.test01)
    UARTPrescTable                           0x08010568   Data          24  stm32h7xx_hal_uart.o(.constdata)
    D1CorePrescTable                         0x08010590   Data          16  system_stm32h7xx.o(.constdata)
    g_Ascii12                                0x080105af   Data        1524  asc12.o(.constdata)
    g_Ascii16                                0x08010ba3   Data        4096  asc16.o(.constdata)
    g_Ascii24                                0x08011ba3   Data        3187  asc24.o(.constdata)
    g_Ascii32                                0x08012816   Data         652  asc32.o(.constdata)
    g_Hz12                                   0x08012aa2   Data           2  hz12.o(.constdata)
    g_Hz16                                   0x08012aa4   Data           2  hz16.o(.constdata)
    g_Hz24                                   0x08012aa6   Data         446  hz24.o(.constdata)
    g_Hz32                                   0x08012c64   Data           2  hz32.o(.constdata)
    g_RA8875_Ascii12_width                   0x08012c66   Data          96  ra8875_asc_width.o(.constdata)
    g_RA8875_Ascii16_width                   0x08012cc6   Data          96  ra8875_asc_width.o(.constdata)
    g_RA8875_Ascii24_width                   0x08012d26   Data          96  ra8875_asc_width.o(.constdata)
    g_RA8875_Ascii32_width                   0x08012d86   Data          96  ra8875_asc_width.o(.constdata)
    USBH_Driver                              0x0803d9c8   Data          20  usbh_diskio.o(.constdata)
    __ctype_table                            0x0803db00   Data         129  ctype_o.o(.constdata)
    Region$$Table$$Base                      0x0803dba4   Number         0  anon$$obj.o(Region$$Table)
    Region$$Table$$Limit                     0x0803dbc4   Number         0  anon$$obj.o(Region$$Table)
    uwTick                                   0x20000000   Data           4  stm32h7xx_hal.o(.data)
    uwTickPrio                               0x20000004   Data           4  stm32h7xx_hal.o(.data)
    uwTickFreq                               0x20000008   Data           1  stm32h7xx_hal.o(.data)
    SystemCoreClock                          0x2000000c   Data           4  system_stm32h7xx.o(.data)
    SystemD2Clock                            0x20000010   Data           4  system_stm32h7xx.o(.data)
    g_spiLen                                 0x20000020   Data           4  spi.o(.data)
    g_spi_busy                               0x20000024   Data           1  spi.o(.data)
    wTransferState                           0x20000028   Data           4  spi.o(.data)
    runTime                                  0x20000034   Data           4  systick.o(.data)
    rxBuffer                                 0x2000003c   Data           1  usart.o(.data)
    rxStatus                                 0x2000003e   Data           2  usart.o(.data)
    isReceived                               0x20000040   Data           1  usart.o(.data)
    osc_color_table                          0x20000044   Data        1024  lcd.o(.data)
    myLcd                                    0x20000444   Data          32  lcd.o(.data)
    isInitGUI                                0x20000464   Data           1  gui.o(.data)
    curFrame                                 0x20000465   Data           1  gui.o(.data)
    curMenu                                  0x20000468   Data           4  gui.o(.data)
    isMenuChanged                            0x2000046c   Data           1  gui.o(.data)
    flagMenuShow                             0x2000046d   Data           1  gui.o(.data)
    gridStartY                               0x2000046e   Data           2  gui.o(.data)
    gridStartX                               0x20000470   Data           2  gui.o(.data)
    gridEndX                                 0x20000472   Data           2  gui.o(.data)
    gridEndY                                 0x20000474   Data           2  gui.o(.data)
    gapX                                     0x20000476   Data           1  gui.o(.data)
    gapY                                     0x20000477   Data           1  gui.o(.data)
    menu                                     0x20000478   Data        1792  gui.o(.data)
    bottomStruct                             0x20000b78   Data         165  gui.o(.data)
    menuFont                                 0x20000c1e   Data           8  gui.o(.data)
    fresult                                  0x20000c28   Data           1  file.o(.data)
    br                                       0x20000c2c   Data           4  file.o(.data)
    bw                                       0x20000c30   Data           4  file.o(.data)
    pUSBHFatFS                               0x20000c34   Data           4  file.o(.data)
    fre_clust                                0x20000c38   Data           4  file.o(.data)
    total                                    0x20000c3c   Data           4  file.o(.data)
    free_space                               0x20000c40   Data           4  file.o(.data)
    cmdStruct                                0x20000c44   Data          32  cmd.o(.data)
    isDown                                   0x20000c65   Data           1  power.o(.data)
    sss                                      0x20000c68   Data           1  myos.o(.data)
    taskNum                                  0x20000c69   Data           1  myos.o(.data)
    USBH_msc                                 0x20000c74   Data          32  usbh_msc.o(.data)
    retUSBH                                  0x20000c94   Data           1  fatfs.o(.data)
    USBHPath                                 0x20000c95   Data           4  fatfs.o(.data)
    Appli_state                              0x20000c99   Data           1  usb_host.o(.data)
    __stdout                                 0x20000ca0   Data           4  stdout.o(.data)
    __microlib_freelist                      0x20000ca4   Data           4  mvars.o(.data)
    __microlib_freelist_initialised          0x20000ca8   Data           4  mvars.o(.data)
    hltdc                                    0x20000cb0   Data         168  ltdc.o(.bss)
    htim2                                    0x20000d58   Data          76  tim.o(.bss)
    htim3                                    0x20000da4   Data          76  tim.o(.bss)
    htim5                                    0x20000df0   Data          76  tim.o(.bss)
    g_spiTxBuf                               0x20000fb4   Data        4096  spi.o(.bss)
    g_spiRxBuf                               0x20001fb4   Data        4096  spi.o(.bss)
    dataBuffer                               0x20002fe4   Data         100  usart.o(.bss)
    huart2                                   0x20003048   Data         144  usart.o(.bss)
    FlashInfo                                0x200030d8   Data          28  flash.o(.bss)
    USBHfno                                  0x200040f4   Data         280  file.o(.bss)
    taskStruct                               0x2000420c   Data         384  myos.o(.bss)
    disk                                     0x200043ac   Data          12  ff_gen_drv.o(.bss)
    USBHFatFS                                0x200043b8   Data         564  fatfs.o(.bss)
    USBHFile                                 0x200045ec   Data         560  fatfs.o(.bss)
    hhcd_USB_OTG_FS                          0x2000481c   Data         772  usbh_conf.o(.bss)
    hUsbHostFS                               0x20004b20   Data         984  usb_host.o(.bss)
    __heap_base                              0x20004ef8   Data           0  startup_stm32h750xx.o(HEAP)
    __heap_limit                             0x200050f8   Data           0  startup_stm32h750xx.o(HEAP)
    __initial_sp                             0x200058f8   Data           0  startup_stm32h750xx.o(STACK)
    Layer1Buffer                             0x24000000   Data       384000  lcd.o(.ARM.__AT_0x24000000)



==============================================================================

Memory Map of the image

  Image Entry point : 0x08000299

  Load Region LR_IROM1 (Base: 0x08000000, Size: 0x0003e874, Max: 0x00080000, ABSOLUTE, COMPRESSED[0x0003dd7c])

    Execution Region ER_IROM1 (Exec base: 0x08000000, Load base: 0x08000000, Size: 0x0003dbc4, Max: 0x00080000, ABSOLUTE)

    Exec Addr    Load Addr    Size         Type   Attr      Idx    E Section Name        Object

    0x08000000   0x08000000   0x00000298   Data   RO            3    RESET               startup_stm32h750xx.o
    0x08000298   0x08000298   0x00000000   Code   RO         8887  * .ARM.Collect$$$$00000000  mc_w.l(entry.o)
    0x08000298   0x08000298   0x00000004   Code   RO         9231    .ARM.Collect$$$$00000001  mc_w.l(entry2.o)
    0x0800029c   0x0800029c   0x00000004   Code   RO         9234    .ARM.Collect$$$$00000004  mc_w.l(entry5.o)
    0x080002a0   0x080002a0   0x00000000   Code   RO         9236    .ARM.Collect$$$$00000008  mc_w.l(entry7b.o)
    0x080002a0   0x080002a0   0x00000000   Code   RO         9238    .ARM.Collect$$$$0000000A  mc_w.l(entry8b.o)
    0x080002a0   0x080002a0   0x00000008   Code   RO         9239    .ARM.Collect$$$$0000000B  mc_w.l(entry9a.o)
    0x080002a8   0x080002a8   0x00000004   Code   RO         9246    .ARM.Collect$$$$0000000E  mc_w.l(entry12b.o)
    0x080002ac   0x080002ac   0x00000000   Code   RO         9241    .ARM.Collect$$$$0000000F  mc_w.l(entry10a.o)
    0x080002ac   0x080002ac   0x00000000   Code   RO         9243    .ARM.Collect$$$$00000011  mc_w.l(entry11a.o)
    0x080002ac   0x080002ac   0x00000004   Code   RO         9232    .ARM.Collect$$$$00002712  mc_w.l(entry2.o)
    0x080002b0   0x080002b0   0x00000024   Code   RO            4    .text               startup_stm32h750xx.o
    0x080002d4   0x080002d4   0x00000062   Code   RO         8890    .text               mc_w.l(uldiv.o)
    0x08000336   0x08000336   0x00000024   Code   RO         8892    .text               mc_w.l(memcpya.o)
    0x0800035a   0x0800035a   0x00000024   Code   RO         8894    .text               mc_w.l(memseta.o)
    0x0800037e   0x0800037e   0x0000000e   Code   RO         8896    .text               mc_w.l(strlen.o)
    0x0800038c   0x0800038c   0x0000001c   Code   RO         8898    .text               mc_w.l(strcmp.o)
    0x080003a8   0x080003a8   0x0000001a   Code   RO         8900    .text               mc_w.l(memcmp.o)
    0x080003c2   0x080003c2   0x00000012   Code   RO         8902    .text               mc_w.l(strcpy.o)
    0x080003d4   0x080003d4   0x00000044   Code   RO         8904    .text               mc_w.l(strtok.o)
    0x08000418   0x08000418   0x0000001a   Code   RO         9201    .text               mc_w.l(atoi.o)
    0x08000432   0x08000432   0x0000001e   Code   RO         9250    .text               mc_w.l(llshl.o)
    0x08000450   0x08000450   0x00000020   Code   RO         9252    .text               mc_w.l(llushr.o)
    0x08000470   0x08000470   0x00000070   Code   RO         9263    .text               mc_w.l(strtol.o)
    0x080004e0   0x080004e0   0x00000000   Code   RO         9265    .text               mc_w.l(iusefp.o)
    0x080004e0   0x080004e0   0x00000024   Code   RO         9286    .text               mc_w.l(init.o)
    0x08000504   0x08000504   0x00000008   Code   RO         9290    .text               mc_w.l(ctype_o.o)
    0x0800050c   0x0800050c   0x0000009e   Code   RO         9318    .text               mc_w.l(_strtoul.o)
    0x080005aa   0x080005aa   0x0000001c   Code   RO         9322    .text               mc_w.l(_chval.o)
    0x080005c6   0x080005c6   0x00000056   Code   RO         9332    .text               mc_w.l(__dczerorl2.o)
    0x0800061c   0x0800061c   0x00000004   Code   RO          325    i.BusFault_Handler  stm32h7xx_it.o
    0x08000620   0x08000620   0x00000030   Code   RO         6801    i.CHA_calibrate     ctr.o
    0x08000650   0x08000650   0x00000030   Code   RO         6802    i.CHA_couple        ctr.o
    0x08000680   0x08000680   0x0000000c   Code   RO         6987    i.CONFIG_Default    config.o
    0x0800068c   0x0800068c   0x0000002a   Code   RO         6988    i.CONFIG_Init       config.o
    0x080006b6   0x080006b6   0x00000002   PAD
    0x080006b8   0x080006b8   0x000000e4   Code   RO         7017    i.Check_USB_Details  file.o
    0x0800079c   0x0800079c   0x0000005e   Code   RO         7985    i.DeInitStateMachine  usbh_core.o
    0x080007fa   0x080007fa   0x00000002   Code   RO          326    i.DebugMon_Handler  stm32h7xx_it.o
    0x080007fc   0x080007fc   0x00000006   Code   RO           13    i.Error_Handler     main.o
    0x08000802   0x08000802   0x00000012   Code   RO         7879    i.FATFS_LinkDriver  ff_gen_drv.o
    0x08000814   0x08000814   0x00000054   Code   RO         7880    i.FATFS_LinkDriverEx  ff_gen_drv.o
    0x08000868   0x08000868   0x00000114   Code   RO         6600    i.Flash_AutoWriteSector  flash.o
    0x0800097c   0x0800097c   0x00000104   Code   RO         6601    i.Flash_CmpData     flash.o
    0x08000a80   0x08000a80   0x00000070   Code   RO         6603    i.Flash_EraseSector  flash.o
    0x08000af0   0x08000af0   0x0000004c   Code   RO         6604    i.Flash_Init        flash.o
    0x08000b3c   0x08000b3c   0x00000028   Code   RO         6605    i.Flash_NeedErase   flash.o
    0x08000b64   0x08000b64   0x00000220   Code   RO         6606    i.Flash_PageWrite   flash.o
    0x08000d84   0x08000d84   0x000000cc   Code   RO         6607    i.Flash_ReadBuffer  flash.o
    0x08000e50   0x08000e50   0x0000004c   Code   RO         6608    i.Flash_ReadID      flash.o
    0x08000e9c   0x08000e9c   0x000000ec   Code   RO         6609    i.Flash_ReadInfo    flash.o
    0x08000f88   0x08000f88   0x00000034   Code   RO         6610    i.Flash_SetCS       flash.o
    0x08000fbc   0x08000fbc   0x00000060   Code   RO         6611    i.Flash_WaitForWriteEnd  flash.o
    0x0800101c   0x0800101c   0x00000154   Code   RO         6612    i.Flash_WriteBuffer  flash.o
    0x08001170   0x08001170   0x00000034   Code   RO         6613    i.Flash_WriteEnable  flash.o
    0x080011a4   0x080011a4   0x00000170   Code   RO         5958    i.GPIO_DevInit      gpio.o
    0x08001314   0x08001314   0x00000084   Code   RO         6703    i.GUI_DrawGrid      gui.o
    0x08001398   0x08001398   0x000000d0   Code   RO         6704    i.GUI_DrawWave      gui.o
    0x08001468   0x08001468   0x000000a0   Code   RO         6705    i.GUI_Init          gui.o
    0x08001508   0x08001508   0x0000000a   Code   RO         6706    i.GUI_MenuRefresh   gui.o
    0x08001512   0x08001512   0x00000002   PAD
    0x08001514   0x08001514   0x0000014c   Code   RO         6707    i.GUI_drawBtn       gui.o
    0x08001660   0x08001660   0x00000134   Code   RO         6708    i.GUI_drawLabel     gui.o
    0x08001794   0x08001794   0x00000110   Code   RO         6709    i.GUI_drawMenu      gui.o
    0x080018a4   0x080018a4   0x000004dc   Code   RO         1730    i.HAL_DMA_Abort     stm32h7xx_hal_dma.o
    0x08001d80   0x08001d80   0x00000398   Code   RO         1731    i.HAL_DMA_Abort_IT  stm32h7xx_hal_dma.o
    0x08002118   0x08002118   0x00000028   Code   RO         2439    i.HAL_Delay         stm32h7xx_hal.o
    0x08002140   0x08002140   0x00000208   Code   RO         1578    i.HAL_GPIO_Init     stm32h7xx_hal_gpio.o
    0x08002348   0x08002348   0x00000010   Code   RO         1580    i.HAL_GPIO_ReadPin  stm32h7xx_hal_gpio.o
    0x08002358   0x08002358   0x0000000c   Code   RO         1582    i.HAL_GPIO_WritePin  stm32h7xx_hal_gpio.o
    0x08002364   0x08002364   0x0000000c   Code   RO         2450    i.HAL_GetREVID      stm32h7xx_hal.o
    0x08002370   0x08002370   0x0000000c   Code   RO         2451    i.HAL_GetTick       stm32h7xx_hal.o
    0x0800237c   0x0800237c   0x0000000e   Code   RO         8658    i.HAL_HCD_Connect_Callback  usbh_conf.o
    0x0800238a   0x0800238a   0x0000000e   Code   RO         8659    i.HAL_HCD_Disconnect_Callback  usbh_conf.o
    0x08002398   0x08002398   0x0000000c   Code   RO         5396    i.HAL_HCD_GetCurrentFrame  stm32h7xx_hal_hcd.o
    0x080023a4   0x080023a4   0x0000000c   Code   RO         5397    i.HAL_HCD_GetCurrentSpeed  stm32h7xx_hal_hcd.o
    0x080023b0   0x080023b0   0x00000018   Code   RO         5400    i.HAL_HCD_HC_GetURBState  stm32h7xx_hal_hcd.o
    0x080023c8   0x080023c8   0x00000016   Code   RO         5401    i.HAL_HCD_HC_GetXferCount  stm32h7xx_hal_hcd.o
    0x080023de   0x080023de   0x00000034   Code   RO         5402    i.HAL_HCD_HC_Halt   stm32h7xx_hal_hcd.o
    0x08002412   0x08002412   0x00000106   Code   RO         5403    i.HAL_HCD_HC_Init   stm32h7xx_hal_hcd.o
    0x08002518   0x08002518   0x00000002   Code   RO         8660    i.HAL_HCD_HC_NotifyURBChange_Callback  usbh_conf.o
    0x0800251a   0x0800251a   0x000002a4   Code   RO         5405    i.HAL_HCD_HC_SubmitRequest  stm32h7xx_hal_hcd.o
    0x080027be   0x080027be   0x0000016c   Code   RO         5406    i.HAL_HCD_IRQHandler  stm32h7xx_hal_hcd.o
    0x0800292a   0x0800292a   0x00000074   Code   RO         5407    i.HAL_HCD_Init      stm32h7xx_hal_hcd.o
    0x0800299e   0x0800299e   0x00000002   PAD
    0x080029a0   0x080029a0   0x000000b0   Code   RO         8662    i.HAL_HCD_MspInit   usbh_conf.o
    0x08002a50   0x08002a50   0x0000000e   Code   RO         8663    i.HAL_HCD_PortDisabled_Callback  usbh_conf.o
    0x08002a5e   0x08002a5e   0x0000000e   Code   RO         8664    i.HAL_HCD_PortEnabled_Callback  usbh_conf.o
    0x08002a6c   0x08002a6c   0x0000000c   Code   RO         5412    i.HAL_HCD_ResetPort  stm32h7xx_hal_hcd.o
    0x08002a78   0x08002a78   0x0000000e   Code   RO         8665    i.HAL_HCD_SOF_Callback  usbh_conf.o
    0x08002a86   0x08002a86   0x00000036   Code   RO         5414    i.HAL_HCD_Start     stm32h7xx_hal_hcd.o
    0x08002abc   0x08002abc   0x0000002e   Code   RO         5415    i.HAL_HCD_Stop      stm32h7xx_hal_hcd.o
    0x08002aea   0x08002aea   0x00000002   PAD
    0x08002aec   0x08002aec   0x00000018   Code   RO         2457    i.HAL_IncTick       stm32h7xx_hal.o
    0x08002b04   0x08002b04   0x00000060   Code   RO         2458    i.HAL_Init          stm32h7xx_hal.o
    0x08002b64   0x08002b64   0x00000058   Code   RO         2459    i.HAL_InitTick      stm32h7xx_hal.o
    0x08002bbc   0x08002bbc   0x000000b0   Code   RO          750    i.HAL_LTDC_ConfigCLUT  stm32h7xx_hal_ltdc.o
    0x08002c6c   0x08002c6c   0x0000005e   Code   RO          753    i.HAL_LTDC_ConfigLayer  stm32h7xx_hal_ltdc.o
    0x08002cca   0x08002cca   0x0000004c   Code   RO          761    i.HAL_LTDC_EnableCLUT  stm32h7xx_hal_ltdc.o
    0x08002d16   0x08002d16   0x00000002   PAD
    0x08002d18   0x08002d18   0x00000118   Code   RO          770    i.HAL_LTDC_Init     stm32h7xx_hal_ltdc.o
    0x08002e30   0x08002e30   0x000001b4   Code   RO          529    i.HAL_LTDC_MspInit  stm32h7xx_hal_msp.o
    0x08002fe4   0x08002fe4   0x00000024   Code   RO          530    i.HAL_MspInit       stm32h7xx_hal_msp.o
    0x08003008   0x08003008   0x00000028   Code   RO          610    i.HAL_NVIC_EnableIRQ  stm32h7xx_hal_cortex.o
    0x08003030   0x08003030   0x0000007a   Code   RO          616    i.HAL_NVIC_SetPriority  stm32h7xx_hal_cortex.o
    0x080030aa   0x080030aa   0x00000002   PAD
    0x080030ac   0x080030ac   0x00000028   Code   RO          617    i.HAL_NVIC_SetPriorityGrouping  stm32h7xx_hal_cortex.o
    0x080030d4   0x080030d4   0x00000060   Code   RO         2179    i.HAL_PWREx_ConfigSupply  stm32h7xx_hal_pwr_ex.o
    0x08003134   0x08003134   0x00000014   Code   RO         2196    i.HAL_PWREx_EnableUSBVoltageDetector  stm32h7xx_hal_pwr_ex.o
    0x08003148   0x08003148   0x00000024   Code   RO         1141    i.HAL_RCCEx_GetD3PCLK1Freq  stm32h7xx_hal_rcc_ex.o
    0x0800316c   0x0800316c   0x00000230   Code   RO         1143    i.HAL_RCCEx_GetPLL2ClockFreq  stm32h7xx_hal_rcc_ex.o
    0x0800339c   0x0800339c   0x00000230   Code   RO         1144    i.HAL_RCCEx_GetPLL3ClockFreq  stm32h7xx_hal_rcc_ex.o
    0x080035cc   0x080035cc   0x00000b64   Code   RO         1150    i.HAL_RCCEx_PeriphCLKConfig  stm32h7xx_hal_rcc_ex.o
    0x08004130   0x08004130   0x00000320   Code   RO         1026    i.HAL_RCC_ClockConfig  stm32h7xx_hal_rcc.o
    0x08004450   0x08004450   0x0000004c   Code   RO         1031    i.HAL_RCC_GetHCLKFreq  stm32h7xx_hal_rcc.o
    0x0800449c   0x0800449c   0x00000024   Code   RO         1033    i.HAL_RCC_GetPCLK1Freq  stm32h7xx_hal_rcc.o
    0x080044c0   0x080044c0   0x00000024   Code   RO         1034    i.HAL_RCC_GetPCLK2Freq  stm32h7xx_hal_rcc.o
    0x080044e4   0x080044e4   0x0000022c   Code   RO         1035    i.HAL_RCC_GetSysClockFreq  stm32h7xx_hal_rcc.o
    0x08004710   0x08004710   0x000007e4   Code   RO         1038    i.HAL_RCC_OscConfig  stm32h7xx_hal_rcc.o
    0x08004ef4   0x08004ef4   0x00000038   Code   RO         4565    i.HAL_SPI_DeInit    stm32h7xx_hal_spi.o
    0x08004f2c   0x08004f2c   0x0000017c   Code   RO         4570    i.HAL_SPI_Init      stm32h7xx_hal_spi.o
    0x080050a8   0x080050a8   0x00000002   Code   RO         4571    i.HAL_SPI_MspDeInit  stm32h7xx_hal_spi.o
    0x080050aa   0x080050aa   0x00000002   PAD
    0x080050ac   0x080050ac   0x000000c4   Code   RO         6177    i.HAL_SPI_MspInit   spi.o
    0x08005170   0x08005170   0x000003f8   Code   RO         4579    i.HAL_SPI_TransmitReceive  stm32h7xx_hal_spi.o
    0x08005568   0x08005568   0x00000034   Code   RO          621    i.HAL_SYSTICK_Config  stm32h7xx_hal_cortex.o
    0x0800559c   0x0800559c   0x000000c0   Code   RO         4081    i.HAL_TIMEx_MasterConfigSynchronization  stm32h7xx_hal_tim_ex.o
    0x0800565c   0x0800565c   0x0000006e   Code   RO         3334    i.HAL_TIM_Base_Init  stm32h7xx_hal_tim.o
    0x080056ca   0x080056ca   0x00000002   PAD
    0x080056cc   0x080056cc   0x0000007c   Code   RO          532    i.HAL_TIM_Base_MspInit  stm32h7xx_hal_msp.o
    0x08005748   0x08005748   0x00000130   Code   RO         3343    i.HAL_TIM_ConfigClockSource  stm32h7xx_hal_tim.o
    0x08005878   0x08005878   0x000000e4   Code   RO          533    i.HAL_TIM_MspPostInit  stm32h7xx_hal_msp.o
    0x0800595c   0x0800595c   0x00000168   Code   RO         3406    i.HAL_TIM_PWM_ConfigChannel  stm32h7xx_hal_tim.o
    0x08005ac4   0x08005ac4   0x0000006e   Code   RO         3409    i.HAL_TIM_PWM_Init  stm32h7xx_hal_tim.o
    0x08005b32   0x08005b32   0x00000002   Code   RO         3411    i.HAL_TIM_PWM_MspInit  stm32h7xx_hal_tim.o
    0x08005b34   0x08005b34   0x0000015c   Code   RO         3414    i.HAL_TIM_PWM_Start  stm32h7xx_hal_tim.o
    0x08005c90   0x08005c90   0x0000004e   Code   RO         5276    i.HAL_UARTEx_DisableFifoMode  stm32h7xx_hal_uart_ex.o
    0x08005cde   0x08005cde   0x00000002   Code   RO         4860    i.HAL_UARTEx_RxEventCallback  stm32h7xx_hal_uart.o
    0x08005ce0   0x08005ce0   0x00000002   Code   RO         5283    i.HAL_UARTEx_RxFifoFullCallback  stm32h7xx_hal_uart_ex.o
    0x08005ce2   0x08005ce2   0x0000005e   Code   RO         5284    i.HAL_UARTEx_SetRxFifoThreshold  stm32h7xx_hal_uart_ex.o
    0x08005d40   0x08005d40   0x0000005e   Code   RO         5285    i.HAL_UARTEx_SetTxFifoThreshold  stm32h7xx_hal_uart_ex.o
    0x08005d9e   0x08005d9e   0x00000002   Code   RO         5287    i.HAL_UARTEx_TxFifoEmptyCallback  stm32h7xx_hal_uart_ex.o
    0x08005da0   0x08005da0   0x00000002   Code   RO         5288    i.HAL_UARTEx_WakeupCallback  stm32h7xx_hal_uart_ex.o
    0x08005da2   0x08005da2   0x00000002   Code   RO         4876    i.HAL_UART_ErrorCallback  stm32h7xx_hal_uart.o
    0x08005da4   0x08005da4   0x000003d4   Code   RO         4879    i.HAL_UART_IRQHandler  stm32h7xx_hal_uart.o
    0x08006178   0x08006178   0x00000078   Code   RO         4880    i.HAL_UART_Init     stm32h7xx_hal_uart.o
    0x080061f0   0x080061f0   0x000000e0   Code   RO          535    i.HAL_UART_MspInit  stm32h7xx_hal_msp.o
    0x080062d0   0x080062d0   0x00000064   Code   RO         4885    i.HAL_UART_Receive_IT  stm32h7xx_hal_uart.o
    0x08006334   0x08006334   0x00000094   Code   RO         6366    i.HAL_UART_RxCpltCallback  usart.o
    0x080063c8   0x080063c8   0x000000d6   Code   RO         4889    i.HAL_UART_Transmit  stm32h7xx_hal_uart.o
    0x0800649e   0x0800649e   0x00000002   Code   RO         4892    i.HAL_UART_TxCpltCallback  stm32h7xx_hal_uart.o
    0x080064a0   0x080064a0   0x00000762   Code   RO         5416    i.HCD_HC_IN_IRQHandler  stm32h7xx_hal_hcd.o
    0x08006c02   0x08006c02   0x00000744   Code   RO         5417    i.HCD_HC_OUT_IRQHandler  stm32h7xx_hal_hcd.o
    0x08007346   0x08007346   0x000000b6   Code   RO         5418    i.HCD_Port_IRQHandler  stm32h7xx_hal_hcd.o
    0x080073fc   0x080073fc   0x00000184   Code   RO         5419    i.HCD_RXQLVL_IRQHandler  stm32h7xx_hal_hcd.o
    0x08007580   0x08007580   0x00000004   Code   RO          327    i.HardFault_Handler  stm32h7xx_it.o
    0x08007584   0x08007584   0x00000038   Code   RO         5911    i.LTDC_ConfigColorCHA  ltdc.o
    0x080075bc   0x080075bc   0x00000210   Code   RO          789    i.LTDC_SetConfig    stm32h7xx_hal_ltdc.o
    0x080077cc   0x080077cc   0x0000003c   Code   RO         6475    i.Lcd_Init          lcd.o
    0x08007808   0x08007808   0x0000001c   Code   RO         8617    i.MX_FATFS_Init     fatfs.o
    0x08007824   0x08007824   0x000000e4   Code   RO         5912    i.MX_LTDC_Init      ltdc.o
    0x08007908   0x08007908   0x00000078   Code   RO         6367    i.MX_USART2_UART_Init  usart.o
    0x08007980   0x08007980   0x0000003c   Code   RO         8823    i.MX_USB_HOST_Init  usb_host.o
    0x080079bc   0x080079bc   0x00000010   Code   RO         8824    i.MX_USB_HOST_Process  usb_host.o
    0x080079cc   0x080079cc   0x00000048   Code   RO         7175    i.MasterSrcRecall   btnfunc.o
    0x08007a14   0x08007a14   0x00000004   Code   RO          328    i.MemManage_Handler  stm32h7xx_it.o
    0x08007a18   0x08007a18   0x00000074   Code   RO         7021    i.Mount_USB         file.o
    0x08007a8c   0x08007a8c   0x00000004   Code   RO          329    i.NMI_Handler       stm32h7xx_it.o
    0x08007a90   0x08007a90   0x00000010   Code   RO          330    i.OTG_FS_IRQHandler  stm32h7xx_it.o
    0x08007aa0   0x08007aa0   0x00000002   Code   RO          331    i.PendSV_Handler    stm32h7xx_it.o
    0x08007aa2   0x08007aa2   0x00000002   PAD
    0x08007aa4   0x08007aa4   0x00000164   Code   RO         1153    i.RCCEx_PLL2_Config  stm32h7xx_hal_rcc_ex.o
    0x08007c08   0x08007c08   0x00000164   Code   RO         1154    i.RCCEx_PLL3_Config  stm32h7xx_hal_rcc_ex.o
    0x08007d6c   0x08007d6c   0x0000000c   Code   RO         6180    i.SPIBusEnter       spi.o
    0x08007d78   0x08007d78   0x0000000c   Code   RO         6181    i.SPIBusExit        spi.o
    0x08007d84   0x08007d84   0x0000001c   Code   RO         6182    i.SPI_BusInit       spi.o
    0x08007da0   0x08007da0   0x000000d6   Code   RO         4589    i.SPI_CloseTransfer  stm32h7xx_hal_spi.o
    0x08007e76   0x08007e76   0x0000001a   Code   RO         4600    i.SPI_GetPacketSize  stm32h7xx_hal_spi.o
    0x08007e90   0x08007e90   0x0000009c   Code   RO         6183    i.SPI_Init          spi.o
    0x08007f2c   0x08007f2c   0x00000040   Code   RO         4607    i.SPI_WaitOnFlagUntilTimeout  stm32h7xx_hal_spi.o
    0x08007f6c   0x08007f6c   0x00000002   Code   RO          332    i.SVC_Handler       stm32h7xx_it.o
    0x08007f6e   0x08007f6e   0x00000002   PAD
    0x08007f70   0x08007f70   0x0000014c   Code   RO         7024    i.Scan_USB          file.o
    0x080080bc   0x080080bc   0x00000020   Code   RO         7025    i.Send_Uart         file.o
    0x080080dc   0x080080dc   0x0000001c   Code   RO         6255    i.SysTick_Handler   systick.o
    0x080080f8   0x080080f8   0x000000a0   Code   RO         6256    i.SysTick_ISR       systick.o
    0x08008198   0x08008198   0x000000e4   Code   RO           14    i.SystemClock_Config  main.o
    0x0800827c   0x0800827c   0x00000104   Code   RO         5570    i.SystemInit        system_stm32h7xx.o
    0x08008380   0x08008380   0x0000001c   Code   RO         6259    i.Systick_CounterDec  systick.o
    0x0800839c   0x0800839c   0x0000001c   Code   RO         6260    i.Systick_GetRunTime  systick.o
    0x080083b8   0x080083b8   0x000000a4   Code   RO         6261    i.Systick_Init      systick.o
    0x0800845c   0x0800845c   0x000000cc   Code   RO         3427    i.TIM_Base_SetConfig  stm32h7xx_hal_tim.o
    0x08008528   0x08008528   0x00000022   Code   RO         3428    i.TIM_CCxChannelCmd  stm32h7xx_hal_tim.o
    0x0800854a   0x0800854a   0x00000016   Code   RO         3438    i.TIM_ETR_SetConfig  stm32h7xx_hal_tim.o
    0x08008560   0x08008560   0x00000018   Code   RO         3439    i.TIM_ITRx_SetConfig  stm32h7xx_hal_tim.o
    0x08008578   0x08008578   0x0000000c   Code   RO         6114    i.TIM_LcdBright_Config  tim.o
    0x08008584   0x08008584   0x000000b0   Code   RO         6115    i.TIM_LcdBright_Init  tim.o
    0x08008634   0x08008634   0x000000ac   Code   RO         3440    i.TIM_OC1_SetConfig  stm32h7xx_hal_tim.o
    0x080086e0   0x080086e0   0x000000b4   Code   RO         3441    i.TIM_OC2_SetConfig  stm32h7xx_hal_tim.o
    0x08008794   0x08008794   0x000000b0   Code   RO         3442    i.TIM_OC3_SetConfig  stm32h7xx_hal_tim.o
    0x08008844   0x08008844   0x00000070   Code   RO         3443    i.TIM_OC4_SetConfig  stm32h7xx_hal_tim.o
    0x080088b4   0x080088b4   0x0000006c   Code   RO         3444    i.TIM_OC5_SetConfig  stm32h7xx_hal_tim.o
    0x08008920   0x08008920   0x0000006c   Code   RO         3445    i.TIM_OC6_SetConfig  stm32h7xx_hal_tim.o
    0x0800898c   0x0800898c   0x00000026   Code   RO         3447    i.TIM_TI1_ConfigInputStage  stm32h7xx_hal_tim.o
    0x080089b2   0x080089b2   0x00000028   Code   RO         3449    i.TIM_TI2_ConfigInputStage  stm32h7xx_hal_tim.o
    0x080089da   0x080089da   0x00000002   PAD
    0x080089dc   0x080089dc   0x000000c8   Code   RO         6116    i.TIM_Wave_InitThenRun  tim.o
    0x08008aa4   0x08008aa4   0x00000058   Code   RO         5289    i.UARTEx_SetNbDataToProcess  stm32h7xx_hal_uart_ex.o
    0x08008afc   0x08008afc   0x000000f8   Code   RO         4894    i.UART_AdvFeatureConfig  stm32h7xx_hal_uart.o
    0x08008bf4   0x08008bf4   0x00000076   Code   RO         4895    i.UART_CheckIdleState  stm32h7xx_hal_uart.o
    0x08008c6a   0x08008c6a   0x00000018   Code   RO         4896    i.UART_DMAAbortOnError  stm32h7xx_hal_uart.o
    0x08008c82   0x08008c82   0x00000002   PAD
    0x08008c84   0x08008c84   0x0000003c   Code   RO         4906    i.UART_EndRxTransfer  stm32h7xx_hal_uart.o
    0x08008cc0   0x08008cc0   0x00000022   Code   RO         4907    i.UART_EndTransmit_IT  stm32h7xx_hal_uart.o
    0x08008ce2   0x08008ce2   0x00000092   Code   RO         4909    i.UART_RxISR_16BIT  stm32h7xx_hal_uart.o
    0x08008d74   0x08008d74   0x00000164   Code   RO         4910    i.UART_RxISR_16BIT_FIFOEN  stm32h7xx_hal_uart.o
    0x08008ed8   0x08008ed8   0x0000008e   Code   RO         4911    i.UART_RxISR_8BIT   stm32h7xx_hal_uart.o
    0x08008f66   0x08008f66   0x00000002   PAD
    0x08008f68   0x08008f68   0x00000164   Code   RO         4912    i.UART_RxISR_8BIT_FIFOEN  stm32h7xx_hal_uart.o
    0x080090cc   0x080090cc   0x0000058c   Code   RO         4913    i.UART_SetConfig    stm32h7xx_hal_uart.o
    0x08009658   0x08009658   0x00000110   Code   RO         4915    i.UART_Start_Receive_IT  stm32h7xx_hal_uart.o
    0x08009768   0x08009768   0x000000be   Code   RO         4920    i.UART_WaitOnFlagUntilTimeout  stm32h7xx_hal_uart.o
    0x08009826   0x08009826   0x00000002   PAD
    0x08009828   0x08009828   0x0000002c   Code   RO         6368    i.USART2_IRQHandler  usart.o
    0x08009854   0x08009854   0x0000002a   Code   RO         8318    i.USBH_AllocPipe    usbh_pipes.o
    0x0800987e   0x0800987e   0x0000002a   Code   RO         8246    i.USBH_BulkReceiveData  usbh_ioreq.o
    0x080098a8   0x080098a8   0x00000034   Code   RO         8247    i.USBH_BulkSendData  usbh_ioreq.o
    0x080098dc   0x080098dc   0x00000012   Code   RO         8319    i.USBH_ClosePipe    usbh_pipes.o
    0x080098ee   0x080098ee   0x00000028   Code   RO         8132    i.USBH_ClrFeature   usbh_ctlreq.o
    0x08009916   0x08009916   0x0000002a   Code   RO         8248    i.USBH_CtlReceiveData  usbh_ioreq.o
    0x08009940   0x08009940   0x00000054   Code   RO         8133    i.USBH_CtlReq       usbh_ctlreq.o
    0x08009994   0x08009994   0x00000034   Code   RO         8249    i.USBH_CtlSendData  usbh_ioreq.o
    0x080099c8   0x080099c8   0x00000026   Code   RO         8250    i.USBH_CtlSendSetup  usbh_ioreq.o
    0x080099ee   0x080099ee   0x0000000c   Code   RO         8666    i.USBH_Delay        usbh_conf.o
    0x080099fa   0x080099fa   0x00000050   Code   RO         7987    i.USBH_FindInterface  usbh_core.o
    0x08009a4a   0x08009a4a   0x0000001e   Code   RO         8320    i.USBH_FreePipe     usbh_pipes.o
    0x08009a68   0x08009a68   0x0000004a   Code   RO         8134    i.USBH_GetDescriptor  usbh_ctlreq.o
    0x08009ab2   0x08009ab2   0x00000028   Code   RO         8321    i.USBH_GetFreePipe  usbh_pipes.o
    0x08009ada   0x08009ada   0x00000012   Code   RO         8135    i.USBH_GetNextDesc  usbh_ctlreq.o
    0x08009aec   0x08009aec   0x0000002e   Code   RO         8136    i.USBH_Get_CfgDesc  usbh_ctlreq.o
    0x08009b1a   0x08009b1a   0x0000002e   Code   RO         8137    i.USBH_Get_DevDesc  usbh_ctlreq.o
    0x08009b48   0x08009b48   0x00000036   Code   RO         8138    i.USBH_Get_StringDesc  usbh_ctlreq.o
    0x08009b7e   0x08009b7e   0x0000002c   Code   RO         8667    i.USBH_Get_USB_Status  usbh_conf.o
    0x08009baa   0x08009baa   0x000001d4   Code   RO         8139    i.USBH_HandleControl  usbh_ctlreq.o
    0x08009d7e   0x08009d7e   0x000002c2   Code   RO         7990    i.USBH_HandleEnum   usbh_core.o
    0x0800a040   0x0800a040   0x0000001c   Code   RO         7991    i.USBH_HandleSof    usbh_core.o
    0x0800a05c   0x0800a05c   0x00000048   Code   RO         7992    i.USBH_Init         usbh_core.o
    0x0800a0a4   0x0800a0a4   0x00000026   Code   RO         8668    i.USBH_LL_ClosePipe  usbh_conf.o
    0x0800a0ca   0x0800a0ca   0x00000016   Code   RO         7994    i.USBH_LL_Connect   usbh_core.o
    0x0800a0e0   0x0800a0e0   0x0000002e   Code   RO         7995    i.USBH_LL_Disconnect  usbh_core.o
    0x0800a10e   0x0800a10e   0x0000001a   Code   RO         8670    i.USBH_LL_DriverVBUS  usbh_conf.o
    0x0800a128   0x0800a128   0x00000012   Code   RO         8671    i.USBH_LL_GetLastXferSize  usbh_conf.o
    0x0800a13a   0x0800a13a   0x00000030   Code   RO         8672    i.USBH_LL_GetSpeed  usbh_conf.o
    0x0800a16a   0x0800a16a   0x00000046   Code   RO         8673    i.USBH_LL_GetToggle  usbh_conf.o
    0x0800a1b0   0x0800a1b0   0x00000012   Code   RO         8674    i.USBH_LL_GetURBState  usbh_conf.o
    0x0800a1c2   0x0800a1c2   0x00000016   Code   RO         7996    i.USBH_LL_IncTimer  usbh_core.o
    0x0800a1d8   0x0800a1d8   0x00000058   Code   RO         8675    i.USBH_LL_Init      usbh_conf.o
    0x0800a230   0x0800a230   0x00000040   Code   RO         8676    i.USBH_LL_OpenPipe  usbh_conf.o
    0x0800a270   0x0800a270   0x00000008   Code   RO         7997    i.USBH_LL_PortDisabled  usbh_core.o
    0x0800a278   0x0800a278   0x00000008   Code   RO         7998    i.USBH_LL_PortEnabled  usbh_core.o
    0x0800a280   0x0800a280   0x0000001e   Code   RO         8677    i.USBH_LL_ResetPort  usbh_conf.o
    0x0800a29e   0x0800a29e   0x00000006   Code   RO         7999    i.USBH_LL_SetTimer  usbh_core.o
    0x0800a2a4   0x0800a2a4   0x00000046   Code   RO         8678    i.USBH_LL_SetToggle  usbh_conf.o
    0x0800a2ea   0x0800a2ea   0x0000001e   Code   RO         8679    i.USBH_LL_Start     usbh_conf.o
    0x0800a308   0x0800a308   0x0000001e   Code   RO         8680    i.USBH_LL_Stop      usbh_conf.o
    0x0800a326   0x0800a326   0x00000040   Code   RO         8681    i.USBH_LL_SubmitURB  usbh_conf.o
    0x0800a366   0x0800a366   0x0000003c   Code   RO         8456    i.USBH_MSC_BOT_Abort  usbh_msc_bot.o
    0x0800a3a2   0x0800a3a2   0x00000002   PAD
    0x0800a3a4   0x0800a3a4   0x00000028   Code   RO         8457    i.USBH_MSC_BOT_Init  usbh_msc_bot.o
    0x0800a3cc   0x0800a3cc   0x0000026e   Code   RO         8458    i.USBH_MSC_BOT_Process  usbh_msc_bot.o
    0x0800a63a   0x0800a63a   0x00000024   Code   RO         8459    i.USBH_MSC_BOT_REQ_GetMaxLUN  usbh_msc_bot.o
    0x0800a65e   0x0800a65e   0x00000020   Code   RO         8460    i.USBH_MSC_BOT_REQ_Reset  usbh_msc_bot.o
    0x0800a67e   0x0800a67e   0x0000009c   Code   RO         8365    i.USBH_MSC_ClassRequest  usbh_msc.o
    0x0800a71a   0x0800a71a   0x00000002   PAD
    0x0800a71c   0x0800a71c   0x00000058   Code   RO         8461    i.USBH_MSC_DecodeCSW  usbh_msc_bot.o
    0x0800a774   0x0800a774   0x00000038   Code   RO         8366    i.USBH_MSC_GetLUNInfo  usbh_msc.o
    0x0800a7ac   0x0800a7ac   0x00000058   Code   RO         8368    i.USBH_MSC_InterfaceDeInit  usbh_msc.o
    0x0800a804   0x0800a804   0x000001a4   Code   RO         8369    i.USBH_MSC_InterfaceInit  usbh_msc.o
    0x0800a9a8   0x0800a9a8   0x000004c2   Code   RO         8371    i.USBH_MSC_Process  usbh_msc.o
    0x0800ae6a   0x0800ae6a   0x0000016c   Code   RO         8372    i.USBH_MSC_RdWrProcess  usbh_msc.o
    0x0800afd6   0x0800afd6   0x0000009c   Code   RO         8373    i.USBH_MSC_Read     usbh_msc.o
    0x0800b072   0x0800b072   0x00000100   Code   RO         8508    i.USBH_MSC_SCSI_Inquiry  usbh_msc_scsi.o
    0x0800b172   0x0800b172   0x000000a6   Code   RO         8509    i.USBH_MSC_SCSI_Read  usbh_msc_scsi.o
    0x0800b218   0x0800b218   0x000000a8   Code   RO         8510    i.USBH_MSC_SCSI_ReadCapacity  usbh_msc_scsi.o
    0x0800b2c0   0x0800b2c0   0x000000b2   Code   RO         8511    i.USBH_MSC_SCSI_RequestSense  usbh_msc_scsi.o
    0x0800b372   0x0800b372   0x00000062   Code   RO         8512    i.USBH_MSC_SCSI_TestUnitReady  usbh_msc_scsi.o
    0x0800b3d4   0x0800b3d4   0x000000a6   Code   RO         8513    i.USBH_MSC_SCSI_Write  usbh_msc_scsi.o
    0x0800b47a   0x0800b47a   0x00000006   Code   RO         8374    i.USBH_MSC_SOFProcess  usbh_msc.o
    0x0800b480   0x0800b480   0x0000002c   Code   RO         8375    i.USBH_MSC_UnitIsReady  usbh_msc.o
    0x0800b4ac   0x0800b4ac   0x0000009c   Code   RO         8376    i.USBH_MSC_Write    usbh_msc.o
    0x0800b548   0x0800b548   0x0000002a   Code   RO         8322    i.USBH_OpenPipe     usbh_pipes.o
    0x0800b572   0x0800b572   0x000000da   Code   RO         8140    i.USBH_ParseCfgDesc  usbh_ctlreq.o
    0x0800b64c   0x0800b64c   0x00000058   Code   RO         8141    i.USBH_ParseDevDesc  usbh_ctlreq.o
    0x0800b6a4   0x0800b6a4   0x00000020   Code   RO         8142    i.USBH_ParseEPDesc  usbh_ctlreq.o
    0x0800b6c4   0x0800b6c4   0x00000026   Code   RO         8143    i.USBH_ParseInterfaceDesc  usbh_ctlreq.o
    0x0800b6ea   0x0800b6ea   0x00000036   Code   RO         8144    i.USBH_ParseStringDesc  usbh_ctlreq.o
    0x0800b720   0x0800b720   0x000002c8   Code   RO         8000    i.USBH_Process      usbh_core.o
    0x0800b9e8   0x0800b9e8   0x00000032   Code   RO         8002    i.USBH_RegisterClass  usbh_core.o
    0x0800ba1a   0x0800ba1a   0x00000028   Code   RO         8003    i.USBH_SelectInterface  usbh_core.o
    0x0800ba42   0x0800ba42   0x00000028   Code   RO         8145    i.USBH_SetAddress   usbh_ctlreq.o
    0x0800ba6a   0x0800ba6a   0x00000028   Code   RO         8146    i.USBH_SetCfg       usbh_ctlreq.o
    0x0800ba92   0x0800ba92   0x00000028   Code   RO         8147    i.USBH_SetFeature   usbh_ctlreq.o
    0x0800baba   0x0800baba   0x00000016   Code   RO         8004    i.USBH_Start        usbh_core.o
    0x0800bad0   0x0800bad0   0x00000058   Code   RO         8825    i.USBH_UserProcess  usb_host.o
    0x0800bb28   0x0800bb28   0x00000006   Code   RO         8562    i.USBH_initialize   usbh_diskio.o
    0x0800bb2e   0x0800bb2e   0x00000002   PAD
    0x0800bb30   0x0800bb30   0x00000084   Code   RO         8563    i.USBH_ioctl        usbh_diskio.o
    0x0800bbb4   0x0800bbb4   0x00000068   Code   RO         8564    i.USBH_read         usbh_diskio.o
    0x0800bc1c   0x0800bc1c   0x00000020   Code   RO         8565    i.USBH_status       usbh_diskio.o
    0x0800bc3c   0x0800bc3c   0x00000074   Code   RO         8566    i.USBH_write        usbh_diskio.o
    0x0800bcb0   0x0800bcb0   0x00000098   Code   RO         5611    i.USB_CoreInit      stm32h7xx_ll_usb.o
    0x0800bd48   0x0800bd48   0x0000004c   Code   RO         5612    i.USB_CoreReset     stm32h7xx_ll_usb.o
    0x0800bd94   0x0800bd94   0x0000000e   Code   RO         5619    i.USB_DisableGlobalInt  stm32h7xx_ll_usb.o
    0x0800bda2   0x0800bda2   0x00000002   PAD
    0x0800bda4   0x0800bda4   0x00000044   Code   RO         5620    i.USB_DoPing        stm32h7xx_ll_usb.o
    0x0800bde8   0x0800bde8   0x0000004a   Code   RO         5621    i.USB_DriveVbus     stm32h7xx_ll_usb.o
    0x0800be32   0x0800be32   0x0000000e   Code   RO         5627    i.USB_EnableGlobalInt  stm32h7xx_ll_usb.o
    0x0800be40   0x0800be40   0x0000002c   Code   RO         5628    i.USB_FlushRxFifo   stm32h7xx_ll_usb.o
    0x0800be6c   0x0800be6c   0x00000030   Code   RO         5629    i.USB_FlushTxFifo   stm32h7xx_ll_usb.o
    0x0800be9c   0x0800be9c   0x0000000e   Code   RO         5630    i.USB_GetCurrentFrame  stm32h7xx_ll_usb.o
    0x0800beaa   0x0800beaa   0x00000018   Code   RO         5632    i.USB_GetHostSpeed  stm32h7xx_ll_usb.o
    0x0800bec2   0x0800bec2   0x0000000a   Code   RO         5633    i.USB_GetMode       stm32h7xx_ll_usb.o
    0x0800becc   0x0800becc   0x000001b0   Code   RO         5634    i.USB_HC_Halt       stm32h7xx_ll_usb.o
    0x0800c07c   0x0800c07c   0x000001a4   Code   RO         5635    i.USB_HC_Init       stm32h7xx_ll_usb.o
    0x0800c220   0x0800c220   0x0000000e   Code   RO         5636    i.USB_HC_ReadInterrupt  stm32h7xx_ll_usb.o
    0x0800c22e   0x0800c22e   0x00000002   PAD
    0x0800c230   0x0800c230   0x000001d0   Code   RO         5637    i.USB_HC_StartXfer  stm32h7xx_ll_usb.o
    0x0800c400   0x0800c400   0x000000f8   Code   RO         5638    i.USB_HostInit      stm32h7xx_ll_usb.o
    0x0800c4f8   0x0800c4f8   0x00000044   Code   RO         5639    i.USB_InitFSLSPClkSel  stm32h7xx_ll_usb.o
    0x0800c53c   0x0800c53c   0x0000000a   Code   RO         5644    i.USB_ReadInterrupts  stm32h7xx_ll_usb.o
    0x0800c546   0x0800c546   0x00000060   Code   RO         5645    i.USB_ReadPacket    stm32h7xx_ll_usb.o
    0x0800c5a6   0x0800c5a6   0x0000003c   Code   RO         5646    i.USB_ResetPort     stm32h7xx_ll_usb.o
    0x0800c5e2   0x0800c5e2   0x00000036   Code   RO         5647    i.USB_SetCurrentMode  stm32h7xx_ll_usb.o
    0x0800c618   0x0800c618   0x000000b4   Code   RO         5652    i.USB_StopHost      stm32h7xx_ll_usb.o
    0x0800c6cc   0x0800c6cc   0x00000044   Code   RO         5653    i.USB_WritePacket   stm32h7xx_ll_usb.o
    0x0800c710   0x0800c710   0x00000074   Code   RO         7026    i.Unmount_USB       file.o
    0x0800c784   0x0800c784   0x00000004   Code   RO          333    i.UsageFault_Handler  stm32h7xx_it.o
    0x0800c788   0x0800c788   0x00000020   Code   RO         9023    i.__0printf$4       mc_w.l(printf4.o)
    0x0800c7a8   0x0800c7a8   0x00000028   Code   RO         9025    i.__0sprintf$4      mc_w.l(printf4.o)
    0x0800c7d0   0x0800c7d0   0x00000030   Code   RO         9282    i.__ARM_fpclassify  m_wv.l(fpclassify.o)
    0x0800c800   0x0800c800   0x00000010   Code   RO          623    i.__NVIC_GetPriorityGrouping  stm32h7xx_hal_cortex.o
    0x0800c810   0x0800c810   0x00000028   Code   RO          624    i.__NVIC_SetPriority  stm32h7xx_hal_cortex.o
    0x0800c838   0x0800c838   0x00000008   Code   RO         9256    i.__aeabi_errno_addr  mc_w.l(errno.o)
    0x0800c840   0x0800c840   0x000000b0   Code   RO         8875    i.__hardfp_sin      m_wv.l(sin.o)
    0x0800c8f0   0x0800c8f0   0x00000310   Code   RO         9220    i.__ieee754_rem_pio2  m_wv.l(rred.o)
    0x0800cc00   0x0800cc00   0x000000e0   Code   RO         9203    i.__kernel_cos      m_wv.l(cos_i.o)
    0x0800cce0   0x0800cce0   0x00000070   Code   RO         9284    i.__kernel_poly     m_wv.l(poly.o)
    0x0800cd50   0x0800cd50   0x000000a8   Code   RO         9225    i.__kernel_sin      m_wv.l(sin_i.o)
    0x0800cdf8   0x0800cdf8   0x00000018   Code   RO         9209    i.__mathlib_dbl_invalid  m_wv.l(dunder.o)
    0x0800ce10   0x0800ce10   0x00000018   Code   RO         9212    i.__mathlib_dbl_underflow  m_wv.l(dunder.o)
    0x0800ce28   0x0800ce28   0x0000000e   Code   RO         9326    i.__scatterload_copy  mc_w.l(handlers.o)
    0x0800ce36   0x0800ce36   0x00000002   Code   RO         9327    i.__scatterload_null  mc_w.l(handlers.o)
    0x0800ce38   0x0800ce38   0x0000000e   Code   RO         9328    i.__scatterload_zeroinit  mc_w.l(handlers.o)
    0x0800ce46   0x0800ce46   0x00000006   Code   RO         6265    i.__set_PRIMASK     systick.o
    0x0800ce4c   0x0800ce4c   0x0000000c   Code   RO         9258    i.__set_errno       mc_w.l(errno.o)
    0x0800ce58   0x0800ce58   0x0000022c   Code   RO         9030    i._printf_core      mc_w.l(printf4.o)
    0x0800d084   0x0800d084   0x0000000a   Code   RO         9032    i._sputc            mc_w.l(printf4.o)
    0x0800d08e   0x0800d08e   0x00000018   Code   RO         6803    i.analog_init       ctr.o
    0x0800d0a6   0x0800d0a6   0x00000002   Code   RO         6266    i.bsp_Idle          systick.o
    0x0800d0a8   0x0800d0a8   0x00000040   Code   RO         6184    i.bsp_spiTransfer   spi.o
    0x0800d0e8   0x0800d0e8   0x0000007c   Code   RO         7493    i.check_fs          ff.o
    0x0800d164   0x0800d164   0x00000014   Code   RO         7494    i.chk_chr           ff.o
    0x0800d178   0x0800d178   0x0000007c   Code   RO         7495    i.chk_lock          ff.o
    0x0800d1f4   0x0800d1f4   0x000000a8   Code   RO         6476    i.clearLcd          lcd.o
    0x0800d29c   0x0800d29c   0x00000028   Code   RO         7496    i.clear_lock        ff.o
    0x0800d2c4   0x0800d2c4   0x00000032   Code   RO         7497    i.clmt_clust        ff.o
    0x0800d2f6   0x0800d2f6   0x0000001a   Code   RO         7498    i.clust2sect        ff.o
    0x0800d310   0x0800d310   0x0000016c   Code   RO         7136    i.cmdProcess        cmd.o
    0x0800d47c   0x0800d47c   0x00000098   Code   RO         7499    i.cmp_lfn           ff.o
    0x0800d514   0x0800d514   0x000000de   Code   RO         7500    i.create_chain      ff.o
    0x0800d5f2   0x0800d5f2   0x00000002   PAD
    0x0800d5f4   0x0800d5f4   0x0000026c   Code   RO         7501    i.create_name       ff.o
    0x0800d860   0x0800d860   0x00000044   Code   RO         7502    i.dec_lock          ff.o
    0x0800d8a4   0x0800d8a4   0x00000044   Code   RO         6267    i.delayms           systick.o
    0x0800d8e8   0x0800d8e8   0x00000060   Code   RO         7503    i.dir_alloc         ff.o
    0x0800d948   0x0800d948   0x000000fc   Code   RO         7504    i.dir_find          ff.o
    0x0800da44   0x0800da44   0x0000010c   Code   RO         7505    i.dir_next          ff.o
    0x0800db50   0x0800db50   0x000000d2   Code   RO         7506    i.dir_read          ff.o
    0x0800dc22   0x0800dc22   0x00000142   Code   RO         7507    i.dir_register      ff.o
    0x0800dd64   0x0800dd64   0x0000009a   Code   RO         7509    i.dir_sdi           ff.o
    0x0800ddfe   0x0800ddfe   0x00000002   PAD
    0x0800de00   0x0800de00   0x0000002c   Code   RO         7394    i.disk_initialize   diskio.o
    0x0800de2c   0x0800de2c   0x00000028   Code   RO         7395    i.disk_ioctl        diskio.o
    0x0800de54   0x0800de54   0x00000030   Code   RO         7396    i.disk_read         diskio.o
    0x0800de84   0x0800de84   0x0000001c   Code   RO         7397    i.disk_status       diskio.o
    0x0800dea0   0x0800dea0   0x00000030   Code   RO         7398    i.disk_write        diskio.o
    0x0800ded0   0x0800ded0   0x000001ec   Code   RO         6477    i.dispStrEx         lcd.o
    0x0800e0bc   0x0800e0bc   0x000000ac   Code   RO         6710    i.drawBottomLine    gui.o
    0x0800e168   0x0800e168   0x0000002e   Code   RO         6479    i.drawHLine         lcd.o
    0x0800e196   0x0800e196   0x000000e6   Code   RO         6480    i.drawLine          lcd.o
    0x0800e27c   0x0800e27c   0x0000003e   Code   RO         6481    i.drawPoints        lcd.o
    0x0800e2ba   0x0800e2ba   0x00000054   Code   RO         6482    i.drawRect          lcd.o
    0x0800e30e   0x0800e30e   0x00000002   PAD
    0x0800e310   0x0800e310   0x00000058   Code   RO         6711    i.drawShutDownMsg   gui.o
    0x0800e368   0x0800e368   0x0000002e   Code   RO         6483    i.drawVLine         lcd.o
    0x0800e396   0x0800e396   0x00000002   PAD
    0x0800e398   0x0800e398   0x00000028   Code   RO         7510    i.enq_lock          ff.o
    0x0800e3c0   0x0800e3c0   0x0000002c   Code   RO         7511    i.f_close           ff.o
    0x0800e3ec   0x0800e3ec   0x00000026   Code   RO         7512    i.f_closedir        ff.o
    0x0800e412   0x0800e412   0x000000fc   Code   RO         7513    i.f_getfree         ff.o
    0x0800e50e   0x0800e50e   0x00000002   PAD
    0x0800e510   0x0800e510   0x00000060   Code   RO         7518    i.f_mount           ff.o
    0x0800e570   0x0800e570   0x0000023a   Code   RO         7519    i.f_open            ff.o
    0x0800e7aa   0x0800e7aa   0x00000098   Code   RO         7520    i.f_opendir         ff.o
    0x0800e842   0x0800e842   0x0000005c   Code   RO         7525    i.f_readdir         ff.o
    0x0800e89e   0x0800e89e   0x000000a0   Code   RO         7528    i.f_sync            ff.o
    0x0800e93e   0x0800e93e   0x000001ee   Code   RO         7531    i.f_write           ff.o
    0x0800eb2c   0x0800eb2c   0x00000018   Code   RO         9278    i.fabs              m_wv.l(fabs.o)
    0x0800eb44   0x0800eb44   0x0000007c   Code   RO         7953    i.ff_convert        cc936.o
    0x0800ebc0   0x0800ebc0   0x000000a4   Code   RO         7954    i.ff_wtoupper       cc936.o
    0x0800ec64   0x0800ec64   0x000001a8   Code   RO         6484    i.fill_By_DMA2D     lcd.o
    0x0800ee0c   0x0800ee0c   0x00000300   Code   RO         7532    i.find_volume       ff.o
    0x0800f10c   0x0800f10c   0x000000a2   Code   RO         7533    i.follow_path       ff.o
    0x0800f1ae   0x0800f1ae   0x00000002   PAD
    0x0800f1b0   0x0800f1b0   0x00000020   Code   RO         6369    i.fputc             usart.o
    0x0800f1d0   0x0800f1d0   0x00000050   Code   RO         9173    i.free              mc_w.l(malloc.o)
    0x0800f220   0x0800f220   0x000000cc   Code   RO         7534    i.gen_numname       ff.o
    0x0800f2ec   0x0800f2ec   0x00000042   Code   RO         6485    i.getFontHeight     lcd.o
    0x0800f32e   0x0800f32e   0x00000042   Code   RO         6486    i.getFontWidth      lcd.o
    0x0800f370   0x0800f370   0x000000c0   Code   RO         6487    i.getStrWidth       lcd.o
    0x0800f430   0x0800f430   0x000000e0   Code   RO         7535    i.get_fat           ff.o
    0x0800f510   0x0800f510   0x00000004   Code   RO         8618    i.get_fattime       fatfs.o
    0x0800f514   0x0800f514   0x00000154   Code   RO         7536    i.get_fileinfo      ff.o
    0x0800f668   0x0800f668   0x00000048   Code   RO         7537    i.get_ldnumber      ff.o
    0x0800f6b0   0x0800f6b0   0x000000bc   Code   RO         7538    i.inc_lock          ff.o
    0x0800f76c   0x0800f76c   0x00000026   Code   RO         7539    i.ld_clust          ff.o
    0x0800f792   0x0800f792   0x00000018   Code   RO         7540    i.ld_dword          ff.o
    0x0800f7aa   0x0800f7aa   0x0000000c   Code   RO         7541    i.ld_word           ff.o
    0x0800f7b6   0x0800f7b6   0x00000002   PAD
    0x0800f7b8   0x0800f7b8   0x00000024   Code   RO           15    i.main              main.o
    0x0800f7dc   0x0800f7dc   0x0000006c   Code   RO         9174    i.malloc            mc_w.l(malloc.o)
    0x0800f848   0x0800f848   0x00000024   Code   RO         7542    i.mem_cmp           ff.o
    0x0800f86c   0x0800f86c   0x0000001a   Code   RO         7543    i.mem_cpy           ff.o
    0x0800f886   0x0800f886   0x00000012   Code   RO         7544    i.mem_set           ff.o
    0x0800f898   0x0800f898   0x00000278   Code   RO         7137    i.menuRecall        cmd.o
    0x0800fb10   0x0800fb10   0x00000034   Code   RO         7545    i.move_window       ff.o
    0x0800fb44   0x0800fb44   0x00000008   Code   RO         7330    i.myOS_100ms_Func   myos.o
    0x0800fb4c   0x0800fb4c   0x00000002   Code   RO         7331    i.myOS_10ms_Func    myos.o
    0x0800fb4e   0x0800fb4e   0x00000002   Code   RO         7332    i.myOS_1ms_Func     myos.o
    0x0800fb50   0x0800fb50   0x0000004c   Code   RO         7333    i.myOS_InitTasks    myos.o
    0x0800fb9c   0x0800fb9c   0x00000058   Code   RO         7334    i.myOS_ProcessTasks  myos.o
    0x0800fbf4   0x0800fbf4   0x00000028   Code   RO         7335    i.myOS_RegisterTask  myos.o
    0x0800fc1c   0x0800fc1c   0x0000000a   Code   RO         7207    i.myOS_ShutDown     power.o
    0x0800fc26   0x0800fc26   0x00000002   PAD
    0x0800fc28   0x0800fc28   0x000000ac   Code   RO         7208    i.myOS_checkShutDown  power.o
    0x0800fcd4   0x0800fcd4   0x00000060   Code   RO         7336    i.myOs_DevInit      myos.o
    0x0800fd34   0x0800fd34   0x00000088   Code   RO         7546    i.pick_lfn          ff.o
    0x0800fdbc   0x0800fdbc   0x00000138   Code   RO         7547    i.put_fat           ff.o
    0x0800fef4   0x0800fef4   0x00000080   Code   RO         7548    i.put_lfn           ff.o
    0x0800ff74   0x0800ff74   0x000000c4   Code   RO         6488    i.readAsciiDot      lcd.o
    0x08010038   0x08010038   0x000000c0   Code   RO         6489    i.readHZDot         lcd.o
    0x080100f8   0x080100f8   0x0000009a   Code   RO         7552    i.remove_chain      ff.o
    0x08010192   0x08010192   0x00000002   PAD
    0x08010194   0x08010194   0x00000030   Code   RO         7138    i.screenRecall      cmd.o
    0x080101c4   0x080101c4   0x0000000c   Code   RO         6490    i.setLcdDirection   lcd.o
    0x080101d0   0x080101d0   0x0000007c   Code   RO         6491    i.setPixel          lcd.o
    0x0801024c   0x0801024c   0x00000034   Code   RO         7176    i.shiftContext      btnfunc.o
    0x08010280   0x08010280   0x00000134   Code   RO         7111    i.snapShot          bmp.o
    0x080103b4   0x080103b4   0x00000024   Code   RO         7553    i.st_clust          ff.o
    0x080103d8   0x080103d8   0x00000018   Code   RO         7554    i.st_dword          ff.o
    0x080103f0   0x080103f0   0x0000000c   Code   RO         7555    i.st_word           ff.o
    0x080103fc   0x080103fc   0x00000020   Code   RO         7556    i.sum_sfn           ff.o
    0x0801041c   0x0801041c   0x00000090   Code   RO         7557    i.sync_fs           ff.o
    0x080104ac   0x080104ac   0x00000052   Code   RO         7558    i.sync_window       ff.o
    0x080104fe   0x080104fe   0x00000002   PAD
    0x08010500   0x08010500   0x0000002c   Code   RO         6714    i.test01            gui.o
    0x0801052c   0x0801052c   0x0000003c   Code   RO         7559    i.validate          ff.o
    0x08010568   0x08010568   0x00000018   Data   RO         4921    .constdata          stm32h7xx_hal_uart.o
    0x08010580   0x08010580   0x00000010   Data   RO         5291    .constdata          stm32h7xx_hal_uart_ex.o
    0x08010590   0x08010590   0x00000010   Data   RO         5571    .constdata          system_stm32h7xx.o
    0x080105a0   0x080105a0   0x0000000f   Data   RO         7177    .constdata          btnfunc.o
    0x080105af   0x080105af   0x000005f4   Data   RO         7240    .constdata          asc12.o
    0x08010ba3   0x08010ba3   0x00001000   Data   RO         7247    .constdata          asc16.o
    0x08011ba3   0x08011ba3   0x00000c73   Data   RO         7254    .constdata          asc24.o
    0x08012816   0x08012816   0x0000028c   Data   RO         7261    .constdata          asc32.o
    0x08012aa2   0x08012aa2   0x00000002   Data   RO         7268    .constdata          hz12.o
    0x08012aa4   0x08012aa4   0x00000002   Data   RO         7281    .constdata          hz16.o
    0x08012aa6   0x08012aa6   0x000001be   Data   RO         7294    .constdata          hz24.o
    0x08012c64   0x08012c64   0x00000002   Data   RO         7307    .constdata          hz32.o
    0x08012c66   0x08012c66   0x00000180   Data   RO         7320    .constdata          ra8875_asc_width.o
    0x08012de6   0x08012de6   0x0000002a   Data   RO         7561    .constdata          ff.o
    0x08012e10   0x08012e10   0x0002abb6   Data   RO         7955    .constdata          cc936.o
    0x0803d9c6   0x0803d9c6   0x00000002   PAD
    0x0803d9c8   0x0803d9c8   0x00000014   Data   RO         8567    .constdata          usbh_diskio.o
    0x0803d9dc   0x0803d9dc   0x00000004   PAD
    0x0803d9e0   0x0803d9e0   0x00000030   Data   RO         9204    .constdata          m_wv.l(cos_i.o)
    0x0803da10   0x0803da10   0x000000c8   Data   RO         9222    .constdata          m_wv.l(rred.o)
    0x0803dad8   0x0803dad8   0x00000028   Data   RO         9226    .constdata          m_wv.l(sin_i.o)
    0x0803db00   0x0803db00   0x00000081   Data   RO         9291    .constdata          mc_w.l(ctype_o.o)
    0x0803db81   0x0803db81   0x00000003   PAD
    0x0803db84   0x0803db84   0x00000004   Data   RO         9292    .constdata          mc_w.l(ctype_o.o)
    0x0803db88   0x0803db88   0x00000016   Data   RO         6715    .conststring        gui.o
    0x0803db9e   0x0803db9e   0x00000002   PAD
    0x0803dba0   0x0803dba0   0x00000004   Data   RO         8377    .conststring        usbh_msc.o
    0x0803dba4   0x0803dba4   0x00000020   Data   RO         9324    Region$$Table       anon$$obj.o


    Execution Region RW_IRAM1 (Exec base: 0x20000000, Load base: 0x0803dbc4, Size: 0x000058f8, Max: 0x00020000, ABSOLUTE, COMPRESSED[0x000001b8])

    Exec Addr    Load Addr    Size         Type   Attr      Idx    E Section Name        Object

    0x20000000   COMPRESSED   0x00000009   Data   RW         2480    .data               stm32h7xx_hal.o
    0x20000009   COMPRESSED   0x00000003   PAD
    0x2000000c   COMPRESSED   0x00000008   Data   RW         5572    .data               system_stm32h7xx.o
    0x20000014   COMPRESSED   0x00000018   Data   RW         6186    .data               spi.o
    0x2000002c   COMPRESSED   0x0000000f   Data   RW         6270    .data               systick.o
    0x2000003b   COMPRESSED   0x00000001   PAD
    0x2000003c   COMPRESSED   0x00000005   Data   RW         6371    .data               usart.o
    0x20000041   COMPRESSED   0x00000003   PAD
    0x20000044   COMPRESSED   0x00000420   Data   RW         6493    .data               lcd.o
    0x20000464   COMPRESSED   0x000007c3   Data   RW         6716    .data               gui.o
    0x20000c27   COMPRESSED   0x00000001   PAD
    0x20000c28   COMPRESSED   0x0000001c   Data   RW         7030    .data               file.o
    0x20000c44   COMPRESSED   0x00000020   Data   RW         7139    .data               cmd.o
    0x20000c64   COMPRESSED   0x00000001   Data   RW         7178    .data               btnfunc.o
    0x20000c65   COMPRESSED   0x00000003   Data   RW         7209    .data               power.o
    0x20000c68   COMPRESSED   0x00000002   Data   RW         7338    .data               myos.o
    0x20000c6a   COMPRESSED   0x00000002   PAD
    0x20000c6c   COMPRESSED   0x00000006   Data   RW         7562    .data               ff.o
    0x20000c72   COMPRESSED   0x00000002   PAD
    0x20000c74   COMPRESSED   0x00000020   Data   RW         8378    .data               usbh_msc.o
    0x20000c94   COMPRESSED   0x00000005   Data   RW         8620    .data               fatfs.o
    0x20000c99   COMPRESSED   0x00000001   Data   RW         8827    .data               usb_host.o
    0x20000c9a   COMPRESSED   0x00000002   PAD
    0x20000c9c   COMPRESSED   0x00000004   Data   RW         8905    .data               mc_w.l(strtok.o)
    0x20000ca0   COMPRESSED   0x00000004   Data   RW         9247    .data               mc_w.l(stdout.o)
    0x20000ca4   COMPRESSED   0x00000004   Data   RW         9254    .data               mc_w.l(mvars.o)
    0x20000ca8   COMPRESSED   0x00000004   Data   RW         9255    .data               mc_w.l(mvars.o)
    0x20000cac   COMPRESSED   0x00000004   Data   RW         9259    .data               mc_w.l(errno.o)
    0x20000cb0        -       0x000000a8   Zero   RW         5913    .bss                ltdc.o
    0x20000d58        -       0x000000e4   Zero   RW         6117    .bss                tim.o
    0x20000e3c        -       0x00002178   Zero   RW         6185    .bss                spi.o
    0x20002fb4        -       0x00000030   Zero   RW         6269    .bss                systick.o
    0x20002fe4        -       0x000000f4   Zero   RW         6370    .bss                usart.o
    0x200030d8        -       0x0000101c   Zero   RW         6614    .bss                flash.o
    0x200040f4        -       0x00000118   Zero   RW         7029    .bss                file.o
    0x2000420c        -       0x00000180   Zero   RW         7337    .bss                myos.o
    0x2000438c        -       0x00000020   Zero   RW         7560    .bss                ff.o
    0x200043ac        -       0x0000000c   Zero   RW         7883    .bss                ff_gen_drv.o
    0x200043b8        -       0x00000464   Zero   RW         8619    .bss                fatfs.o
    0x2000481c        -       0x00000304   Zero   RW         8682    .bss                usbh_conf.o
    0x20004b20        -       0x000003d8   Zero   RW         8826    .bss                usb_host.o
    0x20004ef8        -       0x00000200   Zero   RW            2    HEAP                startup_stm32h750xx.o
    0x200050f8        -       0x00000800   Zero   RW            1    STACK               startup_stm32h750xx.o



  Load Region LR$$.ARM.__AT_0x24000000 (Base: 0x24000000, Size: 0x00000000, Max: 0x0005dc00, ABSOLUTE)

    Execution Region ER$$.ARM.__AT_0x24000000 (Exec base: 0x24000000, Load base: 0x24000000, Size: 0x0005dc00, Max: 0x0005dc00, ABSOLUTE, UNINIT)

    Exec Addr    Load Addr    Size         Type   Attr      Idx    E Section Name        Object

    0x24000000        -       0x0005dc00   Zero   RW         6492    .ARM.__AT_0x24000000  lcd.o


==============================================================================

Image component sizes


      Code (inc. data)   RO Data    RW Data    ZI Data      Debug   Object Name

         0          0       1524          0          0        456   asc12.o
         0          0       4096          0          0        456   asc16.o
         0          0       3187          0          0        456   asc24.o
         0          0        652          0          0        456   asc32.o
       308         32          0          0          0       1227   bmp.o
       124         12         15          1          0       1405   btnfunc.o
       288         26     175030          0          0       2591   cc936.o
      1044        206          0         32          0       2765   cmd.o
        54          0          0          0          0       1055   config.o
       120         12          0          0          0       1615   ctr.o
       208         24          0          0          0      22164   diskio.o
        32         12          0          5       1124       1740   fatfs.o
      7970        104         42          6         32      51290   ff.o
       102          6          0          0         12       1815   ff_gen_drv.o
       824        314          0         28        280       3487   file.o
      2364        198          0          0       4124      11368   flash.o
       368         16          0          0          0       4327   gpio.o
      1726        178         22       1987          0       8951   gui.o
         0          0          2          0          0        541   hz12.o
         0          0          2          0          0        541   hz16.o
         0          0        446          0          0        545   hz24.o
         0          0          2          0          0        541   hz32.o
      2460         82          0       1056     384000      14980   lcd.o
       284         28          0          0        168       2773   ltdc.o
       270         22          0          0          0    1285797   main.o
       312         46          0          2        384       4400   myos.o
       182         16          0          3          0       1506   power.o
         0          0        384          0          0        718   ra8875_asc_width.o
       468         68          0         24       8568       4419   spi.o
        36          8        664          0       2560        868   startup_stm32h750xx.o
       272         52          0          9          0      23576   stm32h7xx_hal.o
       310         22          0          0          0      40267   stm32h7xx_hal_cortex.o
      2164         34          0          0          0       4303   stm32h7xx_hal_dma.o
       548         52          0          0          0       3147   stm32h7xx_hal_gpio.o
      5972          0          0          0          0      14253   stm32h7xx_hal_hcd.o
      1154          6          0          0          0       4735   stm32h7xx_hal_ltdc.o
      1048         84          0          0          0       4421   stm32h7xx_hal_msp.o
       116         12          0          0          0       1406   stm32h7xx_hal_pwr_ex.o
      3524        108          0          0          0       7040   stm32h7xx_hal_rcc.o
      4784        110          0          0          0       7369   stm32h7xx_hal_rcc_ex.o
      1758         14          0          0          0       6862   stm32h7xx_hal_spi.o
      2452        228          0          0          0      14574   stm32h7xx_hal_tim.o
       192         26          0          0          0       1424   stm32h7xx_hal_tim_ex.o
      4786        182         24          0          0      36590   stm32h7xx_hal_uart.o
       360         10         16          0          0       5682   stm32h7xx_hal_uart_ex.o
        42          6          0          0          0    1297665   stm32h7xx_it.o
      2652         58          0          0          0      18939   stm32h7xx_ll_usb.o
         0          0          0          0          0        588   syscall.o
       260         40         16          8          0       1414   system_stm32h7xx.o
       484         70          0         15         48      46514   systick.o
       388         24          0          0        228       2427   tim.o
       344         54          0          5        244       3057   usart.o
       164         30          0          1        984      11118   usb_host.o
       898         20          0          0        772      16169   usbh_conf.o
      1916         22          0          0          0      12315   usbh_core.o
      1380         12          0          0          0      13626   usbh_ctlreq.o
       390         20         20          0          0       4617   usbh_diskio.o
       226          0          0          0          0       4804   usbh_ioreq.o
      2664         10          4         32          0      11397   usbh_msc.o
       878         26          0          0          0       5657   usbh_msc_bot.o
      1032          0          0          0          0       6263   usbh_msc_scsi.o
       172          0          0          0          0       4322   usbh_pipes.o

    ----------------------------------------------------------------------
     62932       2742     186188       3228     403528    3071794   Object Totals
         0          0         32          0          0          0   (incl. Generated)
        58          0          8         14          0          0   (incl. Padding)

    ----------------------------------------------------------------------

      Code (inc. data)   RO Data    RW Data    ZI Data      Debug   Library Member Name

       224         42         48          0          0        184   cos_i.o
        48         28          0          0          0        232   dunder.o
        24          0          0          0          0        124   fabs.o
        48          0          0          0          0        124   fpclassify.o
       112          0          0          0          0        116   poly.o
       784        138        200          0          0        172   rred.o
       176         18          0          0          0        160   sin.o
       168         24         40          0          0        196   sin_i.o
        86          0          0          0          0          0   __dczerorl2.o
        28          0          0          0          0         68   _chval.o
       158          0          0          0          0         92   _strtoul.o
        26          0          0          0          0         80   atoi.o
         8          4        133          0          0         68   ctype_o.o
         0          0          0          0          0          0   entry.o
         0          0          0          0          0          0   entry10a.o
         0          0          0          0          0          0   entry11a.o
         4          0          0          0          0          0   entry12b.o
         8          4          0          0          0          0   entry2.o
         4          0          0          0          0          0   entry5.o
         0          0          0          0          0          0   entry7b.o
         0          0          0          0          0          0   entry8b.o
         8          4          0          0          0          0   entry9a.o
        20         10          0          4          0        136   errno.o
        30          0          0          0          0          0   handlers.o
        36          8          0          0          0         68   init.o
         0          0          0          0          0          0   iusefp.o
        30          0          0          0          0         68   llshl.o
        32          0          0          0          0         68   llushr.o
       188         20          0          0          0        160   malloc.o
        26          0          0          0          0         80   memcmp.o
        36          0          0          0          0         68   memcpya.o
        36          0          0          0          0        108   memseta.o
         0          0          0          8          0          0   mvars.o
       638         20          0          0          0        336   printf4.o
         0          0          0          4          0          0   stdout.o
        28          0          0          0          0         76   strcmp.o
        18          0          0          0          0         68   strcpy.o
        14          0          0          0          0         68   strlen.o
        68          6          0          4          0         80   strtok.o
       112          0          0          0          0         88   strtol.o
        98          0          0          0          0         92   uldiv.o

    ----------------------------------------------------------------------
      3324        326        424         20          0       3180   Library Totals
         0          0          3          0          0          0   (incl. Padding)

    ----------------------------------------------------------------------

      Code (inc. data)   RO Data    RW Data    ZI Data      Debug   Library Name

      1584        250        288          0          0       1308   m_wv.l
      1740         76        133         20          0       1872   mc_w.l

    ----------------------------------------------------------------------
      3324        326        424         20          0       3180   Library Totals

    ----------------------------------------------------------------------

==============================================================================


      Code (inc. data)   RO Data    RW Data    ZI Data      Debug   

     66256       3068     186612       3248     403528    3035422   Grand Totals
     66256       3068     186612        440     403528    3035422   ELF Image Totals (compressed)
     66256       3068     186612        440          0          0   ROM Totals

==============================================================================

    Total RO  Size (Code + RO Data)               252868 ( 246.94kB)
    Total RW  Size (RW Data + ZI Data)            406776 ( 397.24kB)
    Total ROM Size (Code + RO Data + RW Data)     253308 ( 247.37kB)

==============================================================================

