Component: ARM Compiler 5.06 update 6 (build 750) Tool: armlink [4d35ed]

==============================================================================

Section Cross References

    startup_stm32h750xx.o(STACK) refers (Special) to heapauxi.o(.text) for __use_two_region_memory
    startup_stm32h750xx.o(HEAP) refers (Special) to heapauxi.o(.text) for __use_two_region_memory
    startup_stm32h750xx.o(RESET) refers (Special) to heapauxi.o(.text) for __use_two_region_memory
    startup_stm32h750xx.o(RESET) refers to startup_stm32h750xx.o(STACK) for __initial_sp
    startup_stm32h750xx.o(RESET) refers to startup_stm32h750xx.o(.text) for Reset_Handler
    startup_stm32h750xx.o(RESET) refers to stm32h7xx_it.o(i.NMI_Handler) for NMI_Handler
    startup_stm32h750xx.o(RESET) refers to stm32h7xx_it.o(i.HardFault_Handler) for HardFault_Handler
    startup_stm32h750xx.o(RESET) refers to stm32h7xx_it.o(i.MemManage_Handler) for MemManage_Handler
    startup_stm32h750xx.o(RESET) refers to stm32h7xx_it.o(i.BusFault_Handler) for BusFault_Handler
    startup_stm32h750xx.o(RESET) refers to stm32h7xx_it.o(i.UsageFault_Handler) for UsageFault_Handler
    startup_stm32h750xx.o(RESET) refers to stm32h7xx_it.o(i.SVC_Handler) for SVC_Handler
    startup_stm32h750xx.o(RESET) refers to stm32h7xx_it.o(i.DebugMon_Handler) for DebugMon_Handler
    startup_stm32h750xx.o(RESET) refers to stm32h7xx_it.o(i.PendSV_Handler) for PendSV_Handler
    startup_stm32h750xx.o(RESET) refers to systick.o(i.SysTick_Handler) for SysTick_Handler
    startup_stm32h750xx.o(.text) refers (Special) to heapauxi.o(.text) for __use_two_region_memory
    startup_stm32h750xx.o(.text) refers to system_stm32h7xx.o(i.SystemInit) for SystemInit
    startup_stm32h750xx.o(.text) refers to __main.o(!!!main) for __main
    startup_stm32h750xx.o(.text) refers to startup_stm32h750xx.o(HEAP) for Heap_Mem
    startup_stm32h750xx.o(.text) refers to startup_stm32h750xx.o(STACK) for Stack_Mem
    main.o(i.SystemClock_Config) refers to rt_memclr_w.o(.text) for __aeabi_memclr4
    main.o(i.SystemClock_Config) refers to stm32h7xx_hal_pwr_ex.o(i.HAL_PWREx_ConfigSupply) for HAL_PWREx_ConfigSupply
    main.o(i.SystemClock_Config) refers to stm32h7xx_hal_rcc.o(i.HAL_RCC_OscConfig) for HAL_RCC_OscConfig
    main.o(i.SystemClock_Config) refers to main.o(i.Error_Handler) for Error_Handler
    main.o(i.SystemClock_Config) refers to stm32h7xx_hal_rcc.o(i.HAL_RCC_ClockConfig) for HAL_RCC_ClockConfig
    main.o(i.main) refers to stm32h7xx_hal.o(i.HAL_Init) for HAL_Init
    main.o(i.main) refers to main.o(i.SystemClock_Config) for SystemClock_Config
    main.o(i.main) refers to myos.o(i.myOs_DevInit) for myOs_DevInit
    stm32h7xx_hal_msp.o(i.HAL_LTDC_MspDeInit) refers to stm32h7xx_hal_gpio.o(i.HAL_GPIO_DeInit) for HAL_GPIO_DeInit
    stm32h7xx_hal_msp.o(i.HAL_LTDC_MspInit) refers to rt_memclr_w.o(.text) for __aeabi_memclr4
    stm32h7xx_hal_msp.o(i.HAL_LTDC_MspInit) refers to stm32h7xx_hal_rcc_ex.o(i.HAL_RCCEx_PeriphCLKConfig) for HAL_RCCEx_PeriphCLKConfig
    stm32h7xx_hal_msp.o(i.HAL_LTDC_MspInit) refers to main.o(i.Error_Handler) for Error_Handler
    stm32h7xx_hal_msp.o(i.HAL_LTDC_MspInit) refers to stm32h7xx_hal_gpio.o(i.HAL_GPIO_Init) for HAL_GPIO_Init
    stm32h7xx_hal_msp.o(i.HAL_TIM_MspPostInit) refers to rt_memclr_w.o(.text) for __aeabi_memclr4
    stm32h7xx_hal_msp.o(i.HAL_TIM_MspPostInit) refers to stm32h7xx_hal_gpio.o(i.HAL_GPIO_Init) for HAL_GPIO_Init
    stm32h7xx_hal_cortex.o(i.HAL_NVIC_GetPriorityGrouping) refers to stm32h7xx_hal_cortex.o(i.__NVIC_GetPriorityGrouping) for __NVIC_GetPriorityGrouping
    stm32h7xx_hal_cortex.o(i.HAL_NVIC_SetPriority) refers to stm32h7xx_hal_cortex.o(i.__NVIC_GetPriorityGrouping) for __NVIC_GetPriorityGrouping
    stm32h7xx_hal_cortex.o(i.HAL_NVIC_SetPriority) refers to stm32h7xx_hal_cortex.o(i.__NVIC_SetPriority) for __NVIC_SetPriority
    stm32h7xx_hal_cortex.o(i.HAL_SYSTICK_Config) refers to stm32h7xx_hal_cortex.o(i.__NVIC_SetPriority) for __NVIC_SetPriority
    stm32h7xx_hal_cortex.o(i.HAL_SYSTICK_IRQHandler) refers to stm32h7xx_hal_cortex.o(i.HAL_SYSTICK_Callback) for HAL_SYSTICK_Callback
    stm32h7xx_hal_ltdc.o(i.HAL_LTDC_ConfigLayer) refers to rt_memcpy_w.o(.text) for __aeabi_memcpy4
    stm32h7xx_hal_ltdc.o(i.HAL_LTDC_ConfigLayer) refers to stm32h7xx_hal_ltdc.o(i.LTDC_SetConfig) for LTDC_SetConfig
    stm32h7xx_hal_ltdc.o(i.HAL_LTDC_ConfigLayer_NoReload) refers to rt_memcpy_w.o(.text) for __aeabi_memcpy4
    stm32h7xx_hal_ltdc.o(i.HAL_LTDC_ConfigLayer_NoReload) refers to stm32h7xx_hal_ltdc.o(i.LTDC_SetConfig) for LTDC_SetConfig
    stm32h7xx_hal_ltdc.o(i.HAL_LTDC_DeInit) refers to stm32h7xx_hal_msp.o(i.HAL_LTDC_MspDeInit) for HAL_LTDC_MspDeInit
    stm32h7xx_hal_ltdc.o(i.HAL_LTDC_IRQHandler) refers to stm32h7xx_hal_ltdc.o(i.HAL_LTDC_ErrorCallback) for HAL_LTDC_ErrorCallback
[...]
    .text                                    0x08000410   Section        0  strcpy.o(.text)
    .text                                    0x08000458   Section      138  rt_memcpy_v6.o(.text)
    .text                                    0x080004e2   Section      100  rt_memcpy_w.o(.text)
    .text                                    0x08000546   Section       16  aeabi_memset.o(.text)
    .text                                    0x08000556   Section       78  rt_memclr_w.o(.text)
    .text                                    0x080005a4   Section        0  heapauxi.o(.text)
    .text                                    0x080005aa   Section       68  rt_memclr.o(.text)
    .text                                    0x080005ee   Section       74  sys_stackheap_outer.o(.text)
    .text                                    0x08000638   Section        0  exit.o(.text)
    .text                                    0x0800064c   Section        8  libspace.o(.text)
    .text                                    0x08000654   Section        0  sys_exit.o(.text)
    .text                                    0x08000660   Section        2  use_no_semi.o(.text)
    .text                                    0x08000662   Section        0  indicate_semi.o(.text)
    i.BusFault_Handler                       0x08000662   Section        0  stm32h7xx_it.o(i.BusFault_Handler)
    i.CHA_calibrate                          0x08000668   Section        0  ctr.o(i.CHA_calibrate)
    i.CHA_couple                             0x08000698   Section        0  ctr.o(i.CHA_couple)
    i.CONFIG_Init                            0x080006c8   Section        0  config.o(i.CONFIG_Init)
    i.DebugMon_Handler                       0x080006f2   Section        0  stm32h7xx_it.o(i.DebugMon_Handler)
    i.Error_Handler                          0x080006f4   Section        0  main.o(i.Error_Handler)
    i.Flash_AutoWriteSector                  0x080006fc   Section        0  flash.o(i.Flash_AutoWriteSector)
    Flash_AutoWriteSector                    0x080006fd   Thumb Code   268  flash.o(i.Flash_AutoWriteSector)
    i.Flash_CmpData                          0x08000810   Section        0  flash.o(i.Flash_CmpData)
    Flash_CmpData                            0x08000811   Thumb Code   242  flash.o(i.Flash_CmpData)
    i.Flash_EraseSector                      0x08000914   Section        0  flash.o(i.Flash_EraseSector)
    i.Flash_Init                             0x08000984   Section        0  flash.o(i.Flash_Init)
    i.Flash_NeedErase                        0x080009d0   Section        0  flash.o(i.Flash_NeedErase)
    Flash_NeedErase                          0x080009d1   Thumb Code    40  flash.o(i.Flash_NeedErase)
    i.Flash_PageWrite                        0x080009f8   Section        0  flash.o(i.Flash_PageWrite)
    i.Flash_ReadBuffer                       0x08000c18   Section        0  flash.o(i.Flash_ReadBuffer)
    i.Flash_ReadID                           0x08000ce4   Section        0  flash.o(i.Flash_ReadID)
    i.Flash_ReadInfo                         0x08000d30   Section        0  flash.o(i.Flash_ReadInfo)
    i.Flash_SetCS                            0x08000e1c   Section        0  flash.o(i.Flash_SetCS)
    i.Flash_WaitForWriteEnd                  0x08000e50   Section        0  flash.o(i.Flash_WaitForWriteEnd)
    Flash_WaitForWriteEnd                    0x08000e51   Thumb Code    82  flash.o(i.Flash_WaitForWriteEnd)
    i.Flash_WriteBuffer                      0x08000eb0   Section        0  flash.o(i.Flash_WriteBuffer)
    i.Flash_WriteEnable                      0x08001004   Section        0  flash.o(i.Flash_WriteEnable)
    Flash_WriteEnable                        0x08001005   Thumb Code    44  flash.o(i.Flash_WriteEnable)
    i.GPIO_DevInit                           0x08001038   Section        0  gpio.o(i.GPIO_DevInit)
    i.GUI_drawBtn                            0x080010f0   Section        0  gui.o(i.GUI_drawBtn)
    i.GUI_drawLabel                          0x0800123c   Section        0  gui.o(i.GUI_drawLabel)
    i.HAL_Delay                              0x08001370   Section        0  stm32h7xx_hal.o(i.HAL_Delay)
    i.HAL_GPIO_Init                          0x08001398   Section        0  stm32h7xx_hal_gpio.o(i.HAL_GPIO_Init)
    i.HAL_GPIO_WritePin                      0x080015a0   Section        0  stm32h7xx_hal_gpio.o(i.HAL_GPIO_WritePin)
    i.HAL_GetREVID                           0x080015ac   Section        0  stm32h7xx_hal.o(i.HAL_GetREVID)
    i.HAL_GetTick                            0x080015b8   Section        0  stm32h7xx_hal.o(i.HAL_GetTick)
    i.HAL_IncTick                            0x080015c4   Section        0  stm32h7xx_hal.o(i.HAL_IncTick)
    i.HAL_Init                               0x080015dc   Section        0  stm32h7xx_hal.o(i.HAL_Init)
    i.HAL_InitTick                           0x0800163c   Section        0  stm32h7xx_hal.o(i.HAL_InitTick)
    i.HAL_LTDC_ConfigCLUT                    0x08001694   Section        0  stm32h7xx_hal_ltdc.o(i.HAL_LTDC_ConfigCLUT)
    i.HAL_LTDC_ConfigLayer                   0x08001744   Section        0  stm32h7xx_hal_ltdc.o(i.HAL_LTDC_ConfigLayer)
    i.HAL_LTDC_EnableCLUT                    0x080017a2   Section        0  stm32h7xx_hal_ltdc.o(i.HAL_LTDC_EnableCLUT)
    i.HAL_LTDC_Init                          0x080017f0   Section        0  stm32h7xx_hal_ltdc.o(i.HAL_LTDC_Init)
    i.HAL_LTDC_MspInit                       0x08001908   Section        0  stm32h7xx_hal_msp.o(i.HAL_LTDC_MspInit)
    i.HAL_MspInit                            0x08001abc   Section        0  stm32h7xx_hal_msp.o(i.HAL_MspInit)
    i.HAL_NVIC_SetPriority                   0x08001ae0   Section        0  stm32h7xx_hal_cortex.o(i.HAL_NVIC_SetPriority)
    i.HAL_NVIC_SetPriorityGrouping           0x08001b5c   Section        0  stm32h7xx_hal_cortex.o(i.HAL_NVIC_SetPriorityGrouping)
    i.HAL_PWREx_ConfigSupply                 0x08001b84   Section        0  stm32h7xx_hal_pwr_ex.o(i.HAL_PWREx_ConfigSupply)
    i.HAL_RCCEx_PeriphCLKConfig              0x08001be4   Section        0  stm32h7xx_hal_rcc_ex.o(i.HAL_RCCEx_PeriphCLKConfig)
    i.HAL_RCC_ClockConfig                    0x08002748   Section        0  stm32h7xx_hal_rcc.o(i.HAL_RCC_ClockConfig)
    i.HAL_RCC_GetSysClockFreq                0x08002a68   Section        0  stm32h7xx_hal_rcc.o(i.HAL_RCC_GetSysClockFreq)
    i.HAL_RCC_OscConfig                      0x08002c94   Section        0  stm32h7xx_hal_rcc.o(i.HAL_RCC_OscConfig)
    i.HAL_SPI_DeInit                         0x08003478   Section        0  stm32h7xx_hal_spi.o(i.HAL_SPI_DeInit)
    i.HAL_SPI_Init                           0x080034b0   Section        0  stm32h7xx_hal_spi.o(i.HAL_SPI_Init)
    i.HAL_SPI_MspDeInit                      0x0800362c   Section        0  stm32h7xx_hal_spi.o(i.HAL_SPI_MspDeInit)
    i.HAL_SPI_MspInit                        0x08003630   Section        0  spi.o(i.HAL_SPI_MspInit)
    i.HAL_SPI_TransmitReceive                0x080036f4   Section        0  stm32h7xx_hal_spi.o(i.HAL_SPI_TransmitReceive)
    i.HAL_SYSTICK_Config                     0x08003af4   Section        0  stm32h7xx_hal_cortex.o(i.HAL_SYSTICK_Config)
    i.HAL_TIMEx_MasterConfigSynchronization  0x08003b28   Section        0  stm32h7xx_hal_tim_ex.o(i.HAL_TIMEx_MasterConfigSynchronization)
    i.HAL_TIM_Base_Init                      0x08003be8   Section        0  stm32h7xx_hal_tim.o(i.HAL_TIM_Base_Init)
    i.HAL_TIM_Base_MspInit                   0x08003c58   Section        0  stm32h7xx_hal_msp.o(i.HAL_TIM_Base_MspInit)
    i.HAL_TIM_ConfigClockSource              0x08003cac   Section        0  stm32h7xx_hal_tim.o(i.HAL_TIM_ConfigClockSource)
    i.HAL_TIM_MspPostInit                    0x08003ddc   Section        0  stm32h7xx_hal_msp.o(i.HAL_TIM_MspPostInit)
    i.HAL_TIM_PWM_ConfigChannel              0x08003e7c   Section        0  stm32h7xx_hal_tim.o(i.HAL_TIM_PWM_ConfigChannel)
    i.HAL_TIM_PWM_Init                       0x08003fe4   Section        0  stm32h7xx_hal_tim.o(i.HAL_TIM_PWM_Init)
    i.HAL_TIM_PWM_MspInit                    0x08004052   Section        0  stm32h7xx_hal_tim.o(i.HAL_TIM_PWM_MspInit)
    i.HAL_TIM_PWM_Start                      0x08004054   Section        0  stm32h7xx_hal_tim.o(i.HAL_TIM_PWM_Start)
    i.HardFault_Handler                      0x080041b0   Section        0  stm32h7xx_it.o(i.HardFault_Handler)
    i.LTDC_SetConfig                         0x080041b4   Section        0  stm32h7xx_hal_ltdc.o(i.LTDC_SetConfig)
    LTDC_SetConfig                           0x080041b5   Thumb Code   528  stm32h7xx_hal_ltdc.o(i.LTDC_SetConfig)
    i.Lcd_Init                               0x080043c4   Section        0  lcd.o(i.Lcd_Init)
    i.MX_LTDC_Init                           0x08004400   Section        0  ltdc.o(i.MX_LTDC_Init)
    i.MemManage_Handler                      0x080044e4   Section        0  stm32h7xx_it.o(i.MemManage_Handler)
    i.NMI_Handler                            0x080044e8   Section        0  stm32h7xx_it.o(i.NMI_Handler)
    i.PendSV_Handler                         0x080044ec   Section        0  stm32h7xx_it.o(i.PendSV_Handler)
    i.RCCEx_PLL2_Config                      0x080044f0   Section        0  stm32h7xx_hal_rcc_ex.o(i.RCCEx_PLL2_Config)
    RCCEx_PLL2_Config                        0x080044f1   Thumb Code   350  stm32h7xx_hal_rcc_ex.o(i.RCCEx_PLL2_Config)
    i.RCCEx_PLL3_Config                      0x08004654   Section        0  stm32h7xx_hal_rcc_ex.o(i.RCCEx_PLL3_Config)
    RCCEx_PLL3_Config                        0x08004655   Thumb Code   350  stm32h7xx_hal_rcc_ex.o(i.RCCEx_PLL3_Config)
    i.SPIBusEnter                            0x080047b8   Section        0  spi.o(i.SPIBusEnter)
    i.SPIBusExit                             0x080047c4   Section        0  spi.o(i.SPIBusExit)
    i.SPI_BusInit                            0x080047d0   Section        0  spi.o(i.SPI_BusInit)
    i.SPI_CloseTransfer                      0x080047ec   Section        0  stm32h7xx_hal_spi.o(i.SPI_CloseTransfer)
    SPI_CloseTransfer                        0x080047ed   Thumb Code   214  stm32h7xx_hal_spi.o(i.SPI_CloseTransfer)
    i.SPI_GetPacketSize                      0x080048c2   Section        0  stm32h7xx_hal_spi.o(i.SPI_GetPacketSize)
    SPI_GetPacketSize                        0x080048c3   Thumb Code    26  stm32h7xx_hal_spi.o(i.SPI_GetPacketSize)
    i.SPI_Init                               0x080048dc   Section        0  spi.o(i.SPI_Init)
    i.SPI_WaitOnFlagUntilTimeout             0x08004978   Section        0  stm32h7xx_hal_spi.o(i.SPI_WaitOnFlagUntilTimeout)
    SPI_WaitOnFlagUntilTimeout               0x08004979   Thumb Code    64  stm32h7xx_hal_spi.o(i.SPI_WaitOnFlagUntilTimeout)
    i.SVC_Handler                            0x080049b8   Section        0  stm32h7xx_it.o(i.SVC_Handler)
    i.SysTick_Handler                        0x080049bc   Section        0  systick.o(i.SysTick_Handler)
    i.SysTick_ISR                            0x080049d8   Section        0  systick.o(i.SysTick_ISR)
    i.SystemClock_Config                     0x08004a5c   Section        0  main.o(i.SystemClock_Config)
    i.SystemInit                             0x08004b40   Section        0  system_stm32h7xx.o(i.SystemInit)
    i.Systick_CounterDec                     0x08004c44   Section        0  systick.o(i.Systick_CounterDec)
    Systick_CounterDec                       0x08004c45   Thumb Code    28  systick.o(i.Systick_CounterDec)
    i.Systick_Init                           0x08004c60   Section        0  systick.o(i.Systick_Init)
    i.TIM_Base_SetConfig                     0x08004d04   Section        0  stm32h7xx_hal_tim.o(i.TIM_Base_SetConfig)
    i.TIM_CCxChannelCmd                      0x08004dd0   Section        0  stm32h7xx_hal_tim.o(i.TIM_CCxChannelCmd)
    i.TIM_ETR_SetConfig                      0x08004df2   Section        0  stm32h7xx_hal_tim.o(i.TIM_ETR_SetConfig)
    i.TIM_ITRx_SetConfig                     0x08004e08   Section        0  stm32h7xx_hal_tim.o(i.TIM_ITRx_SetConfig)
    TIM_ITRx_SetConfig                       0x08004e09   Thumb Code    18  stm32h7xx_hal_tim.o(i.TIM_ITRx_SetConfig)
    i.TIM_LcdBright_Init                     0x08004e20   Section        0  tim.o(i.TIM_LcdBright_Init)
    i.TIM_OC1_SetConfig                      0x08004ed0   Section        0  stm32h7xx_hal_tim.o(i.TIM_OC1_SetConfig)
    TIM_OC1_SetConfig                        0x08004ed1   Thumb Code   146  stm32h7xx_hal_tim.o(i.TIM_OC1_SetConfig)
    i.TIM_OC2_SetConfig                      0x08004f7c   Section        0  stm32h7xx_hal_tim.o(i.TIM_OC2_SetConfig)
    i.TIM_OC3_SetConfig                      0x08005030   Section        0  stm32h7xx_hal_tim.o(i.TIM_OC3_SetConfig)
    TIM_OC3_SetConfig                        0x08005031   Thumb Code   154  stm32h7xx_hal_tim.o(i.TIM_OC3_SetConfig)
    i.TIM_OC4_SetConfig                      0x080050e0   Section        0  stm32h7xx_hal_tim.o(i.TIM_OC4_SetConfig)
    TIM_OC4_SetConfig                        0x080050e1   Thumb Code    92  stm32h7xx_hal_tim.o(i.TIM_OC4_SetConfig)
    i.TIM_OC5_SetConfig                      0x08005150   Section        0  stm32h7xx_hal_tim.o(i.TIM_OC5_SetConfig)
    TIM_OC5_SetConfig                        0x08005151   Thumb Code    86  stm32h7xx_hal_tim.o(i.TIM_OC5_SetConfig)
    i.TIM_OC6_SetConfig                      0x080051bc   Section        0  stm32h7xx_hal_tim.o(i.TIM_OC6_SetConfig)
    TIM_OC6_SetConfig                        0x080051bd   Thumb Code    88  stm32h7xx_hal_tim.o(i.TIM_OC6_SetConfig)
    i.TIM_TI1_ConfigInputStage               0x08005228   Section        0  stm32h7xx_hal_tim.o(i.TIM_TI1_ConfigInputStage)
    TIM_TI1_ConfigInputStage                 0x08005229   Thumb Code    38  stm32h7xx_hal_tim.o(i.TIM_TI1_ConfigInputStage)
    i.TIM_TI2_ConfigInputStage               0x0800524e   Section        0  stm32h7xx_hal_tim.o(i.TIM_TI2_ConfigInputStage)
    TIM_TI2_ConfigInputStage                 0x0800524f   Thumb Code    40  stm32h7xx_hal_tim.o(i.TIM_TI2_ConfigInputStage)
    i.UsageFault_Handler                     0x08005276   Section        0  stm32h7xx_it.o(i.UsageFault_Handler)
    i.__NVIC_GetPriorityGrouping             0x0800527c   Section        0  stm32h7xx_hal_cortex.o(i.__NVIC_GetPriorityGrouping)
    __NVIC_GetPriorityGrouping               0x0800527d   Thumb Code    10  stm32h7xx_hal_cortex.o(i.__NVIC_GetPriorityGrouping)
    i.__NVIC_SetPriority                     0x0800528c   Section        0  stm32h7xx_hal_cortex.o(i.__NVIC_SetPriority)
    __NVIC_SetPriority                       0x0800528d   Thumb Code    32  stm32h7xx_hal_cortex.o(i.__NVIC_SetPriority)
    i.analog_init                            0x080052b4   Section        0  ctr.o(i.analog_init)
    i.bsp_spiTransfer                        0x080052c4   Section        0  spi.o(i.bsp_spiTransfer)
    i.clearLcd                               0x08005304   Section        0  lcd.o(i.clearLcd)
    i.dispStrEx                              0x080053ac   Section        0  lcd.o(i.dispStrEx)
    i.drawBottomLine                         0x08005598   Section        0  gui.o(i.drawBottomLine)
    i.drawHLine                              0x08005644   Section        0  lcd.o(i.drawHLine)
    i.drawMenu                               0x08005674   Section        0  gui.o(i.drawMenu)
    i.drawRect                               0x080057e8   Section        0  lcd.o(i.drawRect)
    i.drawVLine                              0x0800583e   Section        0  lcd.o(i.drawVLine)
    i.drawWelcomeWin                         0x0800586c   Section        0  gui.o(i.drawWelcomeWin)
    i.fill_By_DMA2D                          0x080058c4   Section        0  lcd.o(i.fill_By_DMA2D)
    i.getFontHeight                          0x08005a6c   Section        0  lcd.o(i.getFontHeight)
    i.getFontWidth                           0x08005aae   Section        0  lcd.o(i.getFontWidth)
    i.getStrWidth                            0x08005af0   Section        0  lcd.o(i.getStrWidth)
    i.main                                   0x08005bb0   Section        0  main.o(i.main)
    i.myOS_10ms_Func                         0x08005bc0   Section        0  myos.o(i.myOS_10ms_Func)
    i.myOS_1ms_Func                          0x08005bc2   Section        0  myos.o(i.myOS_1ms_Func)
    i.myOs_DevInit                           0x08005bc4   Section        0  myos.o(i.myOs_DevInit)
    i.readAsciiDot                           0x08005be0   Section        0  lcd.o(i.readAsciiDot)
    readAsciiDot                             0x08005be1   Thumb Code   178  lcd.o(i.readAsciiDot)
    i.readHZDot                              0x08005ca4   Section        0  lcd.o(i.readHZDot)
    readHZDot                                0x08005ca5   Thumb Code   174  lcd.o(i.readHZDot)
    i.setLcdDirection                        0x08005d64   Section        0  lcd.o(i.setLcdDirection)
    i.setPixel                               0x08005d70   Section        0  lcd.o(i.setPixel)
    i.test01                                 0x08005dec   Section        0  gui.o(i.test01)
    x$fpl$fpinit                             0x08005ebc   Section       10  fpinit.o(x$fpl$fpinit)
    $v0                                      0x08005ebc   Number         0  fpinit.o(x$fpl$fpinit)
    .constdata                               0x08005ec6   Section       16  system_stm32h7xx.o(.constdata)
    .constdata                               0x08005ed8   Section     1024  lcd.o(.constdata)
    .constdata                               0x080062d8   Section     1524  asc12.o(.constdata)
    .constdata                               0x080068cc   Section     4096  asc16.o(.constdata)
    .constdata                               0x080078cc   Section     3187  asc24.o(.constdata)
    .constdata                               0x0800853f   Section      652  asc32.o(.constdata)
    .constdata                               0x080087cb   Section        2  hz12.o(.constdata)
    .constdata                               0x080087cd   Section        2  hz16.o(.constdata)
    .constdata                               0x080087cf   Section      446  hz24.o(.constdata)
    .constdata                               0x0800898d   Section        2  hz32.o(.constdata)
    .constdata                               0x0800898f   Section      384  ra8875_asc_width.o(.constdata)
    .conststring                             0x08008b10   Section       10  gui.o(.conststring)
    .data                                    0x20000000   Section        9  stm32h7xx_hal.o(.data)
    .data                                    0x2000000c   Section        8  system_stm32h7xx.o(.data)
    .data                                    0x20000014   Section       24  spi.o(.data)
    s_BaudRatePrescaler                      0x20000014   Data           4  spi.o(.data)
    s_CLKPhase                               0x20000018   Data           4  spi.o(.data)
    s_CLKPolarity                            0x2000001c   Data           4  spi.o(.data)
    .data                                    0x2000002c   Section       14  systick.o(.data)
    delayMsCount                             0x2000002c   Data           4  systick.o(.data)
    delayMsTimeOutFlag                       0x20000030   Data           1  systick.o(.data)
    SystickISRFlag                           0x20000038   Data           1  systick.o(.data)
    s_count                                  0x20000039   Data           1  systick.o(.data)
    .data                                    0x2000003c   Section       32  lcd.o(.data)
    .data                                    0x2000005c   Section      622  gui.o(.data)
    .bss                                     0x200002cc   Section      168  ltdc.o(.bss)
    .bss                                     0x20000374   Section      152  tim.o(.bss)
    .bss                                     0x2000040c   Section     8568  spi.o(.bss)
    hspi                                     0x2000040c   Data         136  spi.o(.bss)
    hdma_tx                                  0x20000494   Data         120  spi.o(.bss)
    hdma_rx                                  0x2000050c   Data         120  spi.o(.bss)
    .bss                                     0x20002584   Section       48  systick.o(.bss)
    softTimerArray                           0x20002584   Data          48  systick.o(.bss)
    .bss                                     0x200025b4   Section     4124  flash.o(.bss)
    s_spiBuf                                 0x200025d0   Data        4096  flash.o(.bss)
    .bss                                     0x200035d0   Section       96  libspace.o(.bss)
    HEAP                                     0x20003630   Section      512  startup_stm32h750xx.o(HEAP)
    Heap_Mem                                 0x20003630   Data         512  startup_stm32h750xx.o(HEAP)
    STACK                                    0x20003830   Section     1024  startup_stm32h750xx.o(STACK)
    Stack_Mem                                0x20003830   Data        1024  startup_stm32h750xx.o(STACK)
    __initial_sp                             0x20003c30   Data           0  startup_stm32h750xx.o(STACK)
    .ARM.__AT_0x24000000                     0x24000000   Section    384000  lcd.o(.ARM.__AT_0x24000000)

    Global Symbols

    Symbol Name                              Value     Ov Type        Size  Object(Section)

    BuildAttributes$$THM_ISAv4$E$P$D$K$B$S$7EM$VFPv5_D16$PE$PLD8$A:L22UL41UL21$X:L11$S22US41US21$IEEE1$IW$USESV6$~STKCKD$USESV7$~SHL$OSPACE$ROPI$EBA8$UX$STANDARDLIB$REQ8$PRES8$EABIv2 0x00000000   Number         0  anon$$obj.o ABSOLUTE
    __ARM_use_no_argv                        0x00000000   Number         0  main.o ABSOLUTE
    __ARM_exceptions_init                     - Undefined Weak Reference
    __alloca_initialize                       - Undefined Weak Reference
    __arm_preinit_                            - Undefined Weak Reference
    __cpp_initialize__aeabi_                  - Undefined Weak Reference
    __cxa_finalize                            - Undefined Weak Reference
    __rt_locale                               - Undefined Weak Reference
    __sigvec_lookup                           - Undefined Weak Reference
    _atexit_init                              - Undefined Weak Reference
    _call_atexit_fns                          - Undefined Weak Reference
    _clock_init                               - Undefined Weak Reference
    _fp_trap_init                             - Undefined Weak Reference
    _fp_trap_shutdown                         - Undefined Weak Reference
    _get_lc_collate                           - Undefined Weak Reference
    _get_lc_ctype                             - Undefined Weak Reference
    _get_lc_monetary                          - Undefined Weak Reference
    _get_lc_numeric                           - Undefined Weak Reference
    _get_lc_time                              - Undefined Weak Reference
    _getenv_init                              - Undefined Weak Reference
    _handle_redirection                       - Undefined Weak Reference
    _init_alloc                               - Undefined Weak Reference
    _init_user_alloc                          - Undefined Weak Reference
    _initio                                   - Undefined Weak Reference
    _rand_init                                - Undefined Weak Reference
    _signal_finish                            - Undefined Weak Reference
    _signal_init                              - Undefined Weak Reference
    _terminate_alloc                          - Undefined Weak Reference
    _terminate_user_alloc                     - Undefined Weak Reference
    _terminateio                              - Undefined Weak Reference
    __Vectors_Size                           0x00000298   Number         0  startup_stm32h750xx.o ABSOLUTE
    __Vectors                                0x08000000   Data           4  startup_stm32h750xx.o(RESET)
    __Vectors_End                            0x08000298   Data           0  startup_stm32h750xx.o(RESET)
    __main                                   0x08000299   Thumb Code     8  __main.o(!!!main)
    __scatterload                            0x080002a1   Thumb Code     0  __scatter.o(!!!scatter)
    __scatterload_rt2                        0x080002a1   Thumb Code    44  __scatter.o(!!!scatter)
    __scatterload_rt2_thumb_only             0x080002a1   Thumb Code     0  __scatter.o(!!!scatter)
    __scatterload_null                       0x080002af   Thumb Code     0  __scatter.o(!!!scatter)
    __decompress                             0x080002d5   Thumb Code    90  __dczerorl2.o(!!dczerorl2)
    __decompress1                            0x080002d5   Thumb Code     0  __dczerorl2.o(!!dczerorl2)
    __scatterload_zeroinit                   0x08000331   Thumb Code    28  __scatter_zi.o(!!handler_zi)
    __rt_lib_init                            0x0800034d   Thumb Code     0  libinit.o(.ARM.Collect$$libinit$$00000000)
    __rt_lib_init_fp_1                       0x0800034f   Thumb Code     0  libinit2.o(.ARM.Collect$$libinit$$00000001)
    __rt_lib_init_alloca_1                   0x08000353   Thumb Code     0  libinit2.o(.ARM.Collect$$libinit$$0000002E)
    __rt_lib_init_argv_1                     0x08000353   Thumb Code     0  libinit2.o(.ARM.Collect$$libinit$$0000002C)
    __rt_lib_init_atexit_1                   0x08000353   Thumb Code     0  libinit2.o(.ARM.Collect$$libinit$$0000001B)
    __rt_lib_init_clock_1                    0x08000353   Thumb Code     0  libinit2.o(.ARM.Collect$$libinit$$00000021)
    __rt_lib_init_cpp_1                      0x08000353   Thumb Code     0  libinit2.o(.ARM.Collect$$libinit$$00000032)
    __rt_lib_init_exceptions_1               0x08000353   Thumb Code     0  libinit2.o(.ARM.Collect$$libinit$$00000030)
    __rt_lib_init_fp_trap_1                  0x08000353   Thumb Code     0  libinit2.o(.ARM.Collect$$libinit$$0000001F)
    __rt_lib_init_getenv_1                   0x08000353   Thumb Code     0  libinit2.o(.ARM.Collect$$libinit$$00000023)
    __rt_lib_init_heap_1                     0x08000353   Thumb Code     0  libinit2.o(.ARM.Collect$$libinit$$0000000A)
    __rt_lib_init_lc_collate_1               0x08000353   Thumb Code     0  libinit2.o(.ARM.Collect$$libinit$$00000011)
    __rt_lib_init_lc_ctype_1                 0x08000353   Thumb Code     0  libinit2.o(.ARM.Collect$$libinit$$00000013)
    __rt_lib_init_lc_monetary_1              0x08000353   Thumb Code     0  libinit2.o(.ARM.Collect$$libinit$$00000015)
    __rt_lib_init_lc_numeric_1               0x08000353   Thumb Code     0  libinit2.o(.ARM.Collect$$libinit$$00000017)
    __rt_lib_init_lc_time_1                  0x08000353   Thumb Code     0  libinit2.o(.ARM.Collect$$libinit$$00000019)
    __rt_lib_init_preinit_1                  0x08000353   Thumb Code     0  libinit2.o(.ARM.Collect$$libinit$$00000004)
    __rt_lib_init_rand_1                     0x08000353   Thumb Code     0  libinit2.o(.ARM.Collect$$libinit$$0000000E)
    __rt_lib_init_return                     0x08000353   Thumb Code     0  libinit2.o(.ARM.Collect$$libinit$$00000033)
    __rt_lib_init_signal_1                   0x08000353   Thumb Code     0  libinit2.o(.ARM.Collect$$libinit$$0000001D)
    __rt_lib_init_stdio_1                    0x08000353   Thumb Code     0  libinit2.o(.ARM.Collect$$libinit$$00000025)
    __rt_lib_init_user_alloc_1               0x08000353   Thumb Code     0  libinit2.o(.ARM.Collect$$libinit$$0000000C)
    __rt_lib_shutdown                        0x08000355   Thumb Code     0  libshutdown.o(.ARM.Collect$$libshutdown$$00000000)
    __rt_lib_shutdown_cpp_1                  0x08000357   Thumb Code     0  libshutdown2.o(.ARM.Collect$$libshutdown$$00000002)
    __rt_lib_shutdown_fp_trap_1              0x08000357   Thumb Code     0  libshutdown2.o(.ARM.Collect$$libshutdown$$00000007)
    __rt_lib_shutdown_heap_1                 0x08000357   Thumb Code     0  libshutdown2.o(.ARM.Collect$$libshutdown$$0000000F)
    __rt_lib_shutdown_return                 0x08000357   Thumb Code     0  libshutdown2.o(.ARM.Collect$$libshutdown$$00000010)
    __rt_lib_shutdown_signal_1               0x08000357   Thumb Code     0  libshutdown2.o(.ARM.Collect$$libshutdown$$0000000A)
    __rt_lib_shutdown_stdio_1                0x08000357   Thumb Code     0  libshutdown2.o(.ARM.Collect$$libshutdown$$00000004)
    __rt_lib_shutdown_user_alloc_1           0x08000357   Thumb Code     0  libshutdown2.o(.ARM.Collect$$libshutdown$$0000000C)
    __rt_entry                               0x08000359   Thumb Code     0  __rtentry.o(.ARM.Collect$$rtentry$$00000000)
    __rt_entry_presh_1                       0x08000359   Thumb Code     0  __rtentry2.o(.ARM.Collect$$rtentry$$00000002)
    __rt_entry_sh                            0x08000359   Thumb Code     0  __rtentry4.o(.ARM.Collect$$rtentry$$00000004)
    __rt_entry_li                            0x0800035f   Thumb Code     0  __rtentry2.o(.ARM.Collect$$rtentry$$0000000A)
    __rt_entry_postsh_1                      0x0800035f   Thumb Code     0  __rtentry2.o(.ARM.Collect$$rtentry$$00000009)
    __rt_entry_main                          0x08000363   Thumb Code     0  __rtentry2.o(.ARM.Collect$$rtentry$$0000000D)
    __rt_entry_postli_1                      0x08000363   Thumb Code     0  __rtentry2.o(.ARM.Collect$$rtentry$$0000000C)
    __rt_exit                                0x0800036b   Thumb Code     0  rtexit.o(.ARM.Collect$$rtexit$$00000000)
    __rt_exit_ls                             0x0800036d   Thumb Code     0  rtexit2.o(.ARM.Collect$$rtexit$$00000003)
    __rt_exit_prels_1                        0x0800036d   Thumb Code     0  rtexit2.o(.ARM.Collect$$rtexit$$00000002)
    __rt_exit_exit                           0x08000371   Thumb Code     0  rtexit2.o(.ARM.Collect$$rtexit$$00000004)
    Reset_Handler                            0x08000379   Thumb Code     8  startup_stm32h750xx.o(.text)
    ADC3_IRQHandler                          0x08000393   Thumb Code     0  startup_stm32h750xx.o(.text)
    ADC_IRQHandler                           0x08000393   Thumb Code     0  startup_stm32h750xx.o(.text)
    BDMA_Channel0_IRQHandler                 0x08000393   Thumb Code     0  startup_stm32h750xx.o(.text)
    BDMA_Channel1_IRQHandler                 0x08000393   Thumb Code     0  startup_stm32h750xx.o(.text)
    BDMA_Channel2_IRQHandler                 0x08000393   Thumb Code     0  startup_stm32h750xx.o(.text)
    BDMA_Channel3_IRQHandler                 0x08000393   Thumb Code     0  startup_stm32h750xx.o(.text)
    BDMA_Channel4_IRQHandler                 0x08000393   Thumb Code     0  startup_stm32h750xx.o(.text)
    BDMA_Channel5_IRQHandler                 0x08000393   Thumb Code     0  startup_stm32h750xx.o(.text)
    BDMA_Channel6_IRQHandler                 0x08000393   Thumb Code     0  startup_stm32h750xx.o(.text)
    BDMA_Channel7_IRQHandler                 0x08000393   Thumb Code     0  startup_stm32h750xx.o(.text)
    CEC_IRQHandler                           0x08000393   Thumb Code     0  startup_stm32h750xx.o(.text)
    COMP1_IRQHandler                         0x08000393   Thumb Code     0  startup_stm32h750xx.o(.text)
    CRS_IRQHandler                           0x08000393   Thumb Code     0  startup_stm32h750xx.o(.text)
    CRYP_IRQHandler                          0x08000393   Thumb Code     0  startup_stm32h750xx.o(.text)
    DCMI_IRQHandler                          0x08000393   Thumb Code     0  startup_stm32h750xx.o(.text)
    DFSDM1_FLT0_IRQHandler                   0x08000393   Thumb Code     0  startup_stm32h750xx.o(.text)
    DFSDM1_FLT1_IRQHandler                   0x08000393   Thumb Code     0  startup_stm32h750xx.o(.text)
    DFSDM1_FLT2_IRQHandler                   0x08000393   Thumb Code     0  startup_stm32h750xx.o(.text)
    DFSDM1_FLT3_IRQHandler                   0x08000393   Thumb Code     0  startup_stm32h750xx.o(.text)
    DMA1_Stream0_IRQHandler                  0x08000393   Thumb Code     0  startup_stm32h750xx.o(.text)
    DMA1_Stream1_IRQHandler                  0x08000393   Thumb Code     0  startup_stm32h750xx.o(.text)
    DMA1_Stream2_IRQHandler                  0x08000393   Thumb Code     0  startup_stm32h750xx.o(.text)
    DMA1_Stream3_IRQHandler                  0x08000393   Thumb Code     0  startup_stm32h750xx.o(.text)
    DMA1_Stream4_IRQHandler                  0x08000393   Thumb Code     0  startup_stm32h750xx.o(.text)
    DMA1_Stream5_IRQHandler                  0x08000393   Thumb Code     0  startup_stm32h750xx.o(.text)
    DMA1_Stream6_IRQHandler                  0x08000393   Thumb Code     0  startup_stm32h750xx.o(.text)
    DMA1_Stream7_IRQHandler                  0x08000393   Thumb Code     0  startup_stm32h750xx.o(.text)
    DMA2D_IRQHandler                         0x08000393   Thumb Code     0  startup_stm32h750xx.o(.text)
    DMA2_Stream0_IRQHandler                  0x08000393   Thumb Code     0  startup_stm32h750xx.o(.text)
    DMA2_Stream1_IRQHandler                  0x08000393   Thumb Code     0  startup_stm32h750xx.o(.text)
    DMA2_Stream2_IRQHandler                  0x08000393   Thumb Code     0  startup_stm32h750xx.o(.text)
    DMA2_Stream3_IRQHandler                  0x08000393   Thumb Code     0  startup_stm32h750xx.o(.text)
    DMA2_Stream4_IRQHandler                  0x08000393   Thumb Code     0  startup_stm32h750xx.o(.text)
    DMA2_Stream5_IRQHandler                  0x08000393   Thumb Code     0  startup_stm32h750xx.o(.text)
    DMA2_Stream6_IRQHandler                  0x08000393   Thumb Code     0  startup_stm32h750xx.o(.text)
    DMA2_Stream7_IRQHandler                  0x08000393   Thumb Code     0  startup_stm32h750xx.o(.text)
    DMAMUX1_OVR_IRQHandler                   0x08000393   Thumb Code     0  startup_stm32h750xx.o(.text)
    DMAMUX2_OVR_IRQHandler                   0x08000393   Thumb Code     0  startup_stm32h750xx.o(.text)
    ECC_IRQHandler                           0x08000393   Thumb Code     0  startup_stm32h750xx.o(.text)
    ETH_IRQHandler                           0x08000393   Thumb Code     0  startup_stm32h750xx.o(.text)
    ETH_WKUP_IRQHandler                      0x08000393   Thumb Code     0  startup_stm32h750xx.o(.text)
    EXTI0_IRQHandler                         0x08000393   Thumb Code     0  startup_stm32h750xx.o(.text)
    EXTI15_10_IRQHandler                     0x08000393   Thumb Code     0  startup_stm32h750xx.o(.text)
    EXTI1_IRQHandler                         0x08000393   Thumb Code     0  startup_stm32h750xx.o(.text)
    EXTI2_IRQHandler                         0x08000393   Thumb Code     0  startup_stm32h750xx.o(.text)
    EXTI3_IRQHandler                         0x08000393   Thumb Code     0  startup_stm32h750xx.o(.text)
    EXTI4_IRQHandler                         0x08000393   Thumb Code     0  startup_stm32h750xx.o(.text)
    EXTI9_5_IRQHandler                       0x08000393   Thumb Code     0  startup_stm32h750xx.o(.text)
    FDCAN1_IT0_IRQHandler                    0x08000393   Thumb Code     0  startup_stm32h750xx.o(.text)
    FDCAN1_IT1_IRQHandler                    0x08000393   Thumb Code     0  startup_stm32h750xx.o(.text)
    FDCAN2_IT0_IRQHandler                    0x08000393   Thumb Code     0  startup_stm32h750xx.o(.text)
    FDCAN2_IT1_IRQHandler                    0x08000393   Thumb Code     0  startup_stm32h750xx.o(.text)
    FDCAN_CAL_IRQHandler                     0x08000393   Thumb Code     0  startup_stm32h750xx.o(.text)
    FLASH_IRQHandler                         0x08000393   Thumb Code     0  startup_stm32h750xx.o(.text)
    FMC_IRQHandler                           0x08000393   Thumb Code     0  startup_stm32h750xx.o(.text)
    FPU_IRQHandler                           0x08000393   Thumb Code     0  startup_stm32h750xx.o(.text)
    HASH_RNG_IRQHandler                      0x08000393   Thumb Code     0  startup_stm32h750xx.o(.text)
    HRTIM1_FLT_IRQHandler                    0x08000393   Thumb Code     0  startup_stm32h750xx.o(.text)
    HRTIM1_Master_IRQHandler                 0x08000393   Thumb Code     0  startup_stm32h750xx.o(.text)
    HRTIM1_TIMA_IRQHandler                   0x08000393   Thumb Code     0  startup_stm32h750xx.o(.text)
    HRTIM1_TIMB_IRQHandler                   0x08000393   Thumb Code     0  startup_stm32h750xx.o(.text)
    HRTIM1_TIMC_IRQHandler                   0x08000393   Thumb Code     0  startup_stm32h750xx.o(.text)
    HRTIM1_TIMD_IRQHandler                   0x08000393   Thumb Code     0  startup_stm32h750xx.o(.text)
    HRTIM1_TIME_IRQHandler                   0x08000393   Thumb Code     0  startup_stm32h750xx.o(.text)
    HSEM1_IRQHandler                         0x08000393   Thumb Code     0  startup_stm32h750xx.o(.text)
    I2C1_ER_IRQHandler                       0x08000393   Thumb Code     0  startup_stm32h750xx.o(.text)
    I2C1_EV_IRQHandler                       0x08000393   Thumb Code     0  startup_stm32h750xx.o(.text)
    I2C2_ER_IRQHandler                       0x08000393   Thumb Code     0  startup_stm32h750xx.o(.text)
    I2C2_EV_IRQHandler                       0x08000393   Thumb Code     0  startup_stm32h750xx.o(.text)
    I2C3_ER_IRQHandler                       0x08000393   Thumb Code     0  startup_stm32h750xx.o(.text)
    I2C3_EV_IRQHandler                       0x08000393   Thumb Code     0  startup_stm32h750xx.o(.text)
    I2C4_ER_IRQHandler                       0x08000393   Thumb Code     0  startup_stm32h750xx.o(.text)
    I2C4_EV_IRQHandler                       0x08000393   Thumb Code     0  startup_stm32h750xx.o(.text)
    JPEG_IRQHandler                          0x08000393   Thumb Code     0  startup_stm32h750xx.o(.text)
    LPTIM1_IRQHandler                        0x08000393   Thumb Code     0  startup_stm32h750xx.o(.text)
    LPTIM2_IRQHandler                        0x08000393   Thumb Code     0  startup_stm32h750xx.o(.text)
    LPTIM3_IRQHandler                        0x08000393   Thumb Code     0  startup_stm32h750xx.o(.text)
    LPTIM4_IRQHandler                        0x08000393   Thumb Code     0  startup_stm32h750xx.o(.text)
    LPTIM5_IRQHandler                        0x08000393   Thumb Code     0  startup_stm32h750xx.o(.text)
    LPUART1_IRQHandler                       0x08000393   Thumb Code     0  startup_stm32h750xx.o(.text)
    LTDC_ER_IRQHandler                       0x08000393   Thumb Code     0  startup_stm32h750xx.o(.text)
    LTDC_IRQHandler                          0x08000393   Thumb Code     0  startup_stm32h750xx.o(.text)
    MDIOS_IRQHandler                         0x08000393   Thumb Code     0  startup_stm32h750xx.o(.text)
    MDIOS_WKUP_IRQHandler                    0x08000393   Thumb Code     0  startup_stm32h750xx.o(.text)
    MDMA_IRQHandler                          0x08000393   Thumb Code     0  startup_stm32h750xx.o(.text)
    OTG_FS_EP1_IN_IRQHandler                 0x08000393   Thumb Code     0  startup_stm32h750xx.o(.text)
    OTG_FS_EP1_OUT_IRQHandler                0x08000393   Thumb Code     0  startup_stm32h750xx.o(.text)
    OTG_FS_IRQHandler                        0x08000393   Thumb Code     0  startup_stm32h750xx.o(.text)
    OTG_FS_WKUP_IRQHandler                   0x08000393   Thumb Code     0  startup_stm32h750xx.o(.text)
    OTG_HS_EP1_IN_IRQHandler                 0x08000393   Thumb Code     0  startup_stm32h750xx.o(.text)
    OTG_HS_EP1_OUT_IRQHandler                0x08000393   Thumb Code     0  startup_stm32h750xx.o(.text)
    OTG_HS_IRQHandler                        0x08000393   Thumb Code     0  startup_stm32h750xx.o(.text)
    OTG_HS_WKUP_IRQHandler                   0x08000393   Thumb Code     0  startup_stm32h750xx.o(.text)
    PVD_AVD_IRQHandler                       0x08000393   Thumb Code     0  startup_stm32h750xx.o(.text)
    QUADSPI_IRQHandler                       0x08000393   Thumb Code     0  startup_stm32h750xx.o(.text)
    RCC_IRQHandler                           0x08000393   Thumb Code     0  startup_stm32h750xx.o(.text)
    RTC_Alarm_IRQHandler                     0x08000393   Thumb Code     0  startup_stm32h750xx.o(.text)
    RTC_WKUP_IRQHandler                      0x08000393   Thumb Code     0  startup_stm32h750xx.o(.text)
    SAI1_IRQHandler                          0x08000393   Thumb Code     0  startup_stm32h750xx.o(.text)
    SAI2_IRQHandler                          0x08000393   Thumb Code     0  startup_stm32h750xx.o(.text)
    SAI3_IRQHandler                          0x08000393   Thumb Code     0  startup_stm32h750xx.o(.text)
    SAI4_IRQHandler                          0x08000393   Thumb Code     0  startup_stm32h750xx.o(.text)
    SDMMC1_IRQHandler                        0x08000393   Thumb Code     0  startup_stm32h750xx.o(.text)
    SDMMC2_IRQHandler                        0x08000393   Thumb Code     0  startup_stm32h750xx.o(.text)
    SPDIF_RX_IRQHandler                      0x08000393   Thumb Code     0  startup_stm32h750xx.o(.text)
    SPI1_IRQHandler                          0x08000393   Thumb Code     0  startup_stm32h750xx.o(.text)
    SPI2_IRQHandler                          0x08000393   Thumb Code     0  startup_stm32h750xx.o(.text)
    SPI3_IRQHandler                          0x08000393   Thumb Code     0  startup_stm32h750xx.o(.text)
    SPI4_IRQHandler                          0x08000393   Thumb Code     0  startup_stm32h750xx.o(.text)
    SPI5_IRQHandler                          0x08000393   Thumb Code     0  startup_stm32h750xx.o(.text)
    SPI6_IRQHandler                          0x08000393   Thumb Code     0  startup_stm32h750xx.o(.text)
    SWPMI1_IRQHandler                        0x08000393   Thumb Code     0  startup_stm32h750xx.o(.text)
    TAMP_STAMP_IRQHandler                    0x08000393   Thumb Code     0  startup_stm32h750xx.o(.text)
    TIM15_IRQHandler                         0x08000393   Thumb Code     0  startup_stm32h750xx.o(.text)
    TIM16_IRQHandler                         0x08000393   Thumb Code     0  startup_stm32h750xx.o(.text)
    TIM17_IRQHandler                         0x08000393   Thumb Code     0  startup_stm32h750xx.o(.text)
    TIM1_BRK_IRQHandler                      0x08000393   Thumb Code     0  startup_stm32h750xx.o(.text)
    TIM1_CC_IRQHandler                       0x08000393   Thumb Code     0  startup_stm32h750xx.o(.text)
    TIM1_TRG_COM_IRQHandler                  0x08000393   Thumb Code     0  startup_stm32h750xx.o(.text)
    TIM1_UP_IRQHandler                       0x08000393   Thumb Code     0  startup_stm32h750xx.o(.text)
    TIM2_IRQHandler                          0x08000393   Thumb Code     0  startup_stm32h750xx.o(.text)
    TIM3_IRQHandler                          0x08000393   Thumb Code     0  startup_stm32h750xx.o(.text)
    TIM4_IRQHandler                          0x08000393   Thumb Code     0  startup_stm32h750xx.o(.text)
    TIM5_IRQHandler                          0x08000393   Thumb Code     0  startup_stm32h750xx.o(.text)
    TIM6_DAC_IRQHandler                      0x08000393   Thumb Code     0  startup_stm32h750xx.o(.text)
    TIM7_IRQHandler                          0x08000393   Thumb Code     0  startup_stm32h750xx.o(.text)
    TIM8_BRK_TIM12_IRQHandler                0x08000393   Thumb Code     0  startup_stm32h750xx.o(.text)
    TIM8_CC_IRQHandler                       0x08000393   Thumb Code     0  startup_stm32h750xx.o(.text)
    TIM8_TRG_COM_TIM14_IRQHandler            0x08000393   Thumb Code     0  startup_stm32h750xx.o(.text)
    TIM8_UP_TIM13_IRQHandler                 0x08000393   Thumb Code     0  startup_stm32h750xx.o(.text)
    UART4_IRQHandler                         0x08000393   Thumb Code     0  startup_stm32h750xx.o(.text)
    UART5_IRQHandler                         0x08000393   Thumb Code     0  startup_stm32h750xx.o(.text)
    UART7_IRQHandler                         0x08000393   Thumb Code     0  startup_stm32h750xx.o(.text)
    UART8_IRQHandler                         0x08000393   Thumb Code     0  startup_stm32h750xx.o(.text)
    USART1_IRQHandler                        0x08000393   Thumb Code     0  startup_stm32h750xx.o(.text)
    USART2_IRQHandler                        0x08000393   Thumb Code     0  startup_stm32h750xx.o(.text)
    USART3_IRQHandler                        0x08000393   Thumb Code     0  startup_stm32h750xx.o(.text)
    USART6_IRQHandler                        0x08000393   Thumb Code     0  startup_stm32h750xx.o(.text)
    WAKEUP_PIN_IRQHandler                    0x08000393   Thumb Code     0  startup_stm32h750xx.o(.text)
    WWDG_IRQHandler                          0x08000393   Thumb Code     0  startup_stm32h750xx.o(.text)
    __user_initial_stackheap                 0x08000395   Thumb Code     0  startup_stm32h750xx.o(.text)
    memcmp                                   0x080003b9   Thumb Code    88  memcmp.o(.text)
    strcpy                                   0x08000411   Thumb Code    72  strcpy.o(.text)
    __aeabi_memcpy                           0x08000459   Thumb Code     0  rt_memcpy_v6.o(.text)
    __rt_memcpy                              0x08000459   Thumb Code   138  rt_memcpy_v6.o(.text)
    _memcpy_lastbytes                        0x080004bf   Thumb Code     0  rt_memcpy_v6.o(.text)
    __aeabi_memcpy4                          0x080004e3   Thumb Code     0  rt_memcpy_w.o(.text)
    __aeabi_memcpy8                          0x080004e3   Thumb Code     0  rt_memcpy_w.o(.text)
    __rt_memcpy_w                            0x080004e3   Thumb Code   100  rt_memcpy_w.o(.text)
    _memcpy_lastbytes_aligned                0x0800052b   Thumb Code     0  rt_memcpy_w.o(.text)
    __aeabi_memset                           0x08000547   Thumb Code    16  aeabi_memset.o(.text)
    __aeabi_memclr4                          0x08000557   Thumb Code     0  rt_memclr_w.o(.text)
    __aeabi_memclr8                          0x08000557   Thumb Code     0  rt_memclr_w.o(.text)
    __rt_memclr_w                            0x08000557   Thumb Code    78  rt_memclr_w.o(.text)
    _memset_w                                0x0800055b   Thumb Code     0  rt_memclr_w.o(.text)
    __use_two_region_memory                  0x080005a5   Thumb Code     2  heapauxi.o(.text)
    __rt_heap_escrow$2region                 0x080005a7   Thumb Code     2  heapauxi.o(.text)
    __rt_heap_expand$2region                 0x080005a9   Thumb Code     2  heapauxi.o(.text)
    __aeabi_memclr                           0x080005ab   Thumb Code     0  rt_memclr.o(.text)
    __rt_memclr                              0x080005ab   Thumb Code    68  rt_memclr.o(.text)
    _memset                                  0x080005af   Thumb Code     0  rt_memclr.o(.text)
    __user_setup_stackheap                   0x080005ef   Thumb Code    74  sys_stackheap_outer.o(.text)
    exit                                     0x08000639   Thumb Code    18  exit.o(.text)
    __user_libspace                          0x0800064d   Thumb Code     8  libspace.o(.text)
    __user_perproc_libspace                  0x0800064d   Thumb Code     0  libspace.o(.text)
    __user_perthread_libspace                0x0800064d   Thumb Code     0  libspace.o(.text)
    _sys_exit                                0x08000655   Thumb Code     8  sys_exit.o(.text)
    __I$use$semihosting                      0x08000661   Thumb Code     0  use_no_semi.o(.text)
    __use_no_semihosting_swi                 0x08000661   Thumb Code     2  use_no_semi.o(.text)
    BusFault_Handler                         0x08000663   Thumb Code     4  stm32h7xx_it.o(i.BusFault_Handler)
    __semihosting_library_function           0x08000663   Thumb Code     0  indicate_semi.o(.text)
    CHA_calibrate                            0x08000669   Thumb Code    42  ctr.o(i.CHA_calibrate)
    CHA_couple                               0x08000699   Thumb Code    42  ctr.o(i.CHA_couple)
    CONFIG_Init                              0x080006c9   Thumb Code    42  config.o(i.CONFIG_Init)
    DebugMon_Handler                         0x080006f3   Thumb Code     2  stm32h7xx_it.o(i.DebugMon_Handler)
    Error_Handler                            0x080006f5   Thumb Code     6  main.o(i.Error_Handler)
    Flash_EraseSector                        0x08000915   Thumb Code   104  flash.o(i.Flash_EraseSector)
    Flash_Init                               0x08000985   Thumb Code    66  flash.o(i.Flash_Init)
    Flash_PageWrite                          0x080009f9   Thumb Code   528  flash.o(i.Flash_PageWrite)
    Flash_ReadBuffer                         0x08000c19   Thumb Code   188  flash.o(i.Flash_ReadBuffer)
    Flash_ReadID                             0x08000ce5   Thumb Code    62  flash.o(i.Flash_ReadID)
    Flash_ReadInfo                           0x08000d31   Thumb Code   162  flash.o(i.Flash_ReadInfo)
    Flash_SetCS                              0x08000e1d   Thumb Code    46  flash.o(i.Flash_SetCS)
    Flash_WriteBuffer                        0x08000eb1   Thumb Code   334  flash.o(i.Flash_WriteBuffer)
    GPIO_DevInit                             0x08001039   Thumb Code   174  gpio.o(i.GPIO_DevInit)
    GUI_drawBtn                              0x080010f1   Thumb Code   328  gui.o(i.GUI_drawBtn)
    GUI_drawLabel                            0x0800123d   Thumb Code   302  gui.o(i.GUI_drawLabel)
    HAL_Delay                                0x08001371   Thumb Code    36  stm32h7xx_hal.o(i.HAL_Delay)
    HAL_GPIO_Init                            0x08001399   Thumb Code   468  stm32h7xx_hal_gpio.o(i.HAL_GPIO_Init)
    HAL_GPIO_WritePin                        0x080015a1   Thumb Code    12  stm32h7xx_hal_gpio.o(i.HAL_GPIO_WritePin)
    HAL_GetREVID                             0x080015ad   Thumb Code     8  stm32h7xx_hal.o(i.HAL_GetREVID)
    HAL_GetTick                              0x080015b9   Thumb Code     6  stm32h7xx_hal.o(i.HAL_GetTick)
    HAL_IncTick                              0x080015c5   Thumb Code    16  stm32h7xx_hal.o(i.HAL_IncTick)
    HAL_Init                                 0x080015dd   Thumb Code    80  stm32h7xx_hal.o(i.HAL_Init)
    HAL_InitTick                             0x0800163d   Thumb Code    74  stm32h7xx_hal.o(i.HAL_InitTick)
    HAL_LTDC_ConfigCLUT                      0x08001695   Thumb Code   176  stm32h7xx_hal_ltdc.o(i.HAL_LTDC_ConfigCLUT)
    HAL_LTDC_ConfigLayer                     0x08001745   Thumb Code    94  stm32h7xx_hal_ltdc.o(i.HAL_LTDC_ConfigLayer)
    HAL_LTDC_EnableCLUT                      0x080017a3   Thumb Code    76  stm32h7xx_hal_ltdc.o(i.HAL_LTDC_EnableCLUT)
    HAL_LTDC_Init                            0x080017f1   Thumb Code   274  stm32h7xx_hal_ltdc.o(i.HAL_LTDC_Init)
    HAL_LTDC_MspInit                         0x08001909   Thumb Code   406  stm32h7xx_hal_msp.o(i.HAL_LTDC_MspInit)
    HAL_MspInit                              0x08001abd   Thumb Code    32  stm32h7xx_hal_msp.o(i.HAL_MspInit)
    HAL_NVIC_SetPriority                     0x08001ae1   Thumb Code   122  stm32h7xx_hal_cortex.o(i.HAL_NVIC_SetPriority)
    HAL_NVIC_SetPriorityGrouping             0x08001b5d   Thumb Code    32  stm32h7xx_hal_cortex.o(i.HAL_NVIC_SetPriorityGrouping)
    HAL_PWREx_ConfigSupply                   0x08001b85   Thumb Code    90  stm32h7xx_hal_pwr_ex.o(i.HAL_PWREx_ConfigSupply)
    HAL_RCCEx_PeriphCLKConfig                0x08001be5   Thumb Code  2910  stm32h7xx_hal_rcc_ex.o(i.HAL_RCCEx_PeriphCLKConfig)
    HAL_RCC_ClockConfig                      0x08002749   Thumb Code   774  stm32h7xx_hal_rcc.o(i.HAL_RCC_ClockConfig)
    HAL_RCC_GetSysClockFreq                  0x08002a69   Thumb Code   524  stm32h7xx_hal_rcc.o(i.HAL_RCC_GetSysClockFreq)
    HAL_RCC_OscConfig                        0x08002c95   Thumb Code  2010  stm32h7xx_hal_rcc.o(i.HAL_RCC_OscConfig)
    HAL_SPI_DeInit                           0x08003479   Thumb Code    56  stm32h7xx_hal_spi.o(i.HAL_SPI_DeInit)
    HAL_SPI_Init                             0x080034b1   Thumb Code   366  stm32h7xx_hal_spi.o(i.HAL_SPI_Init)
    HAL_SPI_MspDeInit                        0x0800362d   Thumb Code     2  stm32h7xx_hal_spi.o(i.HAL_SPI_MspDeInit)
    HAL_SPI_MspInit                          0x08003631   Thumb Code   182  spi.o(i.HAL_SPI_MspInit)
    HAL_SPI_TransmitReceive                  0x080036f5   Thumb Code  1024  stm32h7xx_hal_spi.o(i.HAL_SPI_TransmitReceive)
    HAL_SYSTICK_Config                       0x08003af5   Thumb Code    52  stm32h7xx_hal_cortex.o(i.HAL_SYSTICK_Config)
    HAL_TIMEx_MasterConfigSynchronization    0x08003b29   Thumb Code   166  stm32h7xx_hal_tim_ex.o(i.HAL_TIMEx_MasterConfigSynchronization)
    HAL_TIM_Base_Init                        0x08003be9   Thumb Code   110  stm32h7xx_hal_tim.o(i.HAL_TIM_Base_Init)
    HAL_TIM_Base_MspInit                     0x08003c59   Thumb Code    76  stm32h7xx_hal_msp.o(i.HAL_TIM_Base_MspInit)
    HAL_TIM_ConfigClockSource                0x08003cad   Thumb Code   300  stm32h7xx_hal_tim.o(i.HAL_TIM_ConfigClockSource)
    HAL_TIM_MspPostInit                      0x08003ddd   Thumb Code   144  stm32h7xx_hal_msp.o(i.HAL_TIM_MspPostInit)
    HAL_TIM_PWM_ConfigChannel                0x08003e7d   Thumb Code   360  stm32h7xx_hal_tim.o(i.HAL_TIM_PWM_ConfigChannel)
    HAL_TIM_PWM_Init                         0x08003fe5   Thumb Code   110  stm32h7xx_hal_tim.o(i.HAL_TIM_PWM_Init)
    HAL_TIM_PWM_MspInit                      0x08004053   Thumb Code     2  stm32h7xx_hal_tim.o(i.HAL_TIM_PWM_MspInit)
    HAL_TIM_PWM_Start                        0x08004055   Thumb Code   306  stm32h7xx_hal_tim.o(i.HAL_TIM_PWM_Start)
    HardFault_Handler                        0x080041b1   Thumb Code     4  stm32h7xx_it.o(i.HardFault_Handler)
    Lcd_Init                                 0x080043c5   Thumb Code    56  lcd.o(i.Lcd_Init)
    MX_LTDC_Init                             0x08004401   Thumb Code   210  ltdc.o(i.MX_LTDC_Init)
    MemManage_Handler                        0x080044e5   Thumb Code     4  stm32h7xx_it.o(i.MemManage_Handler)
    NMI_Handler                              0x080044e9   Thumb Code     4  stm32h7xx_it.o(i.NMI_Handler)
    PendSV_Handler                           0x080044ed   Thumb Code     2  stm32h7xx_it.o(i.PendSV_Handler)
    SPIBusEnter                              0x080047b9   Thumb Code     8  spi.o(i.SPIBusEnter)
    SPIBusExit                               0x080047c5   Thumb Code     8  spi.o(i.SPIBusExit)
    SPI_BusInit                              0x080047d1   Thumb Code    22  spi.o(i.SPI_BusInit)
    SPI_Init                                 0x080048dd   Thumb Code   136  spi.o(i.SPI_Init)
    SVC_Handler                              0x080049b9   Thumb Code     2  stm32h7xx_it.o(i.SVC_Handler)
    SysTick_Handler                          0x080049bd   Thumb Code    22  systick.o(i.SysTick_Handler)
    SysTick_ISR                              0x080049d9   Thumb Code   110  systick.o(i.SysTick_ISR)
    SystemClock_Config                       0x08004a5d   Thumb Code   216  main.o(i.SystemClock_Config)
    SystemInit                               0x08004b41   Thumb Code   220  system_stm32h7xx.o(i.SystemInit)
    Systick_Init                             0x08004c61   Thumb Code   142  systick.o(i.Systick_Init)
    TIM_Base_SetConfig                       0x08004d05   Thumb Code   170  stm32h7xx_hal_tim.o(i.TIM_Base_SetConfig)
    TIM_CCxChannelCmd                        0x08004dd1   Thumb Code    34  stm32h7xx_hal_tim.o(i.TIM_CCxChannelCmd)
    TIM_ETR_SetConfig                        0x08004df3   Thumb Code    22  stm32h7xx_hal_tim.o(i.TIM_ETR_SetConfig)
    TIM_LcdBright_Init                       0x08004e21   Thumb Code   166  tim.o(i.TIM_LcdBright_Init)
    TIM_OC2_SetConfig                        0x08004f7d   Thumb Code   156  stm32h7xx_hal_tim.o(i.TIM_OC2_SetConfig)
    UsageFault_Handler                       0x08005277   Thumb Code     4  stm32h7xx_it.o(i.UsageFault_Handler)
    analog_init                              0x080052b5   Thumb Code    16  ctr.o(i.analog_init)
    bsp_spiTransfer                          0x080052c5   Thumb Code    44  spi.o(i.bsp_spiTransfer)
    clearLcd                                 0x08005305   Thumb Code   162  lcd.o(i.clearLcd)
    dispStrEx                                0x080053ad   Thumb Code   492  lcd.o(i.dispStrEx)
    drawBottomLine                           0x08005599   Thumb Code   162  gui.o(i.drawBottomLine)
    drawHLine                                0x08005645   Thumb Code    46  lcd.o(i.drawHLine)
    drawMenu                                 0x08005675   Thumb Code   350  gui.o(i.drawMenu)
    drawRect                                 0x080057e9   Thumb Code    86  lcd.o(i.drawRect)
    drawVLine                                0x0800583f   Thumb Code    46  lcd.o(i.drawVLine)
    drawWelcomeWin                           0x0800586d   Thumb Code    80  gui.o(i.drawWelcomeWin)
    fill_By_DMA2D                            0x080058c5   Thumb Code   414  lcd.o(i.fill_By_DMA2D)
    getFontHeight                            0x08005a6d   Thumb Code    66  lcd.o(i.getFontHeight)
    getFontWidth                             0x08005aaf   Thumb Code    66  lcd.o(i.getFontWidth)
    getStrWidth                              0x08005af1   Thumb Code   178  lcd.o(i.getStrWidth)
    main                                     0x08005bb1   Thumb Code    16  main.o(i.main)
    myOS_10ms_Func                           0x08005bc1   Thumb Code     2  myos.o(i.myOS_10ms_Func)
    myOS_1ms_Func                            0x08005bc3   Thumb Code     2  myos.o(i.myOS_1ms_Func)
    myOs_DevInit                             0x08005bc5   Thumb Code    28  myos.o(i.myOs_DevInit)
    setLcdDirection                          0x08005d65   Thumb Code     6  lcd.o(i.setLcdDirection)
    setPixel                                 0x08005d71   Thumb Code   118  lcd.o(i.setPixel)
    test01                                   0x08005ded   Thumb Code   192  gui.o(i.test01)
    _fp_init                                 0x08005ebd   Thumb Code    10  fpinit.o(x$fpl$fpinit)
    __fplib_config_fpu_vfp                   0x08005ec5   Thumb Code     0  fpinit.o(x$fpl$fpinit)
    __fplib_config_pureend_doubles           0x08005ec5   Thumb Code     0  fpinit.o(x$fpl$fpinit)
    D1CorePrescTable                         0x08005ec6   Data          16  system_stm32h7xx.o(.constdata)
    osc_color_table                          0x08005ed8   Data        1024  lcd.o(.constdata)
    g_Ascii12                                0x080062d8   Data        1524  asc12.o(.constdata)
    g_Ascii16                                0x080068cc   Data        4096  asc16.o(.constdata)
    g_Ascii24                                0x080078cc   Data        3187  asc24.o(.constdata)
    g_Ascii32                                0x0800853f   Data         652  asc32.o(.constdata)
    g_Hz12                                   0x080087cb   Data           2  hz12.o(.constdata)
    g_Hz16                                   0x080087cd   Data           2  hz16.o(.constdata)
    g_Hz24                                   0x080087cf   Data         446  hz24.o(.constdata)
    g_Hz32                                   0x0800898d   Data           2  hz32.o(.constdata)
    g_RA8875_Ascii12_width                   0x0800898f   Data          96  ra8875_asc_width.o(.constdata)
    g_RA8875_Ascii16_width                   0x080089ef   Data          96  ra8875_asc_width.o(.constdata)
    g_RA8875_Ascii24_width                   0x08008a4f   Data          96  ra8875_asc_width.o(.constdata)
    g_RA8875_Ascii32_width                   0x08008aaf   Data          96  ra8875_asc_width.o(.constdata)
    Region$$Table$$Base                      0x08008b1c   Number         0  anon$$obj.o(Region$$Table)
    Region$$Table$$Limit                     0x08008b3c   Number         0  anon$$obj.o(Region$$Table)
    uwTick                                   0x20000000   Data           4  stm32h7xx_hal.o(.data)
    uwTickPrio                               0x20000004   Data           4  stm32h7xx_hal.o(.data)
    uwTickFreq                               0x20000008   Data           1  stm32h7xx_hal.o(.data)
    SystemCoreClock                          0x2000000c   Data           4  system_stm32h7xx.o(.data)
    SystemD2Clock                            0x20000010   Data           4  system_stm32h7xx.o(.data)
    g_spiLen                                 0x20000020   Data           4  spi.o(.data)
    g_spi_busy                               0x20000024   Data           1  spi.o(.data)
    wTransferState                           0x20000028   Data           4  spi.o(.data)
    runTime                                  0x20000034   Data           4  systick.o(.data)
    myLcd                                    0x2000003c   Data          32  lcd.o(.data)
    curFrame                                 0x2000005c   Data           1  gui.o(.data)
    flagMenuChanged                          0x2000005d   Data           1  gui.o(.data)
    curMenuPage                              0x20000060   Data           4  gui.o(.data)
    flagMenuShow                             0x20000064   Data           1  gui.o(.data)
    measureStruct                            0x20000068   Data         500  gui.o(.data)
    bottomStruct                             0x2000025c   Data         101  gui.o(.data)
    menuFont                                 0x200002c2   Data           8  gui.o(.data)
    hltdc                                    0x200002cc   Data         168  ltdc.o(.bss)
    htim2                                    0x20000374   Data          76  tim.o(.bss)
    htim3                                    0x200003c0   Data          76  tim.o(.bss)
    g_spiTxBuf                               0x20000584   Data        4096  spi.o(.bss)
    g_spiRxBuf                               0x20001584   Data        4096  spi.o(.bss)
    FlashInfo                                0x200025b4   Data          28  flash.o(.bss)
    __libspace_start                         0x200035d0   Data          96  libspace.o(.bss)
    __temporary_stack_top$libspace           0x20003630   Data           0  libspace.o(.bss)
    Layer1Buffer                             0x24000000   Data       384000  lcd.o(.ARM.__AT_0x24000000)



==============================================================================

Memory Map of the image

  Image Entry point : 0x08000299

  Load Region LR_IROM1 (Base: 0x08000000, Size: 0x00008e08, Max: 0x00080000, ABSOLUTE, COMPRESSED[0x00008be8])

    Execution Region ER_IROM1 (Exec base: 0x08000000, Load base: 0x08000000, Size: 0x00008b3c, Max: 0x00080000, ABSOLUTE)

    Exec Addr    Load Addr    Size         Type   Attr      Idx    E Section Name        Object

    0x08000000   0x08000000   0x00000298   Data   RO            3    RESET               startup_stm32h750xx.o
    0x08000298   0x08000298   0x00000008   Code   RO         5442  * !!!main             c_w.l(__main.o)
    0x080002a0   0x080002a0   0x00000034   Code   RO         5603    !!!scatter          c_w.l(__scatter.o)
    0x080002d4   0x080002d4   0x0000005a   Code   RO         5601    !!dczerorl2         c_w.l(__dczerorl2.o)
    0x0800032e   0x0800032e   0x00000002   PAD
    0x08000330   0x08000330   0x0000001c   Code   RO         5605    !!handler_zi        c_w.l(__scatter_zi.o)
    0x0800034c   0x0800034c   0x00000002   Code   RO         5471    .ARM.Collect$$libinit$$00000000  c_w.l(libinit.o)
    0x0800034e   0x0800034e   0x00000004   Code   RO         5477    .ARM.Collect$$libinit$$00000001  c_w.l(libinit2.o)
    0x08000352   0x08000352   0x00000000   Code   RO         5480    .ARM.Collect$$libinit$$00000004  c_w.l(libinit2.o)
    0x08000352   0x08000352   0x00000000   Code   RO         5483    .ARM.Collect$$libinit$$0000000A  c_w.l(libinit2.o)
    0x08000352   0x08000352   0x00000000   Code   RO         5485    .ARM.Collect$$libinit$$0000000C  c_w.l(libinit2.o)
    0x08000352   0x08000352   0x00000000   Code   RO         5487    .ARM.Collect$$libinit$$0000000E  c_w.l(libinit2.o)
    0x08000352   0x08000352   0x00000000   Code   RO         5490    .ARM.Collect$$libinit$$00000011  c_w.l(libinit2.o)
    0x08000352   0x08000352   0x00000000   Code   RO         5492    .ARM.Collect$$libinit$$00000013  c_w.l(libinit2.o)
    0x08000352   0x08000352   0x00000000   Code   RO         5494    .ARM.Collect$$libinit$$00000015  c_w.l(libinit2.o)
    0x08000352   0x08000352   0x00000000   Code   RO         5496    .ARM.Collect$$libinit$$00000017  c_w.l(libinit2.o)
    0x08000352   0x08000352   0x00000000   Code   RO         5498    .ARM.Collect$$libinit$$00000019  c_w.l(libinit2.o)
    0x08000352   0x08000352   0x00000000   Code   RO         5500    .ARM.Collect$$libinit$$0000001B  c_w.l(libinit2.o)
    0x08000352   0x08000352   0x00000000   Code   RO         5502    .ARM.Collect$$libinit$$0000001D  c_w.l(libinit2.o)
    0x08000352   0x08000352   0x00000000   Code   RO         5504    .ARM.Collect$$libinit$$0000001F  c_w.l(libinit2.o)
    0x08000352   0x08000352   0x00000000   Code   RO         5506    .ARM.Collect$$libinit$$00000021  c_w.l(libinit2.o)
    0x08000352   0x08000352   0x00000000   Code   RO         5508    .ARM.Collect$$libinit$$00000023  c_w.l(libinit2.o)
    0x08000352   0x08000352   0x00000000   Code   RO         5510    .ARM.Collect$$libinit$$00000025  c_w.l(libinit2.o)
    0x08000352   0x08000352   0x00000000   Code   RO         5514    .ARM.Collect$$libinit$$0000002C  c_w.l(libinit2.o)
    0x08000352   0x08000352   0x00000000   Code   RO         5516    .ARM.Collect$$libinit$$0000002E  c_w.l(libinit2.o)
    0x08000352   0x08000352   0x00000000   Code   RO         5518    .ARM.Collect$$libinit$$00000030  c_w.l(libinit2.o)
    0x08000352   0x08000352   0x00000000   Code   RO         5520    .ARM.Collect$$libinit$$00000032  c_w.l(libinit2.o)
    0x08000352   0x08000352   0x00000002   Code   RO         5521    .ARM.Collect$$libinit$$00000033  c_w.l(libinit2.o)
    0x08000354   0x08000354   0x00000002   Code   RO         5541    .ARM.Collect$$libshutdown$$00000000  c_w.l(libshutdown.o)
    0x08000356   0x08000356   0x00000000   Code   RO         5554    .ARM.Collect$$libshutdown$$00000002  c_w.l(libshutdown2.o)
    0x08000356   0x08000356   0x00000000   Code   RO         5556    .ARM.Collect$$libshutdown$$00000004  c_w.l(libshutdown2.o)
    0x08000356   0x08000356   0x00000000   Code   RO         5559    .ARM.Collect$$libshutdown$$00000007  c_w.l(libshutdown2.o)
    0x08000356   0x08000356   0x00000000   Code   RO         5562    .ARM.Collect$$libshutdown$$0000000A  c_w.l(libshutdown2.o)
    0x08000356   0x08000356   0x00000000   Code   RO         5564    .ARM.Collect$$libshutdown$$0000000C  c_w.l(libshutdown2.o)
    0x08000356   0x08000356   0x00000000   Code   RO         5567    .ARM.Collect$$libshutdown$$0000000F  c_w.l(libshutdown2.o)
    0x08000356   0x08000356   0x00000002   Code   RO         5568    .ARM.Collect$$libshutdown$$00000010  c_w.l(libshutdown2.o)
    0x08000358   0x08000358   0x00000000   Code   RO         5444    .ARM.Collect$$rtentry$$00000000  c_w.l(__rtentry.o)
    0x08000358   0x08000358   0x00000000   Code   RO         5448    .ARM.Collect$$rtentry$$00000002  c_w.l(__rtentry2.o)
    0x08000358   0x08000358   0x00000006   Code   RO         5460    .ARM.Collect$$rtentry$$00000004  c_w.l(__rtentry4.o)
    0x0800035e   0x0800035e   0x00000000   Code   RO         5450    .ARM.Collect$$rtentry$$00000009  c_w.l(__rtentry2.o)
    0x0800035e   0x0800035e   0x00000004   Code   RO         5451    .ARM.Collect$$rtentry$$0000000A  c_w.l(__rtentry2.o)
    0x08000362   0x08000362   0x00000000   Code   RO         5453    .ARM.Collect$$rtentry$$0000000C  c_w.l(__rtentry2.o)
    0x08000362   0x08000362   0x00000008   Code   RO         5454    .ARM.Collect$$rtentry$$0000000D  c_w.l(__rtentry2.o)
    0x0800036a   0x0800036a   0x00000002   Code   RO         5475    .ARM.Collect$$rtexit$$00000000  c_w.l(rtexit.o)
    0x0800036c   0x0800036c   0x00000000   Code   RO         5523    .ARM.Collect$$rtexit$$00000002  c_w.l(rtexit2.o)
    0x0800036c   0x0800036c   0x00000004   Code   RO         5524    .ARM.Collect$$rtexit$$00000003  c_w.l(rtexit2.o)
    0x08000370   0x08000370   0x00000006   Code   RO         5525    .ARM.Collect$$rtexit$$00000004  c_w.l(rtexit2.o)
    0x08000376   0x08000376   0x00000002   PAD
    0x08000378   0x08000378   0x00000040   Code   RO            4    .text               startup_stm32h750xx.o
    0x080003b8   0x080003b8   0x00000058   Code   RO         5428    .text               c_w.l(memcmp.o)
    0x08000410   0x08000410   0x00000048   Code   RO         5430    .text               c_w.l(strcpy.o)
    0x08000458   0x08000458   0x0000008a   Code   RO         5432    .text               c_w.l(rt_memcpy_v6.o)
    0x080004e2   0x080004e2   0x00000064   Code   RO         5434    .text               c_w.l(rt_memcpy_w.o)
    0x08000546   0x08000546   0x00000010   Code   RO         5436    .text               c_w.l(aeabi_memset.o)
    0x08000556   0x08000556   0x0000004e   Code   RO         5438    .text               c_w.l(rt_memclr_w.o)
    0x080005a4   0x080005a4   0x00000006   Code   RO         5440    .text               c_w.l(heapauxi.o)
    0x080005aa   0x080005aa   0x00000044   Code   RO         5445    .text               c_w.l(rt_memclr.o)
    0x080005ee   0x080005ee   0x0000004a   Code   RO         5462    .text               c_w.l(sys_stackheap_outer.o)
    0x08000638   0x08000638   0x00000012   Code   RO         5464    .text               c_w.l(exit.o)
    0x0800064a   0x0800064a   0x00000002   PAD
    0x0800064c   0x0800064c   0x00000008   Code   RO         5472    .text               c_w.l(libspace.o)
    0x08000654   0x08000654   0x0000000c   Code   RO         5533    .text               c_w.l(sys_exit.o)
    0x08000660   0x08000660   0x00000002   Code   RO         5544    .text               c_w.l(use_no_semi.o)
    0x08000662   0x08000662   0x00000000   Code   RO         5546    .text               c_w.l(indicate_semi.o)
    0x08000662   0x08000662   0x00000004   Code   RO          220    i.BusFault_Handler  stm32h7xx_it.o
    0x08000666   0x08000666   0x00000002   PAD
    0x08000668   0x08000668   0x00000030   Code   RO         5217    i.CHA_calibrate     ctr.o
    0x08000698   0x08000698   0x00000030   Code   RO         5218    i.CHA_couple        ctr.o
    0x080006c8   0x080006c8   0x0000002a   Code   RO         5277    i.CONFIG_Init       config.o
    0x080006f2   0x080006f2   0x00000002   Code   RO          221    i.DebugMon_Handler  stm32h7xx_it.o
    0x080006f4   0x080006f4   0x00000006   Code   RO           13    i.Error_Handler     main.o
    0x080006fa   0x080006fa   0x00000002   PAD
    0x080006fc   0x080006fc   0x00000114   Code   RO         5049    i.Flash_AutoWriteSector  flash.o
    0x08000810   0x08000810   0x00000104   Code   RO         5050    i.Flash_CmpData     flash.o
    0x08000914   0x08000914   0x00000070   Code   RO         5052    i.Flash_EraseSector  flash.o
    0x08000984   0x08000984   0x0000004c   Code   RO         5053    i.Flash_Init        flash.o
    0x080009d0   0x080009d0   0x00000028   Code   RO         5054    i.Flash_NeedErase   flash.o
    0x080009f8   0x080009f8   0x00000220   Code   RO         5055    i.Flash_PageWrite   flash.o
    0x08000c18   0x08000c18   0x000000cc   Code   RO         5056    i.Flash_ReadBuffer  flash.o
    0x08000ce4   0x08000ce4   0x0000004c   Code   RO         5057    i.Flash_ReadID      flash.o
    0x08000d30   0x08000d30   0x000000ec   Code   RO         5058    i.Flash_ReadInfo    flash.o
    0x08000e1c   0x08000e1c   0x00000034   Code   RO         5059    i.Flash_SetCS       flash.o
    0x08000e50   0x08000e50   0x00000060   Code   RO         5060    i.Flash_WaitForWriteEnd  flash.o
    0x08000eb0   0x08000eb0   0x00000154   Code   RO         5061    i.Flash_WriteBuffer  flash.o
    0x08001004   0x08001004   0x00000034   Code   RO         5062    i.Flash_WriteEnable  flash.o
    0x08001038   0x08001038   0x000000b8   Code   RO         4655    i.GPIO_DevInit      gpio.o
    0x080010f0   0x080010f0   0x0000014c   Code   RO         5152    i.GUI_drawBtn       gui.o
    0x0800123c   0x0800123c   0x00000134   Code   RO         5153    i.GUI_drawLabel     gui.o
    0x08001370   0x08001370   0x00000028   Code   RO         2178    i.HAL_Delay         stm32h7xx_hal.o
    0x08001398   0x08001398   0x00000208   Code   RO         1317    i.HAL_GPIO_Init     stm32h7xx_hal_gpio.o
    0x080015a0   0x080015a0   0x0000000c   Code   RO         1321    i.HAL_GPIO_WritePin  stm32h7xx_hal_gpio.o
    0x080015ac   0x080015ac   0x0000000c   Code   RO         2189    i.HAL_GetREVID      stm32h7xx_hal.o
    0x080015b8   0x080015b8   0x0000000c   Code   RO         2190    i.HAL_GetTick       stm32h7xx_hal.o
    0x080015c4   0x080015c4   0x00000018   Code   RO         2196    i.HAL_IncTick       stm32h7xx_hal.o
    0x080015dc   0x080015dc   0x00000060   Code   RO         2197    i.HAL_Init          stm32h7xx_hal.o
    0x0800163c   0x0800163c   0x00000058   Code   RO         2198    i.HAL_InitTick      stm32h7xx_hal.o
    0x08001694   0x08001694   0x000000b0   Code   RO          489    i.HAL_LTDC_ConfigCLUT  stm32h7xx_hal_ltdc.o
    0x08001744   0x08001744   0x0000005e   Code   RO          492    i.HAL_LTDC_ConfigLayer  stm32h7xx_hal_ltdc.o
    0x080017a2   0x080017a2   0x0000004c   Code   RO          500    i.HAL_LTDC_EnableCLUT  stm32h7xx_hal_ltdc.o
    0x080017ee   0x080017ee   0x00000002   PAD
    0x080017f0   0x080017f0   0x00000118   Code   RO          509    i.HAL_LTDC_Init     stm32h7xx_hal_ltdc.o
    0x08001908   0x08001908   0x000001b4   Code   RO          290    i.HAL_LTDC_MspInit  stm32h7xx_hal_msp.o
    0x08001abc   0x08001abc   0x00000024   Code   RO          291    i.HAL_MspInit       stm32h7xx_hal_msp.o
    0x08001ae0   0x08001ae0   0x0000007a   Code   RO          355    i.HAL_NVIC_SetPriority  stm32h7xx_hal_cortex.o
    0x08001b5a   0x08001b5a   0x00000002   PAD
    0x08001b5c   0x08001b5c   0x00000028   Code   RO          356    i.HAL_NVIC_SetPriorityGrouping  stm32h7xx_hal_cortex.o
    0x08001b84   0x08001b84   0x00000060   Code   RO         1918    i.HAL_PWREx_ConfigSupply  stm32h7xx_hal_pwr_ex.o
    0x08001be4   0x08001be4   0x00000b64   Code   RO          889    i.HAL_RCCEx_PeriphCLKConfig  stm32h7xx_hal_rcc_ex.o
    0x08002748   0x08002748   0x00000320   Code   RO          765    i.HAL_RCC_ClockConfig  stm32h7xx_hal_rcc.o
    0x08002a68   0x08002a68   0x0000022c   Code   RO          774    i.HAL_RCC_GetSysClockFreq  stm32h7xx_hal_rcc.o
    0x08002c94   0x08002c94   0x000007e4   Code   RO          777    i.HAL_RCC_OscConfig  stm32h7xx_hal_rcc.o
    0x08003478   0x08003478   0x00000038   Code   RO         4304    i.HAL_SPI_DeInit    stm32h7xx_hal_spi.o
    0x080034b0   0x080034b0   0x0000017c   Code   RO         4309    i.HAL_SPI_Init      stm32h7xx_hal_spi.o
    0x0800362c   0x0800362c   0x00000002   Code   RO         4310    i.HAL_SPI_MspDeInit  stm32h7xx_hal_spi.o
    0x0800362e   0x0800362e   0x00000002   PAD
    0x08003630   0x08003630   0x000000c4   Code   RO         4737    i.HAL_SPI_MspInit   spi.o
    0x080036f4   0x080036f4   0x00000400   Code   RO         4318    i.HAL_SPI_TransmitReceive  stm32h7xx_hal_spi.o
    0x08003af4   0x08003af4   0x00000034   Code   RO          360    i.HAL_SYSTICK_Config  stm32h7xx_hal_cortex.o
    0x08003b28   0x08003b28   0x000000c0   Code   RO         3820    i.HAL_TIMEx_MasterConfigSynchronization  stm32h7xx_hal_tim_ex.o
    0x08003be8   0x08003be8   0x0000006e   Code   RO         3073    i.HAL_TIM_Base_Init  stm32h7xx_hal_tim.o
    0x08003c56   0x08003c56   0x00000002   PAD
    0x08003c58   0x08003c58   0x00000054   Code   RO          293    i.HAL_TIM_Base_MspInit  stm32h7xx_hal_msp.o
    0x08003cac   0x08003cac   0x00000130   Code   RO         3082    i.HAL_TIM_ConfigClockSource  stm32h7xx_hal_tim.o
    0x08003ddc   0x08003ddc   0x000000a0   Code   RO          294    i.HAL_TIM_MspPostInit  stm32h7xx_hal_msp.o
    0x08003e7c   0x08003e7c   0x00000168   Code   RO         3145    i.HAL_TIM_PWM_ConfigChannel  stm32h7xx_hal_tim.o
    0x08003fe4   0x08003fe4   0x0000006e   Code   RO         3148    i.HAL_TIM_PWM_Init  stm32h7xx_hal_tim.o
    0x08004052   0x08004052   0x00000002   Code   RO         3150    i.HAL_TIM_PWM_MspInit  stm32h7xx_hal_tim.o
    0x08004054   0x08004054   0x0000015c   Code   RO         3153    i.HAL_TIM_PWM_Start  stm32h7xx_hal_tim.o
    0x080041b0   0x080041b0   0x00000004   Code   RO          222    i.HardFault_Handler  stm32h7xx_it.o
    0x080041b4   0x080041b4   0x00000210   Code   RO          528    i.LTDC_SetConfig    stm32h7xx_hal_ltdc.o
    0x080043c4   0x080043c4   0x0000003c   Code   RO         4926    i.Lcd_Init          lcd.o
    0x08004400   0x08004400   0x000000e4   Code   RO         4627    i.MX_LTDC_Init      ltdc.o
    0x080044e4   0x080044e4   0x00000004   Code   RO          223    i.MemManage_Handler  stm32h7xx_it.o
    0x080044e8   0x080044e8   0x00000004   Code   RO          224    i.NMI_Handler       stm32h7xx_it.o
    0x080044ec   0x080044ec   0x00000002   Code   RO          225    i.PendSV_Handler    stm32h7xx_it.o
    0x080044ee   0x080044ee   0x00000002   PAD
    0x080044f0   0x080044f0   0x00000164   Code   RO          892    i.RCCEx_PLL2_Config  stm32h7xx_hal_rcc_ex.o
    0x08004654   0x08004654   0x00000164   Code   RO          893    i.RCCEx_PLL3_Config  stm32h7xx_hal_rcc_ex.o
    0x080047b8   0x080047b8   0x0000000c   Code   RO         4740    i.SPIBusEnter       spi.o
    0x080047c4   0x080047c4   0x0000000c   Code   RO         4741    i.SPIBusExit        spi.o
    0x080047d0   0x080047d0   0x0000001c   Code   RO         4742    i.SPI_BusInit       spi.o
    0x080047ec   0x080047ec   0x000000d6   Code   RO         4328    i.SPI_CloseTransfer  stm32h7xx_hal_spi.o
    0x080048c2   0x080048c2   0x0000001a   Code   RO         4339    i.SPI_GetPacketSize  stm32h7xx_hal_spi.o
    0x080048dc   0x080048dc   0x0000009c   Code   RO         4743    i.SPI_Init          spi.o
    0x08004978   0x08004978   0x00000040   Code   RO         4346    i.SPI_WaitOnFlagUntilTimeout  stm32h7xx_hal_spi.o
    0x080049b8   0x080049b8   0x00000002   Code   RO          226    i.SVC_Handler       stm32h7xx_it.o
    0x080049ba   0x080049ba   0x00000002   PAD
    0x080049bc   0x080049bc   0x0000001c   Code   RO         4815    i.SysTick_Handler   systick.o
    0x080049d8   0x080049d8   0x00000084   Code   RO         4816    i.SysTick_ISR       systick.o
    0x08004a5c   0x08004a5c   0x000000e4   Code   RO           14    i.SystemClock_Config  main.o
    0x08004b40   0x08004b40   0x00000104   Code   RO         4591    i.SystemInit        system_stm32h7xx.o
    0x08004c44   0x08004c44   0x0000001c   Code   RO         4819    i.Systick_CounterDec  systick.o
    0x08004c60   0x08004c60   0x000000a4   Code   RO         4821    i.Systick_Init      systick.o
    0x08004d04   0x08004d04   0x000000cc   Code   RO         3166    i.TIM_Base_SetConfig  stm32h7xx_hal_tim.o
    0x08004dd0   0x08004dd0   0x00000022   Code   RO         3167    i.TIM_CCxChannelCmd  stm32h7xx_hal_tim.o
    0x08004df2   0x08004df2   0x00000016   Code   RO         3177    i.TIM_ETR_SetConfig  stm32h7xx_hal_tim.o
    0x08004e08   0x08004e08   0x00000018   Code   RO         3178    i.TIM_ITRx_SetConfig  stm32h7xx_hal_tim.o
    0x08004e20   0x08004e20   0x000000b0   Code   RO         4684    i.TIM_LcdBright_Init  tim.o
    0x08004ed0   0x08004ed0   0x000000ac   Code   RO         3179    i.TIM_OC1_SetConfig  stm32h7xx_hal_tim.o
    0x08004f7c   0x08004f7c   0x000000b4   Code   RO         3180    i.TIM_OC2_SetConfig  stm32h7xx_hal_tim.o
    0x08005030   0x08005030   0x000000b0   Code   RO         3181    i.TIM_OC3_SetConfig  stm32h7xx_hal_tim.o
    0x080050e0   0x080050e0   0x00000070   Code   RO         3182    i.TIM_OC4_SetConfig  stm32h7xx_hal_tim.o
    0x08005150   0x08005150   0x0000006c   Code   RO         3183    i.TIM_OC5_SetConfig  stm32h7xx_hal_tim.o
    0x080051bc   0x080051bc   0x0000006c   Code   RO         3184    i.TIM_OC6_SetConfig  stm32h7xx_hal_tim.o
    0x08005228   0x08005228   0x00000026   Code   RO         3186    i.TIM_TI1_ConfigInputStage  stm32h7xx_hal_tim.o
    0x0800524e   0x0800524e   0x00000028   Code   RO         3188    i.TIM_TI2_ConfigInputStage  stm32h7xx_hal_tim.o
    0x08005276   0x08005276   0x00000004   Code   RO          227    i.UsageFault_Handler  stm32h7xx_it.o
    0x0800527a   0x0800527a   0x00000002   PAD
    0x0800527c   0x0800527c   0x00000010   Code   RO          362    i.__NVIC_GetPriorityGrouping  stm32h7xx_hal_cortex.o
    0x0800528c   0x0800528c   0x00000028   Code   RO          363    i.__NVIC_SetPriority  stm32h7xx_hal_cortex.o
    0x080052b4   0x080052b4   0x00000010   Code   RO         5219    i.analog_init       ctr.o
    0x080052c4   0x080052c4   0x00000040   Code   RO         4744    i.bsp_spiTransfer   spi.o
    0x08005304   0x08005304   0x000000a8   Code   RO         4927    i.clearLcd          lcd.o
    0x080053ac   0x080053ac   0x000001ec   Code   RO         4928    i.dispStrEx         lcd.o
    0x08005598   0x08005598   0x000000ac   Code   RO         5154    i.drawBottomLine    gui.o
    0x08005644   0x08005644   0x0000002e   Code   RO         4930    i.drawHLine         lcd.o
    0x08005672   0x08005672   0x00000002   PAD
    0x08005674   0x08005674   0x00000174   Code   RO         5155    i.drawMenu          gui.o
    0x080057e8   0x080057e8   0x00000056   Code   RO         4933    i.drawRect          lcd.o
    0x0800583e   0x0800583e   0x0000002e   Code   RO         4934    i.drawVLine         lcd.o
    0x0800586c   0x0800586c   0x00000058   Code   RO         5156    i.drawWelcomeWin    gui.o
    0x080058c4   0x080058c4   0x000001a8   Code   RO         4935    i.fill_By_DMA2D     lcd.o
    0x08005a6c   0x08005a6c   0x00000042   Code   RO         4936    i.getFontHeight     lcd.o
    0x08005aae   0x08005aae   0x00000042   Code   RO         4937    i.getFontWidth      lcd.o
    0x08005af0   0x08005af0   0x000000c0   Code   RO         4938    i.getStrWidth       lcd.o
    0x08005bb0   0x08005bb0   0x00000010   Code   RO           15    i.main              main.o
    0x08005bc0   0x08005bc0   0x00000002   Code   RO         5393    i.myOS_10ms_Func    myos.o
    0x08005bc2   0x08005bc2   0x00000002   Code   RO         5394    i.myOS_1ms_Func     myos.o
    0x08005bc4   0x08005bc4   0x0000001c   Code   RO         5395    i.myOs_DevInit      myos.o
    0x08005be0   0x08005be0   0x000000c4   Code   RO         4939    i.readAsciiDot      lcd.o
    0x08005ca4   0x08005ca4   0x000000c0   Code   RO         4940    i.readHZDot         lcd.o
    0x08005d64   0x08005d64   0x0000000c   Code   RO         4941    i.setLcdDirection   lcd.o
    0x08005d70   0x08005d70   0x0000007c   Code   RO         4942    i.setPixel          lcd.o
    0x08005dec   0x08005dec   0x000000d0   Code   RO         5158    i.test01            gui.o
    0x08005ebc   0x08005ebc   0x0000000a   Code   RO         5531    x$fpl$fpinit        fz_wv.l(fpinit.o)
    0x08005ec6   0x08005ec6   0x00000010   Data   RO         4592    .constdata          system_stm32h7xx.o
    0x08005ed6   0x08005ed6   0x00000002   PAD
    0x08005ed8   0x08005ed8   0x00000400   Data   RO         4944    .constdata          lcd.o
    0x080062d8   0x080062d8   0x000005f4   Data   RO         5298    .constdata          asc12.o
    0x080068cc   0x080068cc   0x00001000   Data   RO         5306    .constdata          asc16.o
    0x080078cc   0x080078cc   0x00000c73   Data   RO         5314    .constdata          asc24.o
    0x0800853f   0x0800853f   0x0000028c   Data   RO         5322    .constdata          asc32.o
    0x080087cb   0x080087cb   0x00000002   Data   RO         5330    .constdata          hz12.o
    0x080087cd   0x080087cd   0x00000002   Data   RO         5343    .constdata          hz16.o
    0x080087cf   0x080087cf   0x000001be   Data   RO         5356    .constdata          hz24.o
    0x0800898d   0x0800898d   0x00000002   Data   RO         5369    .constdata          hz32.o
    0x0800898f   0x0800898f   0x00000180   Data   RO         5382    .constdata          ra8875_asc_width.o
    0x08008b0f   0x08008b0f   0x00000001   PAD
    0x08008b10   0x08008b10   0x0000000a   Data   RO         5159    .conststring        gui.o
    0x08008b1a   0x08008b1a   0x00000002   PAD
    0x08008b1c   0x08008b1c   0x00000020   Data   RO         5599    Region$$Table       anon$$obj.o


    Execution Region RW_IRAM1 (Exec base: 0x20000000, Load base: 0x08008b3c, Size: 0x00003c30, Max: 0x00020000, ABSOLUTE, COMPRESSED[0x000000ac])

    Exec Addr    Load Addr    Size         Type   Attr      Idx    E Section Name        Object

    0x20000000   COMPRESSED   0x00000009   Data   RW         2219    .data               stm32h7xx_hal.o
    0x20000009   COMPRESSED   0x00000003   PAD
    0x2000000c   COMPRESSED   0x00000008   Data   RW         4593    .data               system_stm32h7xx.o
    0x20000014   COMPRESSED   0x00000018   Data   RW         4746    .data               spi.o
    0x2000002c   COMPRESSED   0x0000000e   Data   RW         4830    .data               systick.o
    0x2000003a   COMPRESSED   0x00000002   PAD
    0x2000003c   COMPRESSED   0x00000020   Data   RW         4945    .data               lcd.o
    0x2000005c   COMPRESSED   0x0000026e   Data   RW         5160    .data               gui.o
    0x200002ca   COMPRESSED   0x00000002   PAD
    0x200002cc        -       0x000000a8   Zero   RW         4628    .bss                ltdc.o
    0x20000374        -       0x00000098   Zero   RW         4685    .bss                tim.o
    0x2000040c        -       0x00002178   Zero   RW         4745    .bss                spi.o
    0x20002584        -       0x00000030   Zero   RW         4829    .bss                systick.o
    0x200025b4        -       0x0000101c   Zero   RW         5063    .bss                flash.o
    0x200035d0        -       0x00000060   Zero   RW         5473    .bss                c_w.l(libspace.o)
    0x20003630        -       0x00000200   Zero   RW            2    HEAP                startup_stm32h750xx.o
    0x20003830        -       0x00000400   Zero   RW            1    STACK               startup_stm32h750xx.o



  Load Region LR$$.ARM.__AT_0x24000000 (Base: 0x24000000, Size: 0x00000000, Max: 0x0005dc00, ABSOLUTE)

    Execution Region ER$$.ARM.__AT_0x24000000 (Exec base: 0x24000000, Load base: 0x24000000, Size: 0x0005dc00, Max: 0x0005dc00, ABSOLUTE, UNINIT)

    Exec Addr    Load Addr    Size         Type   Attr      Idx    E Section Name        Object

    0x24000000        -       0x0005dc00   Zero   RW         4943    .ARM.__AT_0x24000000  lcd.o


==============================================================================

Image component sizes


      Code (inc. data)   RO Data    RW Data    ZI Data      Debug   Object Name

         0          0       1524          0          0        576   asc12.o
         0          0       4096          0          0        576   asc16.o
         0          0       3187          0          0        576   asc24.o
         0          0        652          0          0        576   asc32.o
        42          0          0          0          0        518   config.o
       112         12          0          0          0       1523   ctr.o
      2364        198          0          0       4124      11008   flash.o
       184         10          0          0          0       1067   gpio.o
      1480         66         10        622          0       5180   gui.o
         0          0          2          0          0        605   hz12.o
         0          0          2          0          0        605   hz16.o
         0          0        446          0          0        605   hz24.o
         0          0          2          0          0        605   hz32.o
      2170         82       1024         32     384000      11476   lcd.o
       228         18          0          0        168        871   ltdc.o
       250         12          0          0          0    1282839   main.o
        32          0          0          0          0       1356   myos.o
         0          0        384          0          0        850   ra8875_asc_width.o
       468         68          0         24       8568       4303   spi.o
        64         26        664          0       1536        844   startup_stm32h750xx.o
       272         52          0          9          0      23424   stm32h7xx_hal.o
       270         22          0          0          0      39350   stm32h7xx_hal_cortex.o
       532         52          0          0          0       2472   stm32h7xx_hal_gpio.o
      1154          6          0          0          0       4675   stm32h7xx_hal_ltdc.o
       716         58          0          0          0       3402   stm32h7xx_hal_msp.o
        96          6          0          0          0        777   stm32h7xx_hal_pwr_ex.o
      3376         72          0          0          0       5160   stm32h7xx_hal_rcc.o
      3628         52          0          0          0       4620   stm32h7xx_hal_rcc_ex.o
      1766         14          0          0          0       6842   stm32h7xx_hal_spi.o
      2452        228          0          0          0      14126   stm32h7xx_hal_tim.o
       192         26          0          0          0       1484   stm32h7xx_hal_tim_ex.o
        26          0          0          0          0       3744   stm32h7xx_it.o
       260         40         16          8          0       1446   system_stm32h7xx.o
       352         50          0         14         48      38820   systick.o
       176         10          0          0        152        987   tim.o

    ----------------------------------------------------------------------
     22682       1180      12046        716     398596    1477888   Object Totals
         0          0         32          0          0          0   (incl. Generated)
        20          0          5          7          0          0   (incl. Padding)

    ----------------------------------------------------------------------

      Code (inc. data)   RO Data    RW Data    ZI Data      Debug   Library Member Name

        90          0          0          0          0          0   __dczerorl2.o
         8          0          0          0          0         68   __main.o
         0          0          0          0          0          0   __rtentry.o
        12          0          0          0          0          0   __rtentry2.o
         6          0          0          0          0          0   __rtentry4.o
        52          8          0          0          0          0   __scatter.o
        28          0          0          0          0          0   __scatter_zi.o
        16          0          0          0          0         68   aeabi_memset.o
        18          0          0          0          0         80   exit.o
         6          0          0          0          0        152   heapauxi.o
         0          0          0          0          0          0   indicate_semi.o
         2          0          0          0          0          0   libinit.o
         6          0          0          0          0          0   libinit2.o
         2          0          0          0          0          0   libshutdown.o
         2          0          0          0          0          0   libshutdown2.o
         8          4          0          0         96         68   libspace.o
        88          0          0          0          0         76   memcmp.o
        68          0          0          0          0         68   rt_memclr.o
        78          0          0          0          0         80   rt_memclr_w.o
       138          0          0          0          0         68   rt_memcpy_v6.o
       100          0          0          0          0         80   rt_memcpy_w.o
         2          0          0          0          0          0   rtexit.o
        10          0          0          0          0          0   rtexit2.o
        72          0          0          0          0         80   strcpy.o
        12          4          0          0          0         68   sys_exit.o
        74          0          0          0          0         80   sys_stackheap_outer.o
         2          0          0          0          0         68   use_no_semi.o
        10          0          0          0          0        116   fpinit.o

    ----------------------------------------------------------------------
       916         16          0          0         96       1220   Library Totals
         6          0          0          0          0          0   (incl. Padding)

    ----------------------------------------------------------------------

      Code (inc. data)   RO Data    RW Data    ZI Data      Debug   Library Name

       900         16          0          0         96       1104   c_w.l
        10          0          0          0          0        116   fz_wv.l

    ----------------------------------------------------------------------
       916         16          0          0         96       1220   Library Totals

    ----------------------------------------------------------------------

==============================================================================


      Code (inc. data)   RO Data    RW Data    ZI Data      Debug   

     23598       1196      12046        716     398692    1467388   Grand Totals
     23598       1196      12046        172     398692    1467388   ELF Image Totals (compressed)
     23598       1196      12046        172          0          0   ROM Totals

==============================================================================

    Total RO  Size (Code + RO Data)                35644 (  34.81kB)
    Total RW  Size (RW Data + ZI Data)            399408 ( 390.05kB)
    Total ROM Size (Code + RO Data + RW Data)      35816 (  34.98kB)

==============================================================================

